Archive member included to satisfy reference by file (symbol)

/home/cerino/Uni/IOT/IotAssignment1/RIOTiotlab/bin/iotlab-a8-m3/core/sched.o
                              /home/cerino/Uni/IOT/IotAssignment1/RIOTiotlab/bin/iotlab-a8-m3/newlib_syscalls_default/syscalls.o (sched_active_pid)
/home/cerino/Uni/IOT/IotAssignment1/RIOTiotlab/bin/iotlab-a8-m3/cortexm_common/thread_arch.o
                              /home/cerino/Uni/IOT/IotAssignment1/RIOTiotlab/bin/iotlab-a8-m3/core/sched.o (cpu_switch_context_exit)
/home/cerino/Uni/IOT/IotAssignment1/RIOTiotlab/bin/iotlab-a8-m3/cortexm_common/vectors_cortexm.o
                              /home/cerino/Uni/IOT/IotAssignment1/RIOTiotlab/bin/iotlab-a8-m3/cpu/vectors.o (dummy_handler_default)
/home/cerino/Uni/IOT/IotAssignment1/RIOTiotlab/bin/iotlab-a8-m3/cortexm_common/irq_arch.o
                              /home/cerino/Uni/IOT/IotAssignment1/RIOTiotlab/bin/iotlab-a8-m3/newlib_syscalls_default/syscalls.o (irq_disable)
/home/cerino/Uni/IOT/IotAssignment1/RIOTiotlab/bin/iotlab-a8-m3/stdio_uart/stdio_uart.o
                              /home/cerino/Uni/IOT/IotAssignment1/RIOTiotlab/bin/iotlab-a8-m3/newlib_syscalls_default/syscalls.o (stdio_read)
/home/cerino/Uni/IOT/IotAssignment1/RIOTiotlab/bin/iotlab-a8-m3/stm32_common_periph/uart.o
                              /home/cerino/Uni/IOT/IotAssignment1/RIOTiotlab/bin/iotlab-a8-m3/stdio_uart/stdio_uart.o (uart_init)
/home/cerino/Uni/IOT/IotAssignment1/RIOTiotlab/bin/iotlab-a8-m3/stm32_common_periph/pm.o
                              /home/cerino/Uni/IOT/IotAssignment1/RIOTiotlab/bin/iotlab-a8-m3/newlib_syscalls_default/syscalls.o (pm_off)
/home/cerino/Uni/IOT/IotAssignment1/RIOTiotlab/bin/iotlab-a8-m3/boards_common_iotlab/board_init.o
                              /home/cerino/Uni/IOT/IotAssignment1/RIOTiotlab/bin/iotlab-a8-m3/cortexm_common/vectors_cortexm.o (board_init)
/home/cerino/Uni/IOT/IotAssignment1/RIOTiotlab/bin/iotlab-a8-m3/core/init.o
                              /home/cerino/Uni/IOT/IotAssignment1/RIOTiotlab/bin/iotlab-a8-m3/cortexm_common/vectors_cortexm.o (kernel_init)
/home/cerino/Uni/IOT/IotAssignment1/RIOTiotlab/bin/iotlab-a8-m3/core/panic.o
                              /home/cerino/Uni/IOT/IotAssignment1/RIOTiotlab/bin/iotlab-a8-m3/cortexm_common/vectors_cortexm.o (core_panic)
/home/cerino/Uni/IOT/IotAssignment1/RIOTiotlab/bin/iotlab-a8-m3/core/thread.o
                              /home/cerino/Uni/IOT/IotAssignment1/RIOTiotlab/bin/iotlab-a8-m3/core/init.o (thread_create)
/home/cerino/Uni/IOT/IotAssignment1/RIOTiotlab/bin/iotlab-a8-m3/cortexm_common_periph/pm.o
                              /home/cerino/Uni/IOT/IotAssignment1/RIOTiotlab/bin/iotlab-a8-m3/core/panic.o (pm_reboot)
/home/cerino/Uni/IOT/IotAssignment1/RIOTiotlab/bin/iotlab-a8-m3/isrpipe/isrpipe.o
                              /home/cerino/Uni/IOT/IotAssignment1/RIOTiotlab/bin/iotlab-a8-m3/stdio_uart/stdio_uart.o (isrpipe_write_one)
/home/cerino/Uni/IOT/IotAssignment1/RIOTiotlab/bin/iotlab-a8-m3/periph/gpio.o
                              /home/cerino/Uni/IOT/IotAssignment1/RIOTiotlab/bin/iotlab-a8-m3/stm32_common_periph/uart.o (gpio_init)
/home/cerino/Uni/IOT/IotAssignment1/RIOTiotlab/bin/iotlab-a8-m3/pm_layered/pm.o
                              /home/cerino/Uni/IOT/IotAssignment1/RIOTiotlab/bin/iotlab-a8-m3/core/init.o (pm_set_lowest)
/home/cerino/Uni/IOT/IotAssignment1/RIOTiotlab/bin/iotlab-a8-m3/stm32_common/stmclk.o
                              /home/cerino/Uni/IOT/IotAssignment1/RIOTiotlab/bin/iotlab-a8-m3/stm32_common_periph/pm.o (stmclk_init_sysclk)
/home/cerino/Uni/IOT/IotAssignment1/RIOTiotlab/bin/iotlab-a8-m3/stm32_common/stmclk_common.o
                              /home/cerino/Uni/IOT/IotAssignment1/RIOTiotlab/bin/iotlab-a8-m3/stm32_common/stmclk.o (stmclk_enable_hsi)
/home/cerino/Uni/IOT/IotAssignment1/RIOTiotlab/bin/iotlab-a8-m3/stm32_common/cpu_init.o
                              /home/cerino/Uni/IOT/IotAssignment1/RIOTiotlab/bin/iotlab-a8-m3/boards_common_iotlab/board_init.o (cpu_init)
/home/cerino/Uni/IOT/IotAssignment1/RIOTiotlab/bin/iotlab-a8-m3/stm32_common/cpu_common.o
                              /home/cerino/Uni/IOT/IotAssignment1/RIOTiotlab/bin/iotlab-a8-m3/stm32_common_periph/uart.o (periph_apb_clk)
/home/cerino/Uni/IOT/IotAssignment1/RIOTiotlab/bin/iotlab-a8-m3/tsrb/tsrb.o
                              /home/cerino/Uni/IOT/IotAssignment1/RIOTiotlab/bin/iotlab-a8-m3/isrpipe/isrpipe.o (tsrb_get)
/home/cerino/Uni/IOT/IotAssignment1/RIOTiotlab/bin/iotlab-a8-m3/periph_common/init.o
                              /home/cerino/Uni/IOT/IotAssignment1/RIOTiotlab/bin/iotlab-a8-m3/stm32_common/cpu_init.o (periph_init)
/home/cerino/Uni/IOT/IotAssignment1/RIOTiotlab/bin/iotlab-a8-m3/application_shell/main.o
                              /home/cerino/Uni/IOT/IotAssignment1/RIOTiotlab/bin/iotlab-a8-m3/core/init.o (main)
/home/cerino/Uni/IOT/IotAssignment1/RIOTiotlab/bin/iotlab-a8-m3/auto_init/auto_init.o
[...]
Memory Configuration

Name             Origin             Length             Attributes
ccmram           0x0000000010000000 0x0000000000000000
rom              0x0000000008000000 0x0000000000080000 xr
ram              0x0000000020000000 0x0000000000010000 w !xr
bkup-ram         0x0000000000000000 0x0000000000000000 w !xr
*default*        0x0000000000000000 0xffffffffffffffff

Linker script and memory map

LOAD /home/cerino/Uni/IOT/IotAssignment1/RIOTiotlab/bin/iotlab-a8-m3/cpu/vectors.o
LOAD /home/cerino/Uni/IOT/IotAssignment1/RIOTiotlab/bin/iotlab-a8-m3/newlib_syscalls_default/syscalls.o
START GROUP
LOAD /home/cerino/Uni/IOT/IotAssignment1/RIOTiotlab/bin/iotlab-a8-m3/application_shell.a
LOAD /home/cerino/Uni/IOT/IotAssignment1/RIOTiotlab/bin/iotlab-a8-m3/auto_init.a
LOAD /home/cerino/Uni/IOT/IotAssignment1/RIOTiotlab/bin/iotlab-a8-m3/board.a
LOAD /home/cerino/Uni/IOT/IotAssignment1/RIOTiotlab/bin/iotlab-a8-m3/boards_common_iotlab.a
LOAD /home/cerino/Uni/IOT/IotAssignment1/RIOTiotlab/bin/iotlab-a8-m3/core.a
LOAD /home/cerino/Uni/IOT/IotAssignment1/RIOTiotlab/bin/iotlab-a8-m3/cortexm_common.a
LOAD /home/cerino/Uni/IOT/IotAssignment1/RIOTiotlab/bin/iotlab-a8-m3/cortexm_common_periph.a
LOAD /home/cerino/Uni/IOT/IotAssignment1/RIOTiotlab/bin/iotlab-a8-m3/cpu.a
LOAD /home/cerino/Uni/IOT/IotAssignment1/RIOTiotlab/bin/iotlab-a8-m3/hts221.a
LOAD /home/cerino/Uni/IOT/IotAssignment1/RIOTiotlab/bin/iotlab-a8-m3/isrpipe.a
LOAD /home/cerino/Uni/IOT/IotAssignment1/RIOTiotlab/bin/iotlab-a8-m3/newlib_syscalls_default.a
LOAD /home/cerino/Uni/IOT/IotAssignment1/RIOTiotlab/bin/iotlab-a8-m3/periph.a
LOAD /home/cerino/Uni/IOT/IotAssignment1/RIOTiotlab/bin/iotlab-a8-m3/pm_layered.a
LOAD /home/cerino/Uni/IOT/IotAssignment1/RIOTiotlab/bin/iotlab-a8-m3/ps.a
LOAD /home/cerino/Uni/IOT/IotAssignment1/RIOTiotlab/bin/iotlab-a8-m3/shell.a
LOAD /home/cerino/Uni/IOT/IotAssignment1/RIOTiotlab/bin/iotlab-a8-m3/shell_commands.a
LOAD /home/cerino/Uni/IOT/IotAssignment1/RIOTiotlab/bin/iotlab-a8-m3/stdio_uart.a
LOAD /home/cerino/Uni/IOT/IotAssignment1/RIOTiotlab/bin/iotlab-a8-m3/stm32_common.a
LOAD /home/cerino/Uni/IOT/IotAssignment1/RIOTiotlab/bin/iotlab-a8-m3/stm32_common_periph.a
LOAD /home/cerino/Uni/IOT/IotAssignment1/RIOTiotlab/bin/iotlab-a8-m3/sys.a
LOAD /home/cerino/Uni/IOT/IotAssignment1/RIOTiotlab/bin/iotlab-a8-m3/tsrb.a
LOAD /home/cerino/Uni/IOT/IotAssignment1/RIOTiotlab/bin/iotlab-a8-m3/periph_common.a
LOAD /opt/gcc-arm-none-eabi-8-2019-q3-update/bin/../lib/gcc/arm-none-eabi/8.3.1/../../../../arm-none-eabi/lib/thumb/v7-m/nofp/libm.a
END GROUP
LOAD /opt/gcc-arm-none-eabi-8-2019-q3-update/bin/../lib/gcc/arm-none-eabi/8.3.1/thumb/v7-m/nofp/libgcc.a
                0x0000000008000000                _rom_start_addr = 0x8000000
                0x0000000020000000                _ram_start_addr = 0x20000000
                0x0000000000080000                _rom_length = 0x80000
                0x0000000000010000                _ram_length = 0x10000
LOAD /opt/gcc-arm-none-eabi-8-2019-q3-update/bin/../lib/gcc/arm-none-eabi/8.3.1/../../../../arm-none-eabi/lib/thumb/v7-m/nofp/libc_nano.a
START GROUP
LOAD /opt/gcc-arm-none-eabi-8-2019-q3-update/bin/../lib/gcc/arm-none-eabi/8.3.1/thumb/v7-m/nofp/libgcc.a
LOAD /opt/gcc-arm-none-eabi-8-2019-q3-update/bin/../lib/gcc/arm-none-eabi/8.3.1/../../../../arm-none-eabi/lib/thumb/v7-m/nofp/libg_nano.a
LOAD /opt/gcc-arm-none-eabi-8-2019-q3-update/bin/../lib/gcc/arm-none-eabi/8.3.1/../../../../arm-none-eabi/lib/thumb/v7-m/nofp/libc_nano.a
END GROUP
START GROUP
LOAD /opt/gcc-arm-none-eabi-8-2019-q3-update/bin/../lib/gcc/arm-none-eabi/8.3.1/thumb/v7-m/nofp/libgcc.a
LOAD /opt/gcc-arm-none-eabi-8-2019-q3-update/bin/../lib/gcc/arm-none-eabi/8.3.1/../../../../arm-none-eabi/lib/thumb/v7-m/nofp/libc_nano.a
END GROUP
                0x0000000000000000                ccmram_length = DEFINED (ccmram_len)?ccmram_len:0x0
                0x0000000000000000                _rom_offset = DEFINED (_rom_offset)?_rom_offset:0x0
                0x0000000000080000                _fw_rom_length = DEFINED (_fw_rom_length)?_fw_rom_length:(_rom_length - _rom_offset)
                0x0000000000000001                ASSERT ((_fw_rom_length <= (_rom_length - _rom_offset)), Specified firmware size does not fit in ROM)
                0x0000000000000000                _backup_ram_start_addr = DEFINED (_backup_ram_start_addr)?_backup_ram_start_addr:0x0
                0x0000000000000000                _backup_ram_len = DEFINED (_backup_ram_len)?_backup_ram_len:0x0

.text           0x0000000008000000     0x3274
                0x0000000008000000                . = ALIGN (0x4)
                0x0000000008000000                _sfixed = .
                0x0000000008000000                _isr_vectors = DEFINED (_isr_vectors)?_isr_vectors:.
 *(SORT_BY_NAME(.vectors*))
 .vectors.0     0x0000000008000000       0x40 /home/cerino/Uni/IOT/IotAssignment1/RIOTiotlab/bin/iotlab-a8-m3/cortexm_common/vectors_cortexm.o
                0x0000000008000000                cortex_vector_base
 .vectors.1     0x0000000008000040       0xf0 /home/cerino/Uni/IOT/IotAssignment1/RIOTiotlab/bin/iotlab-a8-m3/cpu/vectors.o
                0x0000000008000040                vector_cpu
 *(.text .text.* .gnu.linkonce.t.*)
 .text.dummy_handler
                0x0000000008000130        0x4 /home/cerino/Uni/IOT/IotAssignment1/RIOTiotlab/bin/iotlab-a8-m3/cpu/vectors.o
                0x0000000008000130                isr_pvd
                0x0000000008000130                isr_usb_lp_can1_rx0
                0x0000000008000130                isr_dma1_channel4
                0x0000000008000130                isr_exti
                0x0000000008000130                isr_tim7
                0x0000000008000130                isr_tim5
                0x0000000008000130                isr_i2c1_ev
                0x0000000008000130                isr_tim1_brk
                0x0000000008000130                isr_dma1_channel5
                0x0000000008000130                isr_tim4
                0x0000000008000130                isr_dma1_channel2
                0x0000000008000130                isr_adc3
                0x0000000008000130                isr_can1_sce
                0x0000000008000130                isr_dma1_channel7
                0x0000000008000130                isr_usb_hp_can1_tx
                0x0000000008000130                isr_tim1_up
                0x0000000008000130                isr_tim2
                0x0000000008000130                isr_sdio
                0x0000000008000130                isr_spi2
                0x0000000008000130                isr_tim1_trg_com
                0x0000000008000130                isr_dma1_channel1
                0x0000000008000130                dummy_handler
                0x0000000008000130                isr_adc1_2
                0x0000000008000130                isr_can1_rx1
                0x0000000008000130                isr_fsmc
                0x0000000008000130                isr_spi1
                0x0000000008000130                isr_tim6
                0x0000000008000130                isr_rcc
                0x0000000008000130                isr_flash
                0x0000000008000130                isr_uart5
                0x0000000008000130                isr_rtc
                0x0000000008000130                isr_tim1_cc
                0x0000000008000130                isr_usbwakeup
                0x0000000008000130                isr_dma2_channel1
                0x0000000008000130                isr_uart4
                0x0000000008000130                isr_tim8_brk
                0x0000000008000130                isr_i2c2_er
                0x0000000008000130                isr_dma2_channel4_5
                0x0000000008000130                isr_dma1_channel6
                0x0000000008000130                isr_spi3
                0x0000000008000130                isr_tim3
                0x0000000008000130                isr_tim8_up
                0x0000000008000130                isr_usart3
                0x0000000008000130                isr_tim8_cc
                0x0000000008000130                isr_i2c2_ev
                0x0000000008000130                isr_dma2_channel2
                0x0000000008000130                isr_dma2_channel3
                0x0000000008000130                isr_rtc_alarm
                0x0000000008000130                isr_tamper
                0x0000000008000130                isr_dma1_channel3
                0x0000000008000130                isr_tim8_trg_com
                0x0000000008000130                isr_i2c1_er
                0x0000000008000130                isr_wwdg
 .text._init    0x0000000008000134        0x2 /home/cerino/Uni/IOT/IotAssignment1/RIOTiotlab/bin/iotlab-a8-m3/newlib_syscalls_default/syscalls.o
                0x0000000008000134                _init
 .text._fini    0x0000000008000136        0x2 /home/cerino/Uni/IOT/IotAssignment1/RIOTiotlab/bin/iotlab-a8-m3/newlib_syscalls_default/syscalls.o
                0x0000000008000136                _fini
 .text._sbrk_r  0x0000000008000138       0x40 /home/cerino/Uni/IOT/IotAssignment1/RIOTiotlab/bin/iotlab-a8-m3/newlib_syscalls_default/syscalls.o
                0x0000000008000138                _sbrk_r
 .text._read_r  0x0000000008000178        0x8 /home/cerino/Uni/IOT/IotAssignment1/RIOTiotlab/bin/iotlab-a8-m3/newlib_syscalls_default/syscalls.o
                0x0000000008000178                _read_r
 .text._write_r
                0x0000000008000180        0x8 /home/cerino/Uni/IOT/IotAssignment1/RIOTiotlab/bin/iotlab-a8-m3/newlib_syscalls_default/syscalls.o
                0x0000000008000180                _write_r
 .text._close_r
                0x0000000008000188        0xa /home/cerino/Uni/IOT/IotAssignment1/RIOTiotlab/bin/iotlab-a8-m3/newlib_syscalls_default/syscalls.o
                0x0000000008000188                _close_r
 .text._lseek_r
                0x0000000008000192        0xa /home/cerino/Uni/IOT/IotAssignment1/RIOTiotlab/bin/iotlab-a8-m3/newlib_syscalls_default/syscalls.o
                0x0000000008000192                _lseek_r
 .text._fstat_r
                0x000000000800019c        0xa /home/cerino/Uni/IOT/IotAssignment1/RIOTiotlab/bin/iotlab-a8-m3/newlib_syscalls_default/syscalls.o
                0x000000000800019c                _fstat_r
 .text._isatty_r
                0x00000000080001a6        0xe /home/cerino/Uni/IOT/IotAssignment1/RIOTiotlab/bin/iotlab-a8-m3/newlib_syscalls_default/syscalls.o
                0x00000000080001a6                _isatty_r
 .text.sched_run
                0x00000000080001b4       0x64 /home/cerino/Uni/IOT/IotAssignment1/RIOTiotlab/bin/iotlab-a8-m3/core/sched.o
                0x00000000080001b4                sched_run
 .text.sched_set_status
                0x0000000008000218       0x80 /home/cerino/Uni/IOT/IotAssignment1/RIOTiotlab/bin/iotlab-a8-m3/core/sched.o
                0x0000000008000218                sched_set_status
 .text.sched_switch
                0x0000000008000298       0x30 /home/cerino/Uni/IOT/IotAssignment1/RIOTiotlab/bin/iotlab-a8-m3/core/sched.o
                0x0000000008000298                sched_switch
 .text.sched_task_exit
                0x00000000080002c8       0x3c /home/cerino/Uni/IOT/IotAssignment1/RIOTiotlab/bin/iotlab-a8-m3/core/sched.o
                0x00000000080002c8                sched_task_exit
 .text.thread_stack_init
                0x0000000008000304       0x64 /home/cerino/Uni/IOT/IotAssignment1/RIOTiotlab/bin/iotlab-a8-m3/cortexm_common/thread_arch.o
                0x0000000008000304                thread_stack_init
 .text.cpu_switch_context_exit
                0x0000000008000368        0x8 /home/cerino/Uni/IOT/IotAssignment1/RIOTiotlab/bin/iotlab-a8-m3/cortexm_common/thread_arch.o
                0x0000000008000368                cpu_switch_context_exit
 .text.thread_yield_higher
                0x0000000008000370       0x10 /home/cerino/Uni/IOT/IotAssignment1/RIOTiotlab/bin/iotlab-a8-m3/cortexm_common/thread_arch.o
                0x0000000008000370                thread_yield_higher
 .text.isr_pendsv
                0x0000000008000380       0x1c /home/cerino/Uni/IOT/IotAssignment1/RIOTiotlab/bin/iotlab-a8-m3/cortexm_common/thread_arch.o
                0x0000000008000380                isr_pendsv
 .text.isr_svc  0x000000000800039c       0x1c /home/cerino/Uni/IOT/IotAssignment1/RIOTiotlab/bin/iotlab-a8-m3/cortexm_common/thread_arch.o
                0x000000000800039c                isr_svc
 .text.nmi_default
                0x00000000080003b8       0x10 /home/cerino/Uni/IOT/IotAssignment1/RIOTiotlab/bin/iotlab-a8-m3/cortexm_common/vectors_cortexm.o
                0x00000000080003b8                nmi_default
 .text.hard_fault_default
                0x00000000080003c8       0x10 /home/cerino/Uni/IOT/IotAssignment1/RIOTiotlab/bin/iotlab-a8-m3/cortexm_common/vectors_cortexm.o
                0x00000000080003c8                hard_fault_default
 .text.mem_manage_default
                0x00000000080003d8       0x10 /home/cerino/Uni/IOT/IotAssignment1/RIOTiotlab/bin/iotlab-a8-m3/cortexm_common/vectors_cortexm.o
                0x00000000080003d8                mem_manage_default
 .text.bus_fault_default
                0x00000000080003e8       0x10 /home/cerino/Uni/IOT/IotAssignment1/RIOTiotlab/bin/iotlab-a8-m3/cortexm_common/vectors_cortexm.o
                0x00000000080003e8                bus_fault_default
 .text.usage_fault_default
                0x00000000080003f8       0x10 /home/cerino/Uni/IOT/IotAssignment1/RIOTiotlab/bin/iotlab-a8-m3/cortexm_common/vectors_cortexm.o
                0x00000000080003f8                usage_fault_default
 .text.debug_mon_default
                0x0000000008000408       0x10 /home/cerino/Uni/IOT/IotAssignment1/RIOTiotlab/bin/iotlab-a8-m3/cortexm_common/vectors_cortexm.o
                0x0000000008000408                debug_mon_default
 .text.dummy_handler_default
                0x0000000008000418       0x10 /home/cerino/Uni/IOT/IotAssignment1/RIOTiotlab/bin/iotlab-a8-m3/cortexm_common/vectors_cortexm.o
                0x0000000008000418                dummy_handler_default
                0x0000000008000418                isr_systick
 .text.pre_startup
                0x0000000008000428        0x2 /home/cerino/Uni/IOT/IotAssignment1/RIOTiotlab/bin/iotlab-a8-m3/cortexm_common/vectors_cortexm.o
                0x0000000008000428                pre_startup
 .text.post_startup
                0x000000000800042a        0x2 /home/cerino/Uni/IOT/IotAssignment1/RIOTiotlab/bin/iotlab-a8-m3/cortexm_common/vectors_cortexm.o
                0x000000000800042a                post_startup
 .text.reset_handler_default
                0x000000000800042c       0x54 /home/cerino/Uni/IOT/IotAssignment1/RIOTiotlab/bin/iotlab-a8-m3/cortexm_common/vectors_cortexm.o
                0x000000000800042c                reset_handler_default
 .text.irq_disable
                0x0000000008000480        0x8 /home/cerino/Uni/IOT/IotAssignment1/RIOTiotlab/bin/iotlab-a8-m3/cortexm_common/irq_arch.o
                0x0000000008000480                irq_disable
 .text.irq_enable
                0x0000000008000488        0x8 /home/cerino/Uni/IOT/IotAssignment1/RIOTiotlab/bin/iotlab-a8-m3/cortexm_common/irq_arch.o
                0x0000000008000488                irq_enable
 .text.irq_restore
                0x0000000008000490        0x6 /home/cerino/Uni/IOT/IotAssignment1/RIOTiotlab/bin/iotlab-a8-m3/cortexm_common/irq_arch.o
                0x0000000008000490                irq_restore
 .text.irq_is_in
                0x0000000008000496        0x8 /home/cerino/Uni/IOT/IotAssignment1/RIOTiotlab/bin/iotlab-a8-m3/cortexm_common/irq_arch.o
                0x0000000008000496                irq_is_in
 *fill*         0x000000000800049e        0x2 
 .text.stdio_init
                0x00000000080004a0       0x18 /home/cerino/Uni/IOT/IotAssignment1/RIOTiotlab/bin/iotlab-a8-m3/stdio_uart/stdio_uart.o
                0x00000000080004a0                stdio_init
 .text.stdio_read
                0x00000000080004b8       0x10 /home/cerino/Uni/IOT/IotAssignment1/RIOTiotlab/bin/iotlab-a8-m3/stdio_uart/stdio_uart.o
                0x00000000080004b8                stdio_read
 .text.stdio_write
                0x00000000080004c8       0x12 /home/cerino/Uni/IOT/IotAssignment1/RIOTiotlab/bin/iotlab-a8-m3/stdio_uart/stdio_uart.o
                0x00000000080004c8                stdio_write
 *fill*         0x00000000080004da        0x2 
 .text.uart_enable_clock
                0x00000000080004dc       0x30 /home/cerino/Uni/IOT/IotAssignment1/RIOTiotlab/bin/iotlab-a8-m3/stm32_common_periph/uart.o
 .text.irq_handler
                0x000000000800050c       0x48 /home/cerino/Uni/IOT/IotAssignment1/RIOTiotlab/bin/iotlab-a8-m3/stm32_common_periph/uart.o
 .text.uart_init
                0x0000000008000554       0xa8 /home/cerino/Uni/IOT/IotAssignment1/RIOTiotlab/bin/iotlab-a8-m3/stm32_common_periph/uart.o
                0x0000000008000554                uart_init
 .text.uart_write
                0x00000000080005fc       0x2c /home/cerino/Uni/IOT/IotAssignment1/RIOTiotlab/bin/iotlab-a8-m3/stm32_common_periph/uart.o
                0x00000000080005fc                uart_write
 .text.isr_usart1
                0x0000000008000628        0x6 /home/cerino/Uni/IOT/IotAssignment1/RIOTiotlab/bin/iotlab-a8-m3/stm32_common_periph/uart.o
                0x0000000008000628                isr_usart1
 .text.isr_usart2
                0x000000000800062e        0x6 /home/cerino/Uni/IOT/IotAssignment1/RIOTiotlab/bin/iotlab-a8-m3/stm32_common_periph/uart.o
                0x000000000800062e                isr_usart2
 .text.pm_set   0x0000000008000634       0x70 /home/cerino/Uni/IOT/IotAssignment1/RIOTiotlab/bin/iotlab-a8-m3/stm32_common_periph/pm.o
                0x0000000008000634                pm_set
 .text.board_init
                0x00000000080006a4       0x48 /home/cerino/Uni/IOT/IotAssignment1/RIOTiotlab/bin/iotlab-a8-m3/boards_common_iotlab/board_init.o
                0x00000000080006a4                board_init
 .text.main_trampoline
                0x00000000080006ec       0x18 /home/cerino/Uni/IOT/IotAssignment1/RIOTiotlab/bin/iotlab-a8-m3/core/init.o
 .text.idle_thread
                0x0000000008000704        0x8 /home/cerino/Uni/IOT/IotAssignment1/RIOTiotlab/bin/iotlab-a8-m3/core/init.o
 .text.kernel_init
                0x000000000800070c       0x54 /home/cerino/Uni/IOT/IotAssignment1/RIOTiotlab/bin/iotlab-a8-m3/core/init.o
                0x000000000800070c                kernel_init
 .text.panic_arch
                0x0000000008000760        0x2 /home/cerino/Uni/IOT/IotAssignment1/RIOTiotlab/bin/iotlab-a8-m3/core/panic.o
                0x0000000008000760                panic_arch
 *fill*         0x0000000008000762        0x2 
 .text.core_panic
                0x0000000008000764       0x30 /home/cerino/Uni/IOT/IotAssignment1/RIOTiotlab/bin/iotlab-a8-m3/core/panic.o
                0x0000000008000764                core_panic
 .text.thread_add_to_list
                0x0000000008000794       0x1e /home/cerino/Uni/IOT/IotAssignment1/RIOTiotlab/bin/iotlab-a8-m3/core/thread.o
                0x0000000008000794                thread_add_to_list
 *fill*         0x00000000080007b2        0x2 
 .text.thread_create
                0x00000000080007b4       0xd4 /home/cerino/Uni/IOT/IotAssignment1/RIOTiotlab/bin/iotlab-a8-m3/core/thread.o
                0x00000000080007b4                thread_create
 .text.pm_reboot
                0x0000000008000888       0x24 /home/cerino/Uni/IOT/IotAssignment1/RIOTiotlab/bin/iotlab-a8-m3/cortexm_common_periph/pm.o
                0x0000000008000888                pm_reboot
 .text.isrpipe_write_one
                0x00000000080008ac       0x16 /home/cerino/Uni/IOT/IotAssignment1/RIOTiotlab/bin/iotlab-a8-m3/isrpipe/isrpipe.o
                0x00000000080008ac                isrpipe_write_one
 .text.isrpipe_read
                0x00000000080008c2       0x24 /home/cerino/Uni/IOT/IotAssignment1/RIOTiotlab/bin/iotlab-a8-m3/isrpipe/isrpipe.o
                0x00000000080008c2                isrpipe_read
 .text.gpio_init
                0x00000000080008e6       0x68 /home/cerino/Uni/IOT/IotAssignment1/RIOTiotlab/bin/iotlab-a8-m3/periph/gpio.o
                0x00000000080008e6                gpio_init
 .text.gpio_init_af
                0x000000000800094e       0x44 /home/cerino/Uni/IOT/IotAssignment1/RIOTiotlab/bin/iotlab-a8-m3/periph/gpio.o
                0x000000000800094e                gpio_init_af
 .text.gpio_set
                0x0000000008000992       0x12 /home/cerino/Uni/IOT/IotAssignment1/RIOTiotlab/bin/iotlab-a8-m3/periph/gpio.o
                0x0000000008000992                gpio_set
 .text.pm_set_lowest
                0x00000000080009a4       0x38 /home/cerino/Uni/IOT/IotAssignment1/RIOTiotlab/bin/iotlab-a8-m3/pm_layered/pm.o
                0x00000000080009a4                pm_set_lowest
 .text.pm_block
                0x00000000080009dc       0x20 /home/cerino/Uni/IOT/IotAssignment1/RIOTiotlab/bin/iotlab-a8-m3/pm_layered/pm.o
                0x00000000080009dc                pm_block
 .text.pm_unblock
                0x00000000080009fc       0x20 /home/cerino/Uni/IOT/IotAssignment1/RIOTiotlab/bin/iotlab-a8-m3/pm_layered/pm.o
                0x00000000080009fc                pm_unblock
 .text.stmclk_init_sysclk
                0x0000000008000a1c       0x88 /home/cerino/Uni/IOT/IotAssignment1/RIOTiotlab/bin/iotlab-a8-m3/stm32_common/stmclk.o
                0x0000000008000a1c                stmclk_init_sysclk
 .text.stmclk_enable_hsi
                0x0000000008000aa4       0x18 /home/cerino/Uni/IOT/IotAssignment1/RIOTiotlab/bin/iotlab-a8-m3/stm32_common/stmclk_common.o
                0x0000000008000aa4                stmclk_enable_hsi
 .text.stmclk_disable_hsi
                0x0000000008000abc       0x18 /home/cerino/Uni/IOT/IotAssignment1/RIOTiotlab/bin/iotlab-a8-m3/stm32_common/stmclk_common.o
                0x0000000008000abc                stmclk_disable_hsi
 .text.cpu_init
                0x0000000008000ad4       0xa0 /home/cerino/Uni/IOT/IotAssignment1/RIOTiotlab/bin/iotlab-a8-m3/stm32_common/cpu_init.o
                0x0000000008000ad4                cpu_init
 .text.periph_apb_clk
                0x0000000008000b74       0x18 /home/cerino/Uni/IOT/IotAssignment1/RIOTiotlab/bin/iotlab-a8-m3/stm32_common/cpu_common.o
                0x0000000008000b74                periph_apb_clk
 .text.periph_clk_en
                0x0000000008000b8c       0x34 /home/cerino/Uni/IOT/IotAssignment1/RIOTiotlab/bin/iotlab-a8-m3/stm32_common/cpu_common.o
                0x0000000008000b8c                periph_clk_en
 .text.periph_clk_dis
                0x0000000008000bc0       0x34 /home/cerino/Uni/IOT/IotAssignment1/RIOTiotlab/bin/iotlab-a8-m3/stm32_common/cpu_common.o
                0x0000000008000bc0                periph_clk_dis
 .text._pop     0x0000000008000bf4       0x12 /home/cerino/Uni/IOT/IotAssignment1/RIOTiotlab/bin/iotlab-a8-m3/tsrb/tsrb.o
 .text.tsrb_get
                0x0000000008000c06       0x26 /home/cerino/Uni/IOT/IotAssignment1/RIOTiotlab/bin/iotlab-a8-m3/tsrb/tsrb.o
                0x0000000008000c06                tsrb_get
 .text.tsrb_add_one
                0x0000000008000c2c       0x26 /home/cerino/Uni/IOT/IotAssignment1/RIOTiotlab/bin/iotlab-a8-m3/tsrb/tsrb.o
                0x0000000008000c2c                tsrb_add_one
 .text.periph_init
                0x0000000008000c52        0x6 /home/cerino/Uni/IOT/IotAssignment1/RIOTiotlab/bin/iotlab-a8-m3/periph_common/init.o
                0x0000000008000c52                periph_init
 .text.humidity_handler
                0x0000000008000c58       0x60 /home/cerino/Uni/IOT/IotAssignment1/RIOTiotlab/bin/iotlab-a8-m3/application_shell/main.o
 .text.temperature_handler
                0x0000000008000cb8       0x78 /home/cerino/Uni/IOT/IotAssignment1/RIOTiotlab/bin/iotlab-a8-m3/application_shell/main.o
 .text.startup.main
                0x0000000008000d30       0x78 /home/cerino/Uni/IOT/IotAssignment1/RIOTiotlab/bin/iotlab-a8-m3/application_shell/main.o
                0x0000000008000d30                main
 .text.auto_init
                0x0000000008000da8        0x2 /home/cerino/Uni/IOT/IotAssignment1/RIOTiotlab/bin/iotlab-a8-m3/auto_init/auto_init.o
                0x0000000008000da8                auto_init
 *fill*         0x0000000008000daa        0x2 
 .text._mutex_lock
                0x0000000008000dac       0x60 /home/cerino/Uni/IOT/IotAssignment1/RIOTiotlab/bin/iotlab-a8-m3/core/mutex.o
                0x0000000008000dac                _mutex_lock
 .text.mutex_unlock
                0x0000000008000e0c       0x4c /home/cerino/Uni/IOT/IotAssignment1/RIOTiotlab/bin/iotlab-a8-m3/core/mutex.o
                0x0000000008000e0c                mutex_unlock
 .text.cortexm_init
                0x0000000008000e58       0x40 /home/cerino/Uni/IOT/IotAssignment1/RIOTiotlab/bin/iotlab-a8-m3/cortexm_common/cortexm_init.o
                0x0000000008000e58                cortexm_init
 .text._set_power
                0x0000000008000e98       0x62 /home/cerino/Uni/IOT/IotAssignment1/RIOTiotlab/bin/iotlab-a8-m3/hts221/hts221.o
 .text._humidity_calibration
                0x0000000008000efa       0x82 /home/cerino/Uni/IOT/IotAssignment1/RIOTiotlab/bin/iotlab-a8-m3/hts221/hts221.o
                0x0000000008000efa                _humidity_calibration
 .text._temperature_calibration
                0x0000000008000f7c       0xaa /home/cerino/Uni/IOT/IotAssignment1/RIOTiotlab/bin/iotlab-a8-m3/hts221/hts221.o
                0x0000000008000f7c                _temperature_calibration
 .text.hts221_set_rate
                0x0000000008001026       0x54 /home/cerino/Uni/IOT/IotAssignment1/RIOTiotlab/bin/iotlab-a8-m3/hts221/hts221.o
                0x0000000008001026                hts221_set_rate
 .text.hts221_reboot
                0x000000000800107a       0x54 /home/cerino/Uni/IOT/IotAssignment1/RIOTiotlab/bin/iotlab-a8-m3/hts221/hts221.o
                0x000000000800107a                hts221_reboot
 .text.hts221_init
                0x00000000080010ce       0xbc /home/cerino/Uni/IOT/IotAssignment1/RIOTiotlab/bin/iotlab-a8-m3/hts221/hts221.o
                0x00000000080010ce                hts221_init
 .text.hts221_power_on
                0x000000000800118a        0x6 /home/cerino/Uni/IOT/IotAssignment1/RIOTiotlab/bin/iotlab-a8-m3/hts221/hts221.o
                0x000000000800118a                hts221_power_on
 .text.hts221_get_state
                0x0000000008001190       0x38 /home/cerino/Uni/IOT/IotAssignment1/RIOTiotlab/bin/iotlab-a8-m3/hts221/hts221.o
                0x0000000008001190                hts221_get_state
 .text.hts221_read_humidity
                0x00000000080011c8       0x8a /home/cerino/Uni/IOT/IotAssignment1/RIOTiotlab/bin/iotlab-a8-m3/hts221/hts221.o
                0x00000000080011c8                hts221_read_humidity
 .text.hts221_read_temperature
                0x0000000008001252       0x7e /home/cerino/Uni/IOT/IotAssignment1/RIOTiotlab/bin/iotlab-a8-m3/hts221/hts221.o
                0x0000000008001252                hts221_read_temperature
 .text.flush_if_needed
                0x00000000080012d0       0x10 /home/cerino/Uni/IOT/IotAssignment1/RIOTiotlab/bin/iotlab-a8-m3/shell/shell.o
 .text.shell_run_once
                0x00000000080012e0      0x268 /home/cerino/Uni/IOT/IotAssignment1/RIOTiotlab/bin/iotlab-a8-m3/shell/shell.o
                0x00000000080012e0                shell_run_once
 .text._reboot_handler
                0x0000000008001548        0xa /home/cerino/Uni/IOT/IotAssignment1/RIOTiotlab/bin/iotlab-a8-m3/shell_commands/sc_sys.o
                0x0000000008001548                _reboot_handler
 *fill*         0x0000000008001552        0x2 
 .text._version_handler
                0x0000000008001554       0x10 /home/cerino/Uni/IOT/IotAssignment1/RIOTiotlab/bin/iotlab-a8-m3/shell_commands/sc_sys.o
                0x0000000008001554                _version_handler
 .text._ps_handler
                0x0000000008001564        0xa /home/cerino/Uni/IOT/IotAssignment1/RIOTiotlab/bin/iotlab-a8-m3/shell_commands/sc_ps.o
                0x0000000008001564                _ps_handler
 .text._wait_for_bus
                0x000000000800156e       0x24 /home/cerino/Uni/IOT/IotAssignment1/RIOTiotlab/bin/iotlab-a8-m3/stm32_common_periph/i2c_2.o
 .text._stop    0x0000000008001592       0x3c /home/cerino/Uni/IOT/IotAssignment1/RIOTiotlab/bin/iotlab-a8-m3/stm32_common_periph/i2c_2.o
 *fill*         0x00000000080015ce        0x2 
 .text._init    0x00000000080015d0       0xe0 /home/cerino/Uni/IOT/IotAssignment1/RIOTiotlab/bin/iotlab-a8-m3/stm32_common_periph/i2c_2.o
 .text._is_sr1_mask_set
                0x00000000080016b0       0x66 /home/cerino/Uni/IOT/IotAssignment1/RIOTiotlab/bin/iotlab-a8-m3/stm32_common_periph/i2c_2.o
 .text._start   0x0000000008001716       0x86 /home/cerino/Uni/IOT/IotAssignment1/RIOTiotlab/bin/iotlab-a8-m3/stm32_common_periph/i2c_2.o
 .text.i2c_init
                0x000000000800179c       0x64 /home/cerino/Uni/IOT/IotAssignment1/RIOTiotlab/bin/iotlab-a8-m3/stm32_common_periph/i2c_2.o
                0x000000000800179c                i2c_init
 .text.i2c_acquire
                0x0000000008001800       0x30 /home/cerino/Uni/IOT/IotAssignment1/RIOTiotlab/bin/iotlab-a8-m3/stm32_common_periph/i2c_2.o
                0x0000000008001800                i2c_acquire
 .text.i2c_release
                0x0000000008001830       0x30 /home/cerino/Uni/IOT/IotAssignment1/RIOTiotlab/bin/iotlab-a8-m3/stm32_common_periph/i2c_2.o
                0x0000000008001830                i2c_release
 .text.i2c_read_bytes
                0x0000000008001860       0xc0 /home/cerino/Uni/IOT/IotAssignment1/RIOTiotlab/bin/iotlab-a8-m3/stm32_common_periph/i2c_2.o
                0x0000000008001860                i2c_read_bytes
 .text.i2c_write_bytes
                0x0000000008001920       0x80 /home/cerino/Uni/IOT/IotAssignment1/RIOTiotlab/bin/iotlab-a8-m3/stm32_common_periph/i2c_2.o
                0x0000000008001920                i2c_write_bytes
 .text.i2c_read_regs
                0x00000000080019a0       0x56 /home/cerino/Uni/IOT/IotAssignment1/RIOTiotlab/bin/iotlab-a8-m3/periph_common/i2c.o
                0x00000000080019a0                i2c_read_regs
 .text.i2c_read_reg
                0x00000000080019f6       0x14 /home/cerino/Uni/IOT/IotAssignment1/RIOTiotlab/bin/iotlab-a8-m3/periph_common/i2c.o
                0x00000000080019f6                i2c_read_reg
 .text.i2c_write_regs
                0x0000000008001a0a       0x5a /home/cerino/Uni/IOT/IotAssignment1/RIOTiotlab/bin/iotlab-a8-m3/periph_common/i2c.o
                0x0000000008001a0a                i2c_write_regs
 .text.i2c_write_reg
                0x0000000008001a64       0x1e /home/cerino/Uni/IOT/IotAssignment1/RIOTiotlab/bin/iotlab-a8-m3/periph_common/i2c.o
                0x0000000008001a64                i2c_write_reg
 *fill*         0x0000000008001a82        0x2 
 .text.ps       0x0000000008001a84       0x60 /home/cerino/Uni/IOT/IotAssignment1/RIOTiotlab/bin/iotlab-a8-m3/ps/ps.o
                0x0000000008001a84                ps
 .text.__sflush_r
                0x0000000008001ae4      0x10c /opt/gcc-arm-none-eabi-8-2019-q3-update/bin/../lib/gcc/arm-none-eabi/8.3.1/../../../../arm-none-eabi/lib/thumb/v7-m/nofp/libc_nano.a(lib_a-fflush.o)
                0x0000000008001ae4                __sflush_r
 .text._fflush_r
                0x0000000008001bf0       0x78 /opt/gcc-arm-none-eabi-8-2019-q3-update/bin/../lib/gcc/arm-none-eabi/8.3.1/../../../../arm-none-eabi/lib/thumb/v7-m/nofp/libc_nano.a(lib_a-fflush.o)
                0x0000000008001bf0                _fflush_r
 .text.fflush   0x0000000008001c68       0x24 /opt/gcc-arm-none-eabi-8-2019-q3-update/bin/../lib/gcc/arm-none-eabi/8.3.1/../../../../arm-none-eabi/lib/thumb/v7-m/nofp/libc_nano.a(lib_a-fflush.o)
                0x0000000008001c68                fflush
 .text.std      0x0000000008001c8c       0x48 /opt/gcc-arm-none-eabi-8-2019-q3-update/bin/../lib/gcc/arm-none-eabi/8.3.1/../../../../arm-none-eabi/lib/thumb/v7-m/nofp/libc_nano.a(lib_a-findfp.o)
 .text._cleanup_r
                0x0000000008001cd4        0xc /opt/gcc-arm-none-eabi-8-2019-q3-update/bin/../lib/gcc/arm-none-eabi/8.3.1/../../../../arm-none-eabi/lib/thumb/v7-m/nofp/libc_nano.a(lib_a-findfp.o)
                0x0000000008001cd4                _cleanup_r
 .text.__sfmoreglue
                0x0000000008001ce0       0x2c /opt/gcc-arm-none-eabi-8-2019-q3-update/bin/../lib/gcc/arm-none-eabi/8.3.1/../../../../arm-none-eabi/lib/thumb/v7-m/nofp/libc_nano.a(lib_a-findfp.o)
                0x0000000008001ce0                __sfmoreglue
 .text.__sfp_lock_acquire
                0x0000000008001d0c        0xc /opt/gcc-arm-none-eabi-8-2019-q3-update/bin/../lib/gcc/arm-none-eabi/8.3.1/../../../../arm-none-eabi/lib/thumb/v7-m/nofp/libc_nano.a(lib_a-findfp.o)
                0x0000000008001d0c                __sfp_lock_acquire
 .text.__sfp_lock_release
                0x0000000008001d18        0xc /opt/gcc-arm-none-eabi-8-2019-q3-update/bin/../lib/gcc/arm-none-eabi/8.3.1/../../../../arm-none-eabi/lib/thumb/v7-m/nofp/libc_nano.a(lib_a-findfp.o)
                0x0000000008001d18                __sfp_lock_release
 .text.__sinit_lock_acquire
                0x0000000008001d24        0xc /opt/gcc-arm-none-eabi-8-2019-q3-update/bin/../lib/gcc/arm-none-eabi/8.3.1/../../../../arm-none-eabi/lib/thumb/v7-m/nofp/libc_nano.a(lib_a-findfp.o)
                0x0000000008001d24                __sinit_lock_acquire
 .text.__sinit_lock_release
                0x0000000008001d30        0xc /opt/gcc-arm-none-eabi-8-2019-q3-update/bin/../lib/gcc/arm-none-eabi/8.3.1/../../../../arm-none-eabi/lib/thumb/v7-m/nofp/libc_nano.a(lib_a-findfp.o)
                0x0000000008001d30                __sinit_lock_release
 .text.__sinit  0x0000000008001d3c       0x70 /opt/gcc-arm-none-eabi-8-2019-q3-update/bin/../lib/gcc/arm-none-eabi/8.3.1/../../../../arm-none-eabi/lib/thumb/v7-m/nofp/libc_nano.a(lib_a-findfp.o)
                0x0000000008001d3c                __sinit
 .text.__sfp    0x0000000008001dac       0x8c /opt/gcc-arm-none-eabi-8-2019-q3-update/bin/../lib/gcc/arm-none-eabi/8.3.1/../../../../arm-none-eabi/lib/thumb/v7-m/nofp/libc_nano.a(lib_a-findfp.o)
                0x0000000008001dac                __sfp
 .text._fwalk   0x0000000008001e38       0x38 /opt/gcc-arm-none-eabi-8-2019-q3-update/bin/../lib/gcc/arm-none-eabi/8.3.1/../../../../arm-none-eabi/lib/thumb/v7-m/nofp/libc_nano.a(lib_a-fwalk.o)
                0x0000000008001e38                _fwalk
 .text._fwalk_reent
                0x0000000008001e70       0x3c /opt/gcc-arm-none-eabi-8-2019-q3-update/bin/../lib/gcc/arm-none-eabi/8.3.1/../../../../arm-none-eabi/lib/thumb/v7-m/nofp/libc_nano.a(lib_a-fwalk.o)
                0x0000000008001e70                _fwalk_reent
 .text.getchar  0x0000000008001eac       0x24 /opt/gcc-arm-none-eabi-8-2019-q3-update/bin/../lib/gcc/arm-none-eabi/8.3.1/../../../../arm-none-eabi/lib/thumb/v7-m/nofp/libc_nano.a(lib_a-getchar.o)
                0x0000000008001eac                getchar
 .text.__libc_init_array
                0x0000000008001ed0       0x48 /opt/gcc-arm-none-eabi-8-2019-q3-update/bin/../lib/gcc/arm-none-eabi/8.3.1/../../../../arm-none-eabi/lib/thumb/v7-m/nofp/libc_nano.a(lib_a-init.o)
                0x0000000008001ed0                __libc_init_array
 .text.__retarget_lock_init_recursive
                0x0000000008001f18        0x2 /opt/gcc-arm-none-eabi-8-2019-q3-update/bin/../lib/gcc/arm-none-eabi/8.3.1/../../../../arm-none-eabi/lib/thumb/v7-m/nofp/libc_nano.a(lib_a-lock.o)
                0x0000000008001f18                __retarget_lock_init_recursive
 .text.__retarget_lock_acquire_recursive
                0x0000000008001f1a        0x2 /opt/gcc-arm-none-eabi-8-2019-q3-update/bin/../lib/gcc/arm-none-eabi/8.3.1/../../../../arm-none-eabi/lib/thumb/v7-m/nofp/libc_nano.a(lib_a-lock.o)
                0x0000000008001f1a                __retarget_lock_acquire_recursive
 .text.__retarget_lock_release_recursive
                0x0000000008001f1c        0x2 /opt/gcc-arm-none-eabi-8-2019-q3-update/bin/../lib/gcc/arm-none-eabi/8.3.1/../../../../arm-none-eabi/lib/thumb/v7-m/nofp/libc_nano.a(lib_a-lock.o)
                0x0000000008001f1c                __retarget_lock_release_recursive
 .text.memset   0x0000000008001f1e       0x10 /opt/gcc-arm-none-eabi-8-2019-q3-update/bin/../lib/gcc/arm-none-eabi/8.3.1/../../../../arm-none-eabi/lib/thumb/v7-m/nofp/libc_nano.a(lib_a-memset.o)
                0x0000000008001f1e                memset
 *fill*         0x0000000008001f2e        0x2 
 .text._free_r  0x0000000008001f30       0x98 /opt/gcc-arm-none-eabi-8-2019-q3-update/bin/../lib/gcc/arm-none-eabi/8.3.1/../../../../arm-none-eabi/lib/thumb/v7-m/nofp/libc_nano.a(lib_a-nano-freer.o)
                0x0000000008001f30                _free_r
 .text._malloc_r
                0x0000000008001fc8       0xb4 /opt/gcc-arm-none-eabi-8-2019-q3-update/bin/../lib/gcc/arm-none-eabi/8.3.1/../../../../arm-none-eabi/lib/thumb/v7-m/nofp/libc_nano.a(lib_a-nano-mallocr.o)
                0x0000000008001fc8                _malloc_r
 .text.printf   0x000000000800207c       0x30 /opt/gcc-arm-none-eabi-8-2019-q3-update/bin/../lib/gcc/arm-none-eabi/8.3.1/../../../../arm-none-eabi/lib/thumb/v7-m/nofp/libc_nano.a(lib_a-printf.o)
                0x000000000800207c                printf
                0x000000000800207c                iprintf
 .text.putchar  0x00000000080020ac       0x28 /opt/gcc-arm-none-eabi-8-2019-q3-update/bin/../lib/gcc/arm-none-eabi/8.3.1/../../../../arm-none-eabi/lib/thumb/v7-m/nofp/libc_nano.a(lib_a-putchar.o)
                0x00000000080020ac                putchar
 .text._puts_r  0x00000000080020d4       0xdc /opt/gcc-arm-none-eabi-8-2019-q3-update/bin/../lib/gcc/arm-none-eabi/8.3.1/../../../../arm-none-eabi/lib/thumb/v7-m/nofp/libc_nano.a(lib_a-puts.o)
                0x00000000080020d4                _puts_r
 .text.puts     0x00000000080021b0       0x10 /opt/gcc-arm-none-eabi-8-2019-q3-update/bin/../lib/gcc/arm-none-eabi/8.3.1/../../../../arm-none-eabi/lib/thumb/v7-m/nofp/libc_nano.a(lib_a-puts.o)
                0x00000000080021b0                puts
 .text.__sread  0x00000000080021c0       0x22 /opt/gcc-arm-none-eabi-8-2019-q3-update/bin/../lib/gcc/arm-none-eabi/8.3.1/../../../../arm-none-eabi/lib/thumb/v7-m/nofp/libc_nano.a(lib_a-stdio.o)
                0x00000000080021c0                __sread
 .text.__swrite
                0x00000000080021e2       0x38 /opt/gcc-arm-none-eabi-8-2019-q3-update/bin/../lib/gcc/arm-none-eabi/8.3.1/../../../../arm-none-eabi/lib/thumb/v7-m/nofp/libc_nano.a(lib_a-stdio.o)
                0x00000000080021e2                __swrite
 .text.__sseek  0x000000000800221a       0x24 /opt/gcc-arm-none-eabi-8-2019-q3-update/bin/../lib/gcc/arm-none-eabi/8.3.1/../../../../arm-none-eabi/lib/thumb/v7-m/nofp/libc_nano.a(lib_a-stdio.o)
                0x000000000800221a                __sseek
 .text.__sclose
                0x000000000800223e        0x8 /opt/gcc-arm-none-eabi-8-2019-q3-update/bin/../lib/gcc/arm-none-eabi/8.3.1/../../../../arm-none-eabi/lib/thumb/v7-m/nofp/libc_nano.a(lib_a-stdio.o)
                0x000000000800223e                __sclose
 .text          0x0000000008002246       0x14 /opt/gcc-arm-none-eabi-8-2019-q3-update/bin/../lib/gcc/arm-none-eabi/8.3.1/../../../../arm-none-eabi/lib/thumb/v7-m/nofp/libc_nano.a(lib_a-strcmp.o)
                0x0000000008002246                strcmp
 *fill*         0x000000000800225a        0x2 
 .text.__swbuf_r
                0x000000000800225c       0xa4 /opt/gcc-arm-none-eabi-8-2019-q3-update/bin/../lib/gcc/arm-none-eabi/8.3.1/../../../../arm-none-eabi/lib/thumb/v7-m/nofp/libc_nano.a(lib_a-wbuf.o)
                0x000000000800225c                __swbuf_r
 .text.__swsetup_r
                0x0000000008002300       0xdc /opt/gcc-arm-none-eabi-8-2019-q3-update/bin/../lib/gcc/arm-none-eabi/8.3.1/../../../../arm-none-eabi/lib/thumb/v7-m/nofp/libc_nano.a(lib_a-wsetup.o)
                0x0000000008002300                __swsetup_r
 .text._getc_r  0x00000000080023dc       0x80 /opt/gcc-arm-none-eabi-8-2019-q3-update/bin/../lib/gcc/arm-none-eabi/8.3.1/../../../../arm-none-eabi/lib/thumb/v7-m/nofp/libc_nano.a(lib_a-getc.o)
                0x00000000080023dc                _getc_r
 .text.__swhatbuf_r
                0x000000000800245c       0x48 /opt/gcc-arm-none-eabi-8-2019-q3-update/bin/../lib/gcc/arm-none-eabi/8.3.1/../../../../arm-none-eabi/lib/thumb/v7-m/nofp/libc_nano.a(lib_a-makebuf.o)
                0x000000000800245c                __swhatbuf_r
 .text.__smakebuf_r
                0x00000000080024a4       0x80 /opt/gcc-arm-none-eabi-8-2019-q3-update/bin/../lib/gcc/arm-none-eabi/8.3.1/../../../../arm-none-eabi/lib/thumb/v7-m/nofp/libc_nano.a(lib_a-makebuf.o)
                0x00000000080024a4                __smakebuf_r
 .text.__malloc_lock
                0x0000000008002524        0xc /opt/gcc-arm-none-eabi-8-2019-q3-update/bin/../lib/gcc/arm-none-eabi/8.3.1/../../../../arm-none-eabi/lib/thumb/v7-m/nofp/libc_nano.a(lib_a-mlock.o)
                0x0000000008002524                __malloc_lock
 .text.__malloc_unlock
                0x0000000008002530        0xc /opt/gcc-arm-none-eabi-8-2019-q3-update/bin/../lib/gcc/arm-none-eabi/8.3.1/../../../../arm-none-eabi/lib/thumb/v7-m/nofp/libc_nano.a(lib_a-mlock.o)
                0x0000000008002530                __malloc_unlock
 .text.__sfputc_r
                0x000000000800253c       0x2a /opt/gcc-arm-none-eabi-8-2019-q3-update/bin/../lib/gcc/arm-none-eabi/8.3.1/../../../../arm-none-eabi/lib/thumb/v7-m/nofp/libc_nano.a(lib_a-nano-vfprintf.o)
 .text.__sfputs_r
                0x0000000008002566       0x24 /opt/gcc-arm-none-eabi-8-2019-q3-update/bin/../lib/gcc/arm-none-eabi/8.3.1/../../../../arm-none-eabi/lib/thumb/v7-m/nofp/libc_nano.a(lib_a-nano-vfprintf.o)
                0x0000000008002566                __sfputs_r
 *fill*         0x000000000800258a        0x2 
 .text._vfprintf_r
                0x000000000800258c      0x250 /opt/gcc-arm-none-eabi-8-2019-q3-update/bin/../lib/gcc/arm-none-eabi/8.3.1/../../../../arm-none-eabi/lib/thumb/v7-m/nofp/libc_nano.a(lib_a-nano-vfprintf.o)
                0x000000000800258c                _vfiprintf_r
                0x000000000800258c                _vfprintf_r
 .text._printf_common
                0x00000000080027dc       0xec /opt/gcc-arm-none-eabi-8-2019-q3-update/bin/../lib/gcc/arm-none-eabi/8.3.1/../../../../arm-none-eabi/lib/thumb/v7-m/nofp/libc_nano.a(lib_a-nano-vfprintf_i.o)
                0x00000000080027dc                _printf_common
 .text._printf_i
                0x00000000080028c8      0x22c /opt/gcc-arm-none-eabi-8-2019-q3-update/bin/../lib/gcc/arm-none-eabi/8.3.1/../../../../arm-none-eabi/lib/thumb/v7-m/nofp/libc_nano.a(lib_a-nano-vfprintf_i.o)
                0x00000000080028c8                _printf_i
 .text._putc_r  0x0000000008002af4       0x90 /opt/gcc-arm-none-eabi-8-2019-q3-update/bin/../lib/gcc/arm-none-eabi/8.3.1/../../../../arm-none-eabi/lib/thumb/v7-m/nofp/libc_nano.a(lib_a-putc.o)
                0x0000000008002af4                _putc_r
 .text.__srget_r
                0x0000000008002b84       0x58 /opt/gcc-arm-none-eabi-8-2019-q3-update/bin/../lib/gcc/arm-none-eabi/8.3.1/../../../../arm-none-eabi/lib/thumb/v7-m/nofp/libc_nano.a(lib_a-rget.o)
                0x0000000008002b84                __srget_r
 .text.memchr   0x0000000008002bdc       0x1c /opt/gcc-arm-none-eabi-8-2019-q3-update/bin/../lib/gcc/arm-none-eabi/8.3.1/../../../../arm-none-eabi/lib/thumb/v7-m/nofp/libc_nano.a(lib_a-memchr-stub.o)
                0x0000000008002bdc                memchr
 .text.lflush   0x0000000008002bf8       0x12 /opt/gcc-arm-none-eabi-8-2019-q3-update/bin/../lib/gcc/arm-none-eabi/8.3.1/../../../../arm-none-eabi/lib/thumb/v7-m/nofp/libc_nano.a(lib_a-refill.o)
 *fill*         0x0000000008002c0a        0x2 
 .text.__srefill_r
                0x0000000008002c0c      0x118 /opt/gcc-arm-none-eabi-8-2019-q3-update/bin/../lib/gcc/arm-none-eabi/8.3.1/../../../../arm-none-eabi/lib/thumb/v7-m/nofp/libc_nano.a(lib_a-refill.o)
                0x0000000008002c0c                __srefill_r
 *(.glue_7t)
 .glue_7t       0x0000000008002d24        0x0 linker stubs
 *(.glue_7)
 .glue_7        0x0000000008002d24        0x0 linker stubs
 *(.rodata .rodata* .gnu.linkonce.r.*)
 .rodata.bus_fault_default.str1.1
                0x0000000008002d24       0x12 /home/cerino/Uni/IOT/IotAssignment1/RIOTiotlab/bin/iotlab-a8-m3/cortexm_common/vectors_cortexm.o
 .rodata.debug_mon_default.str1.1
                0x0000000008002d36       0x12 /home/cerino/Uni/IOT/IotAssignment1/RIOTiotlab/bin/iotlab-a8-m3/cortexm_common/vectors_cortexm.o
 .rodata.dummy_handler_default.str1.1
                0x0000000008002d48        0xe /home/cerino/Uni/IOT/IotAssignment1/RIOTiotlab/bin/iotlab-a8-m3/cortexm_common/vectors_cortexm.o
 .rodata.hard_fault_default.str1.1
                0x0000000008002d56       0x13 /home/cerino/Uni/IOT/IotAssignment1/RIOTiotlab/bin/iotlab-a8-m3/cortexm_common/vectors_cortexm.o
 .rodata.mem_manage_default.str1.1
                0x0000000008002d69       0x13 /home/cerino/Uni/IOT/IotAssignment1/RIOTiotlab/bin/iotlab-a8-m3/cortexm_common/vectors_cortexm.o
 .rodata.nmi_default.str1.1
                0x0000000008002d7c        0xc /home/cerino/Uni/IOT/IotAssignment1/RIOTiotlab/bin/iotlab-a8-m3/cortexm_common/vectors_cortexm.o
 .rodata.usage_fault_default.str1.1
                0x0000000008002d88       0x14 /home/cerino/Uni/IOT/IotAssignment1/RIOTiotlab/bin/iotlab-a8-m3/cortexm_common/vectors_cortexm.o
 .rodata.uart_config
                0x0000000008002d9c       0x28 /home/cerino/Uni/IOT/IotAssignment1/RIOTiotlab/bin/iotlab-a8-m3/stm32_common_periph/uart.o
 .rodata.kernel_init.str1.1
                0x0000000008002dc4        0xa /home/cerino/Uni/IOT/IotAssignment1/RIOTiotlab/bin/iotlab-a8-m3/core/init.o
 .rodata.main_trampoline.str1.1
                0x0000000008002dce       0x3c /home/cerino/Uni/IOT/IotAssignment1/RIOTiotlab/bin/iotlab-a8-m3/core/init.o
 .rodata.core_panic.str1.1
                0x0000000008002e0a       0x2f /home/cerino/Uni/IOT/IotAssignment1/RIOTiotlab/bin/iotlab-a8-m3/core/panic.o
 *fill*         0x0000000008002e39        0x3 
 .rodata.hts221_params
                0x0000000008002e3c        0x8 /home/cerino/Uni/IOT/IotAssignment1/RIOTiotlab/bin/iotlab-a8-m3/application_shell/main.o
 .rodata.humidity_handler.str1.1
                0x0000000008002e44       0x3d /home/cerino/Uni/IOT/IotAssignment1/RIOTiotlab/bin/iotlab-a8-m3/application_shell/main.o
 .rodata.main.str1.1
                0x0000000008002e81       0x90 /home/cerino/Uni/IOT/IotAssignment1/RIOTiotlab/bin/iotlab-a8-m3/application_shell/main.o
 *fill*         0x0000000008002f11        0x3 
 .rodata.shell_commands
                0x0000000008002f14       0x24 /home/cerino/Uni/IOT/IotAssignment1/RIOTiotlab/bin/iotlab-a8-m3/application_shell/main.o
 .rodata.str1.1
                0x0000000008002f38       0x38 /home/cerino/Uni/IOT/IotAssignment1/RIOTiotlab/bin/iotlab-a8-m3/application_shell/main.o
                                         0x4d (size before relaxing)
 .rodata.temperature_handler.str1.1
                0x0000000008002f70       0x3c /home/cerino/Uni/IOT/IotAssignment1/RIOTiotlab/bin/iotlab-a8-m3/application_shell/main.o
 .rodata.shell_run_once.str1.1
                0x0000000008002fac       0x82 /home/cerino/Uni/IOT/IotAssignment1/RIOTiotlab/bin/iotlab-a8-m3/shell/shell.o
 *fill*         0x000000000800302e        0x2 
 .rodata._shell_command_list
                0x0000000008003030       0x30 /home/cerino/Uni/IOT/IotAssignment1/RIOTiotlab/bin/iotlab-a8-m3/shell_commands/shell_commands.o
                0x0000000008003030                _shell_command_list
 .rodata.str1.1
                0x0000000008003060       0x68 /home/cerino/Uni/IOT/IotAssignment1/RIOTiotlab/bin/iotlab-a8-m3/shell_commands/shell_commands.o
 .rodata._version_handler.str1.1
                0x00000000080030c8       0x1a /home/cerino/Uni/IOT/IotAssignment1/RIOTiotlab/bin/iotlab-a8-m3/shell_commands/sc_sys.o
 *fill*         0x00000000080030e2        0x2 
 .rodata.i2c_config
                0x00000000080030e4       0x20 /home/cerino/Uni/IOT/IotAssignment1/RIOTiotlab/bin/iotlab-a8-m3/stm32_common_periph/i2c_2.o
 .rodata        0x0000000008003104        0x2 /home/cerino/Uni/IOT/IotAssignment1/RIOTiotlab/bin/iotlab-a8-m3/ps/ps.o
 .rodata.ps.str1.1
                0x0000000008003106       0x34 /home/cerino/Uni/IOT/IotAssignment1/RIOTiotlab/bin/iotlab-a8-m3/ps/ps.o
 *fill*         0x000000000800313a        0x2 
 .rodata.state_names
                0x000000000800313c       0x34 /home/cerino/Uni/IOT/IotAssignment1/RIOTiotlab/bin/iotlab-a8-m3/ps/ps.o
 .rodata.str1.1
                0x0000000008003170       0x6a /home/cerino/Uni/IOT/IotAssignment1/RIOTiotlab/bin/iotlab-a8-m3/ps/ps.o
 *fill*         0x00000000080031da        0x2 
 .rodata.__sf_fake_stderr
                0x00000000080031dc       0x20 /opt/gcc-arm-none-eabi-8-2019-q3-update/bin/../lib/gcc/arm-none-eabi/8.3.1/../../../../arm-none-eabi/lib/thumb/v7-m/nofp/libc_nano.a(lib_a-findfp.o)
                0x00000000080031dc                __sf_fake_stderr
 .rodata.__sf_fake_stdin
                0x00000000080031fc       0x20 /opt/gcc-arm-none-eabi-8-2019-q3-update/bin/../lib/gcc/arm-none-eabi/8.3.1/../../../../arm-none-eabi/lib/thumb/v7-m/nofp/libc_nano.a(lib_a-findfp.o)
                0x00000000080031fc                __sf_fake_stdin
 .rodata.__sf_fake_stdout
                0x000000000800321c       0x20 /opt/gcc-arm-none-eabi-8-2019-q3-update/bin/../lib/gcc/arm-none-eabi/8.3.1/../../../../arm-none-eabi/lib/thumb/v7-m/nofp/libc_nano.a(lib_a-findfp.o)
                0x000000000800321c                __sf_fake_stdout
 .rodata._global_impure_ptr
                0x000000000800323c        0x4 /opt/gcc-arm-none-eabi-8-2019-q3-update/bin/../lib/gcc/arm-none-eabi/8.3.1/../../../../arm-none-eabi/lib/thumb/v7-m/nofp/libc_nano.a(lib_a-impure.o)
                0x000000000800323c                _global_impure_ptr
 .rodata._vfprintf_r.str1.1
                0x0000000008003240       0x11 /opt/gcc-arm-none-eabi-8-2019-q3-update/bin/../lib/gcc/arm-none-eabi/8.3.1/../../../../arm-none-eabi/lib/thumb/v7-m/nofp/libc_nano.a(lib_a-nano-vfprintf.o)
 .rodata._printf_i.str1.1
                0x0000000008003251       0x22 /opt/gcc-arm-none-eabi-8-2019-q3-update/bin/../lib/gcc/arm-none-eabi/8.3.1/../../../../arm-none-eabi/lib/thumb/v7-m/nofp/libc_nano.a(lib_a-nano-vfprintf_i.o)
 *(.ARM.extab* .gnu.linkonce.armextab.*)
                0x0000000008003274                . = ALIGN (0x4)
 *fill*         0x0000000008003273        0x1 
 *(.init)
                0x0000000008003274                . = ALIGN (0x4)
                0x0000000008003274                __preinit_array_start = .
 *(.preinit_array)
                0x0000000008003274                __preinit_array_end = .
                0x0000000008003274                . = ALIGN (0x4)
                0x0000000008003274                __init_array_start = .
 *(SORT_BY_NAME(.init_array.*))
 *(.init_array)
                0x0000000008003274                __init_array_end = .
                0x0000000008003274                . = ALIGN (0x4)
 *crtbegin.o(.ctors)
 *(EXCLUDE_FILE(*crtend.o) .ctors)
 *(SORT_BY_NAME(.ctors.*))
 *crtend.o(.ctors)
                0x0000000008003274                . = ALIGN (0x4)
 *(.fini)
                0x0000000008003274                . = ALIGN (0x4)
                0x0000000008003274                __fini_array_start = .
 *(.fini_array)
 *(SORT_BY_NAME(.fini_array.*))
                0x0000000008003274                __fini_array_end = .
 *crtbegin.o(.dtors)
 *(EXCLUDE_FILE(*crtend.o) .dtors)
 *(SORT_BY_NAME(.dtors.*))
 *crtend.o(.dtors)
                0x0000000008003274                . = ALIGN (0x4)
                0x0000000008003274                _efixed = .
                [!provide]                        PROVIDE (__exidx_start = .)

.vfp11_veneer   0x0000000008003274        0x0
 .vfp11_veneer  0x0000000008003274        0x0 linker stubs

.v4_bx          0x0000000008003274        0x0
 .v4_bx         0x0000000008003274        0x0 linker stubs

.iplt           0x0000000008003274        0x0
 .iplt          0x0000000008003274        0x0 /home/cerino/Uni/IOT/IotAssignment1/RIOTiotlab/bin/iotlab-a8-m3/cpu/vectors.o

.igot.plt       0x0000000008003274        0x0
 .igot.plt      0x0000000008003274        0x0 /home/cerino/Uni/IOT/IotAssignment1/RIOTiotlab/bin/iotlab-a8-m3/cpu/vectors.o

.rel.dyn        0x0000000008003274        0x0
 .rel.iplt      0x0000000008003274        0x0 /home/cerino/Uni/IOT/IotAssignment1/RIOTiotlab/bin/iotlab-a8-m3/cpu/vectors.o

.ARM.exidx
 *(.ARM.exidx* .gnu.linkonce.armexidx.*)
                [!provide]                        PROVIDE (__exidx_end = .)
                0x0000000008003274                . = ALIGN (0x4)

.eh_frame
 *(.eh_frame)
                0x0000000008003274                . = ALIGN (0x4)
                0x0000000008003274                _etext = .

.stack          0x0000000020000000      0x200
 *(.puf)
                0x0000000020000000                . = ALIGN (0x8)
                0x0000000020000000                _sstack = .
 *(.isr_stack)
 .isr_stack     0x0000000020000000      0x200 /home/cerino/Uni/IOT/IotAssignment1/RIOTiotlab/bin/iotlab-a8-m3/cortexm_common/vectors_cortexm.o
                0x0000000020000000                isr_stack
                0x0000000020000200                . = ALIGN (0x8)
                0x0000000020000200                _estack = .

.relocate       0x0000000020000200       0x84 load address 0x0000000008003274
                0x0000000020000200                . = ALIGN (0x4)
                0x0000000020000200                _srelocate = .
 *(.ramfunc .ramfunc.*)
 *(.data .data.*)
 .data.heap_top
                0x0000000020000200        0x4 /home/cerino/Uni/IOT/IotAssignment1/RIOTiotlab/bin/iotlab-a8-m3/newlib_syscalls_default/syscalls.o
 .data.stdio_uart_isrpipe
                0x0000000020000204       0x14 /home/cerino/Uni/IOT/IotAssignment1/RIOTiotlab/bin/iotlab-a8-m3/stdio_uart/stdio_uart.o
                0x0000000020000204                stdio_uart_isrpipe
 .data.pm_blocker
                0x0000000020000218        0x4 /home/cerino/Uni/IOT/IotAssignment1/RIOTiotlab/bin/iotlab-a8-m3/pm_layered/pm.o
                0x0000000020000218                pm_blocker
 .data._impure_ptr
                0x000000002000021c        0x4 /opt/gcc-arm-none-eabi-8-2019-q3-update/bin/../lib/gcc/arm-none-eabi/8.3.1/../../../../arm-none-eabi/lib/thumb/v7-m/nofp/libc_nano.a(lib_a-impure.o)
                0x000000002000021c                _impure_ptr
 .data.impure_data
                0x0000000020000220       0x60 /opt/gcc-arm-none-eabi-8-2019-q3-update/bin/../lib/gcc/arm-none-eabi/8.3.1/../../../../arm-none-eabi/lib/thumb/v7-m/nofp/libc_nano.a(lib_a-impure.o)
 *(.openocd .openocd.*)
 .openocd       0x0000000020000280        0x1 /home/cerino/Uni/IOT/IotAssignment1/RIOTiotlab/bin/iotlab-a8-m3/core/sched.o
                0x0000000020000280                max_threads
                0x0000000020000284                . = ALIGN (0x4)
 *fill*         0x0000000020000281        0x3 
                0x0000000020000284                _erelocate = .

.bss            0x0000000020000284      0x864 load address 0x00000000080032f8
                0x0000000020000284                . = ALIGN (0x4)
                0x0000000020000284                _sbss = .
                0x0000000020000284                _szero = .
 *(.bss .bss.*)
 .bss.runqueue_bitcache
                0x0000000020000284        0x4 /home/cerino/Uni/IOT/IotAssignment1/RIOTiotlab/bin/iotlab-a8-m3/core/sched.o
 .bss.sched_active_pid
                0x0000000020000288        0x2 /home/cerino/Uni/IOT/IotAssignment1/RIOTiotlab/bin/iotlab-a8-m3/core/sched.o
                0x0000000020000288                sched_active_pid
 *fill*         0x000000002000028a        0x2 
 .bss.sched_active_thread
                0x000000002000028c        0x4 /home/cerino/Uni/IOT/IotAssignment1/RIOTiotlab/bin/iotlab-a8-m3/core/sched.o
                0x000000002000028c                sched_active_thread
 .bss.sched_context_switch_request
                0x0000000020000290        0x4 /home/cerino/Uni/IOT/IotAssignment1/RIOTiotlab/bin/iotlab-a8-m3/core/sched.o
                0x0000000020000290                sched_context_switch_request
 .bss.sched_num_threads
                0x0000000020000294        0x4 /home/cerino/Uni/IOT/IotAssignment1/RIOTiotlab/bin/iotlab-a8-m3/core/sched.o
                0x0000000020000294                sched_num_threads
 .bss.sched_runqueues
                0x0000000020000298       0x40 /home/cerino/Uni/IOT/IotAssignment1/RIOTiotlab/bin/iotlab-a8-m3/core/sched.o
                0x0000000020000298                sched_runqueues
 .bss.sched_threads
                0x00000000200002d8       0x84 /home/cerino/Uni/IOT/IotAssignment1/RIOTiotlab/bin/iotlab-a8-m3/core/sched.o
                0x00000000200002d8                sched_threads
 .bss._rx_buf_mem
                0x000000002000035c       0x40 /home/cerino/Uni/IOT/IotAssignment1/RIOTiotlab/bin/iotlab-a8-m3/stdio_uart/stdio_uart.o
 .bss.isr_ctx   0x000000002000039c       0x18 /home/cerino/Uni/IOT/IotAssignment1/RIOTiotlab/bin/iotlab-a8-m3/stm32_common_periph/uart.o
 .bss.idle_stack
                0x00000000200003b4      0x100 /home/cerino/Uni/IOT/IotAssignment1/RIOTiotlab/bin/iotlab-a8-m3/core/init.o
 .bss.main_stack
                0x00000000200004b4      0x600 /home/cerino/Uni/IOT/IotAssignment1/RIOTiotlab/bin/iotlab-a8-m3/core/init.o
 .bss.crashed   0x0000000020000ab4        0x4 /home/cerino/Uni/IOT/IotAssignment1/RIOTiotlab/bin/iotlab-a8-m3/core/panic.o
 .bss.dev       0x0000000020000ab8       0x18 /home/cerino/Uni/IOT/IotAssignment1/RIOTiotlab/bin/iotlab-a8-m3/application_shell/main.o
 .bss.locks     0x0000000020000ad0        0x4 /home/cerino/Uni/IOT/IotAssignment1/RIOTiotlab/bin/iotlab-a8-m3/stm32_common_periph/i2c_2.o
 .bss.__malloc_free_list
                0x0000000020000ad4        0x4 /opt/gcc-arm-none-eabi-8-2019-q3-update/bin/../lib/gcc/arm-none-eabi/8.3.1/../../../../arm-none-eabi/lib/thumb/v7-m/nofp/libc_nano.a(lib_a-nano-mallocr.o)
                0x0000000020000ad4                __malloc_free_list
 .bss.__malloc_sbrk_start
                0x0000000020000ad8        0x4 /opt/gcc-arm-none-eabi-8-2019-q3-update/bin/../lib/gcc/arm-none-eabi/8.3.1/../../../../arm-none-eabi/lib/thumb/v7-m/nofp/libc_nano.a(lib_a-nano-mallocr.o)
                0x0000000020000ad8                __malloc_sbrk_start
 *(COMMON)
 COMMON         0x0000000020000adc        0x9 /opt/gcc-arm-none-eabi-8-2019-q3-update/bin/../lib/gcc/arm-none-eabi/8.3.1/../../../../arm-none-eabi/lib/thumb/v7-m/nofp/libc_nano.a(lib_a-lock.o)
                0x0000000020000adc                __lock___atexit_recursive_mutex
                0x0000000020000add                __lock___arc4random_mutex
                0x0000000020000ade                __lock___env_recursive_mutex
                0x0000000020000adf                __lock___sinit_recursive_mutex
                0x0000000020000ae0                __lock___malloc_recursive_mutex
                0x0000000020000ae1                __lock___at_quick_exit_mutex
                0x0000000020000ae2                __lock___dd_hash_mutex
                0x0000000020000ae3                __lock___tz_mutex
                0x0000000020000ae4                __lock___sfp_recursive_mutex
                0x0000000020000ae8                . = ALIGN (0x4)
 *fill*         0x0000000020000ae5        0x3 
                0x0000000020000ae8                _ebss = .
                0x0000000020000ae8                _ezero = .

.noinit         0x0000000020000ae8        0x0 load address 0x00000000080032f8
                0x0000000020000ae8                __noinit_start = .
 *(.noinit)
                0x0000000020000ae8                . = ALIGN (0x4)
                0x0000000020000ae8                __noinit_end = .
                0x0000000020000ae8                . = ALIGN (0x4)
                0x0000000020000ae8                _sheap = .
                0x0000000020010000                _eheap = (ORIGIN (ram) + LENGTH (ram))
                0x0000000020000000                _sram = ORIGIN (ram)
                0x0000000020010000                _eram = (ORIGIN (ram) + LENGTH (ram))
                0x00000000080032f8                _sbackup_data_load = LOADADDR (.backup.data)

.backup.data    0x0000000000000000        0x0 load address 0x00000000080032f8
                0x0000000000000000                _sbackup_data = .
 *(.backup.data)
                0x0000000000000000                _ebackup_data = .
                0x0000000000000000                . = ALIGN (0x4)

.backup.bss     0x0000000000000000        0x0 load address 0x00000000080032f8
                0x0000000000000000                _sbackup_bss = .
 *(.backup.bss)
                0x0000000000000000                _ebackup_bss = .
                0x0000000000000000                . = ALIGN (0x4)

.heap3          0x0000000000000000        0x0 load address 0x00000000080032f8
                0x0000000000000000                _sheap1 = .
                0x0000000000000000                _eheap1 = (ORIGIN (bkup-ram) + LENGTH (bkup-ram))
OUTPUT(/home/cerino/Uni/IOT/IotAssignment1/RIOTiotlab/bin/iotlab-a8-m3/shell.elf elf32-littlearm)

.debug_info     0x0000000000000000    0x263e0
 .debug_info    0x0000000000000000      0x105 /home/cerino/Uni/IOT/IotAssignment1/RIOTiotlab/bin/iotlab-a8-m3/cpu/vectors.o
 .debug_info    0x0000000000000105     0x1dc8 /home/cerino/Uni/IOT/IotAssignment1/RIOTiotlab/bin/iotlab-a8-m3/newlib_syscalls_default/syscalls.o
 .debug_info    0x0000000000001ecd      0xf3a /home/cerino/Uni/IOT/IotAssignment1/RIOTiotlab/bin/iotlab-a8-m3/core/sched.o
 .debug_info    0x0000000000002e07     0x10f0 /home/cerino/Uni/IOT/IotAssignment1/RIOTiotlab/bin/iotlab-a8-m3/cortexm_common/thread_arch.o
 .debug_info    0x0000000000003ef7     0x15f3 /home/cerino/Uni/IOT/IotAssignment1/RIOTiotlab/bin/iotlab-a8-m3/cortexm_common/vectors_cortexm.o
 .debug_info    0x00000000000054ea      0xdec /home/cerino/Uni/IOT/IotAssignment1/RIOTiotlab/bin/iotlab-a8-m3/cortexm_common/irq_arch.o
 .debug_info    0x00000000000062d6     0x1541 /home/cerino/Uni/IOT/IotAssignment1/RIOTiotlab/bin/iotlab-a8-m3/stdio_uart/stdio_uart.o
 .debug_info    0x0000000000007817     0x1cd9 /home/cerino/Uni/IOT/IotAssignment1/RIOTiotlab/bin/iotlab-a8-m3/stm32_common_periph/uart.o
 .debug_info    0x00000000000094f0      0xf39 /home/cerino/Uni/IOT/IotAssignment1/RIOTiotlab/bin/iotlab-a8-m3/stm32_common_periph/pm.o
 .debug_info    0x000000000000a429     0x1397 /home/cerino/Uni/IOT/IotAssignment1/RIOTiotlab/bin/iotlab-a8-m3/boards_common_iotlab/board_init.o
 .debug_info    0x000000000000b7c0      0xe57 /home/cerino/Uni/IOT/IotAssignment1/RIOTiotlab/bin/iotlab-a8-m3/core/init.o
 .debug_info    0x000000000000c617      0xda5 /home/cerino/Uni/IOT/IotAssignment1/RIOTiotlab/bin/iotlab-a8-m3/core/panic.o
 .debug_info    0x000000000000d3bc     0x136d /home/cerino/Uni/IOT/IotAssignment1/RIOTiotlab/bin/iotlab-a8-m3/core/thread.o
 .debug_info    0x000000000000e729      0xe4b /home/cerino/Uni/IOT/IotAssignment1/RIOTiotlab/bin/iotlab-a8-m3/cortexm_common_periph/pm.o
 .debug_info    0x000000000000f574      0x40d /home/cerino/Uni/IOT/IotAssignment1/RIOTiotlab/bin/iotlab-a8-m3/isrpipe/isrpipe.o
 .debug_info    0x000000000000f981     0x1895 /home/cerino/Uni/IOT/IotAssignment1/RIOTiotlab/bin/iotlab-a8-m3/periph/gpio.o
 .debug_info    0x0000000000011216      0xdb2 /home/cerino/Uni/IOT/IotAssignment1/RIOTiotlab/bin/iotlab-a8-m3/pm_layered/pm.o
 .debug_info    0x0000000000011fc8     0x1415 /home/cerino/Uni/IOT/IotAssignment1/RIOTiotlab/bin/iotlab-a8-m3/stm32_common/stmclk.o
 .debug_info    0x00000000000133dd     0x13d1 /home/cerino/Uni/IOT/IotAssignment1/RIOTiotlab/bin/iotlab-a8-m3/stm32_common/stmclk_common.o
 .debug_info    0x00000000000147ae     0x1549 /home/cerino/Uni/IOT/IotAssignment1/RIOTiotlab/bin/iotlab-a8-m3/stm32_common/cpu_init.o
 .debug_info    0x0000000000015cf7     0x146a /home/cerino/Uni/IOT/IotAssignment1/RIOTiotlab/bin/iotlab-a8-m3/stm32_common/cpu_common.o
 .debug_info    0x0000000000017161      0x482 /home/cerino/Uni/IOT/IotAssignment1/RIOTiotlab/bin/iotlab-a8-m3/tsrb/tsrb.o
 .debug_info    0x00000000000175e3     0x12a8 /home/cerino/Uni/IOT/IotAssignment1/RIOTiotlab/bin/iotlab-a8-m3/periph_common/init.o
 .debug_info    0x000000000001888b     0x1c07 /home/cerino/Uni/IOT/IotAssignment1/RIOTiotlab/bin/iotlab-a8-m3/application_shell/main.o
 .debug_info    0x000000000001a492      0xb76 /home/cerino/Uni/IOT/IotAssignment1/RIOTiotlab/bin/iotlab-a8-m3/auto_init/auto_init.o
 .debug_info    0x000000000001b008      0xfe4 /home/cerino/Uni/IOT/IotAssignment1/RIOTiotlab/bin/iotlab-a8-m3/core/mutex.o
 .debug_info    0x000000000001bfec     0x1345 /home/cerino/Uni/IOT/IotAssignment1/RIOTiotlab/bin/iotlab-a8-m3/cortexm_common/cortexm_init.o
 .debug_info    0x000000000001d331     0x1ddc /home/cerino/Uni/IOT/IotAssignment1/RIOTiotlab/bin/iotlab-a8-m3/hts221/hts221.o
 .debug_info    0x000000000001f10d     0x11b8 /home/cerino/Uni/IOT/IotAssignment1/RIOTiotlab/bin/iotlab-a8-m3/shell/shell.o
 .debug_info    0x00000000000202c5      0x9a6 /home/cerino/Uni/IOT/IotAssignment1/RIOTiotlab/bin/iotlab-a8-m3/shell_commands/shell_commands.o
 .debug_info    0x0000000000020c6b      0xcde /home/cerino/Uni/IOT/IotAssignment1/RIOTiotlab/bin/iotlab-a8-m3/shell_commands/sc_sys.o
 .debug_info    0x0000000000021949       0x9a /home/cerino/Uni/IOT/IotAssignment1/RIOTiotlab/bin/iotlab-a8-m3/shell_commands/sc_ps.o
 .debug_info    0x00000000000219e3     0x2347 /home/cerino/Uni/IOT/IotAssignment1/RIOTiotlab/bin/iotlab-a8-m3/stm32_common_periph/i2c_2.o
 .debug_info    0x0000000000023d2a     0x1980 /home/cerino/Uni/IOT/IotAssignment1/RIOTiotlab/bin/iotlab-a8-m3/periph_common/i2c.o
 .debug_info    0x00000000000256aa      0xd36 /home/cerino/Uni/IOT/IotAssignment1/RIOTiotlab/bin/iotlab-a8-m3/ps/ps.o

.debug_abbrev   0x0000000000000000     0x6143
 .debug_abbrev  0x0000000000000000       0xcf /home/cerino/Uni/IOT/IotAssignment1/RIOTiotlab/bin/iotlab-a8-m3/cpu/vectors.o
 .debug_abbrev  0x00000000000000cf      0x438 /home/cerino/Uni/IOT/IotAssignment1/RIOTiotlab/bin/iotlab-a8-m3/newlib_syscalls_default/syscalls.o
 .debug_abbrev  0x0000000000000507      0x394 /home/cerino/Uni/IOT/IotAssignment1/RIOTiotlab/bin/iotlab-a8-m3/core/sched.o
 .debug_abbrev  0x000000000000089b      0x375 /home/cerino/Uni/IOT/IotAssignment1/RIOTiotlab/bin/iotlab-a8-m3/cortexm_common/thread_arch.o
 .debug_abbrev  0x0000000000000c10      0x2e9 /home/cerino/Uni/IOT/IotAssignment1/RIOTiotlab/bin/iotlab-a8-m3/cortexm_common/vectors_cortexm.o
 .debug_abbrev  0x0000000000000ef9      0x2f0 /home/cerino/Uni/IOT/IotAssignment1/RIOTiotlab/bin/iotlab-a8-m3/cortexm_common/irq_arch.o
 .debug_abbrev  0x00000000000011e9      0x2c7 /home/cerino/Uni/IOT/IotAssignment1/RIOTiotlab/bin/iotlab-a8-m3/stdio_uart/stdio_uart.o
 .debug_abbrev  0x00000000000014b0      0x4c3 /home/cerino/Uni/IOT/IotAssignment1/RIOTiotlab/bin/iotlab-a8-m3/stm32_common_periph/uart.o
 .debug_abbrev  0x0000000000001973      0x2d7 /home/cerino/Uni/IOT/IotAssignment1/RIOTiotlab/bin/iotlab-a8-m3/stm32_common_periph/pm.o
 .debug_abbrev  0x0000000000001c4a      0x245 /home/cerino/Uni/IOT/IotAssignment1/RIOTiotlab/bin/iotlab-a8-m3/boards_common_iotlab/board_init.o
 .debug_abbrev  0x0000000000001e8f      0x261 /home/cerino/Uni/IOT/IotAssignment1/RIOTiotlab/bin/iotlab-a8-m3/core/init.o
 .debug_abbrev  0x00000000000020f0      0x255 /home/cerino/Uni/IOT/IotAssignment1/RIOTiotlab/bin/iotlab-a8-m3/core/panic.o
 .debug_abbrev  0x0000000000002345      0x38f /home/cerino/Uni/IOT/IotAssignment1/RIOTiotlab/bin/iotlab-a8-m3/core/thread.o
 .debug_abbrev  0x00000000000026d4      0x22d /home/cerino/Uni/IOT/IotAssignment1/RIOTiotlab/bin/iotlab-a8-m3/cortexm_common_periph/pm.o
 .debug_abbrev  0x0000000000002901      0x20b /home/cerino/Uni/IOT/IotAssignment1/RIOTiotlab/bin/iotlab-a8-m3/isrpipe/isrpipe.o
 .debug_abbrev  0x0000000000002b0c      0x351 /home/cerino/Uni/IOT/IotAssignment1/RIOTiotlab/bin/iotlab-a8-m3/periph/gpio.o
 .debug_abbrev  0x0000000000002e5d      0x24d /home/cerino/Uni/IOT/IotAssignment1/RIOTiotlab/bin/iotlab-a8-m3/pm_layered/pm.o
 .debug_abbrev  0x00000000000030aa      0x240 /home/cerino/Uni/IOT/IotAssignment1/RIOTiotlab/bin/iotlab-a8-m3/stm32_common/stmclk.o
 .debug_abbrev  0x00000000000032ea      0x233 /home/cerino/Uni/IOT/IotAssignment1/RIOTiotlab/bin/iotlab-a8-m3/stm32_common/stmclk_common.o
 .debug_abbrev  0x000000000000351d      0x2df /home/cerino/Uni/IOT/IotAssignment1/RIOTiotlab/bin/iotlab-a8-m3/stm32_common/cpu_init.o
 .debug_abbrev  0x00000000000037fc      0x2ed /home/cerino/Uni/IOT/IotAssignment1/RIOTiotlab/bin/iotlab-a8-m3/stm32_common/cpu_common.o
 .debug_abbrev  0x0000000000003ae9      0x1c9 /home/cerino/Uni/IOT/IotAssignment1/RIOTiotlab/bin/iotlab-a8-m3/tsrb/tsrb.o
 .debug_abbrev  0x0000000000003cb2      0x247 /home/cerino/Uni/IOT/IotAssignment1/RIOTiotlab/bin/iotlab-a8-m3/periph_common/init.o
 .debug_abbrev  0x0000000000003ef9      0x34a /home/cerino/Uni/IOT/IotAssignment1/RIOTiotlab/bin/iotlab-a8-m3/application_shell/main.o
 .debug_abbrev  0x0000000000004243      0x1bc /home/cerino/Uni/IOT/IotAssignment1/RIOTiotlab/bin/iotlab-a8-m3/auto_init/auto_init.o
 .debug_abbrev  0x00000000000043ff      0x306 /home/cerino/Uni/IOT/IotAssignment1/RIOTiotlab/bin/iotlab-a8-m3/core/mutex.o
 .debug_abbrev  0x0000000000004705      0x3a4 /home/cerino/Uni/IOT/IotAssignment1/RIOTiotlab/bin/iotlab-a8-m3/cortexm_common/cortexm_init.o
 .debug_abbrev  0x0000000000004aa9      0x369 /home/cerino/Uni/IOT/IotAssignment1/RIOTiotlab/bin/iotlab-a8-m3/hts221/hts221.o
 .debug_abbrev  0x0000000000004e12      0x3d9 /home/cerino/Uni/IOT/IotAssignment1/RIOTiotlab/bin/iotlab-a8-m3/shell/shell.o
 .debug_abbrev  0x00000000000051eb      0x18a /home/cerino/Uni/IOT/IotAssignment1/RIOTiotlab/bin/iotlab-a8-m3/shell_commands/shell_commands.o
 .debug_abbrev  0x0000000000005375      0x218 /home/cerino/Uni/IOT/IotAssignment1/RIOTiotlab/bin/iotlab-a8-m3/shell_commands/sc_sys.o
 .debug_abbrev  0x000000000000558d       0x86 /home/cerino/Uni/IOT/IotAssignment1/RIOTiotlab/bin/iotlab-a8-m3/shell_commands/sc_ps.o
 .debug_abbrev  0x0000000000005613      0x530 /home/cerino/Uni/IOT/IotAssignment1/RIOTiotlab/bin/iotlab-a8-m3/stm32_common_periph/i2c_2.o
 .debug_abbrev  0x0000000000005b43      0x3b5 /home/cerino/Uni/IOT/IotAssignment1/RIOTiotlab/bin/iotlab-a8-m3/periph_common/i2c.o
 .debug_abbrev  0x0000000000005ef8      0x24b /home/cerino/Uni/IOT/IotAssignment1/RIOTiotlab/bin/iotlab-a8-m3/ps/ps.o

.debug_aranges  0x0000000000000000      0x810
 .debug_aranges
                0x0000000000000000       0x20 /home/cerino/Uni/IOT/IotAssignment1/RIOTiotlab/bin/iotlab-a8-m3/cpu/vectors.o
 .debug_aranges
                0x0000000000000020       0xb8 /home/cerino/Uni/IOT/IotAssignment1/RIOTiotlab/bin/iotlab-a8-m3/newlib_syscalls_default/syscalls.o
 .debug_aranges
                0x00000000000000d8       0x38 /home/cerino/Uni/IOT/IotAssignment1/RIOTiotlab/bin/iotlab-a8-m3/core/sched.o
 .debug_aranges
                0x0000000000000110       0x60 /home/cerino/Uni/IOT/IotAssignment1/RIOTiotlab/bin/iotlab-a8-m3/cortexm_common/thread_arch.o
 .debug_aranges
                0x0000000000000170       0x60 /home/cerino/Uni/IOT/IotAssignment1/RIOTiotlab/bin/iotlab-a8-m3/cortexm_common/vectors_cortexm.o
 .debug_aranges
                0x00000000000001d0       0x38 /home/cerino/Uni/IOT/IotAssignment1/RIOTiotlab/bin/iotlab-a8-m3/cortexm_common/irq_arch.o
 .debug_aranges
                0x0000000000000208       0x30 /home/cerino/Uni/IOT/IotAssignment1/RIOTiotlab/bin/iotlab-a8-m3/stdio_uart/stdio_uart.o
 .debug_aranges
                0x0000000000000238       0x58 /home/cerino/Uni/IOT/IotAssignment1/RIOTiotlab/bin/iotlab-a8-m3/stm32_common_periph/uart.o
 .debug_aranges
                0x0000000000000290       0x28 /home/cerino/Uni/IOT/IotAssignment1/RIOTiotlab/bin/iotlab-a8-m3/stm32_common_periph/pm.o
 .debug_aranges
                0x00000000000002b8       0x20 /home/cerino/Uni/IOT/IotAssignment1/RIOTiotlab/bin/iotlab-a8-m3/boards_common_iotlab/board_init.o
 .debug_aranges
                0x00000000000002d8       0x30 /home/cerino/Uni/IOT/IotAssignment1/RIOTiotlab/bin/iotlab-a8-m3/core/init.o
 .debug_aranges
                0x0000000000000308       0x28 /home/cerino/Uni/IOT/IotAssignment1/RIOTiotlab/bin/iotlab-a8-m3/core/panic.o
 .debug_aranges
                0x0000000000000330       0x68 /home/cerino/Uni/IOT/IotAssignment1/RIOTiotlab/bin/iotlab-a8-m3/core/thread.o
 .debug_aranges
                0x0000000000000398       0x20 /home/cerino/Uni/IOT/IotAssignment1/RIOTiotlab/bin/iotlab-a8-m3/cortexm_common_periph/pm.o
 .debug_aranges
                0x00000000000003b8       0x30 /home/cerino/Uni/IOT/IotAssignment1/RIOTiotlab/bin/iotlab-a8-m3/isrpipe/isrpipe.o
 .debug_aranges
                0x00000000000003e8       0x58 /home/cerino/Uni/IOT/IotAssignment1/RIOTiotlab/bin/iotlab-a8-m3/periph/gpio.o
 .debug_aranges
                0x0000000000000440       0x30 /home/cerino/Uni/IOT/IotAssignment1/RIOTiotlab/bin/iotlab-a8-m3/pm_layered/pm.o
 .debug_aranges
                0x0000000000000470       0x20 /home/cerino/Uni/IOT/IotAssignment1/RIOTiotlab/bin/iotlab-a8-m3/stm32_common/stmclk.o
 .debug_aranges
                0x0000000000000490       0x48 /home/cerino/Uni/IOT/IotAssignment1/RIOTiotlab/bin/iotlab-a8-m3/stm32_common/stmclk_common.o
 .debug_aranges
                0x00000000000004d8       0x20 /home/cerino/Uni/IOT/IotAssignment1/RIOTiotlab/bin/iotlab-a8-m3/stm32_common/cpu_init.o
 .debug_aranges
                0x00000000000004f8       0x38 /home/cerino/Uni/IOT/IotAssignment1/RIOTiotlab/bin/iotlab-a8-m3/stm32_common/cpu_common.o
 .debug_aranges
                0x0000000000000530       0x48 /home/cerino/Uni/IOT/IotAssignment1/RIOTiotlab/bin/iotlab-a8-m3/tsrb/tsrb.o
 .debug_aranges
                0x0000000000000578       0x20 /home/cerino/Uni/IOT/IotAssignment1/RIOTiotlab/bin/iotlab-a8-m3/periph_common/init.o
 .debug_aranges
                0x0000000000000598       0x30 /home/cerino/Uni/IOT/IotAssignment1/RIOTiotlab/bin/iotlab-a8-m3/application_shell/main.o
 .debug_aranges
                0x00000000000005c8       0x20 /home/cerino/Uni/IOT/IotAssignment1/RIOTiotlab/bin/iotlab-a8-m3/auto_init/auto_init.o
 .debug_aranges
                0x00000000000005e8       0x30 /home/cerino/Uni/IOT/IotAssignment1/RIOTiotlab/bin/iotlab-a8-m3/core/mutex.o
 .debug_aranges
                0x0000000000000618       0x28 /home/cerino/Uni/IOT/IotAssignment1/RIOTiotlab/bin/iotlab-a8-m3/cortexm_common/cortexm_init.o
 .debug_aranges
                0x0000000000000640       0x78 /home/cerino/Uni/IOT/IotAssignment1/RIOTiotlab/bin/iotlab-a8-m3/hts221/hts221.o
 .debug_aranges
                0x00000000000006b8       0x28 /home/cerino/Uni/IOT/IotAssignment1/RIOTiotlab/bin/iotlab-a8-m3/shell/shell.o
 .debug_aranges
                0x00000000000006e0       0x18 /home/cerino/Uni/IOT/IotAssignment1/RIOTiotlab/bin/iotlab-a8-m3/shell_commands/shell_commands.o
 .debug_aranges
                0x00000000000006f8       0x28 /home/cerino/Uni/IOT/IotAssignment1/RIOTiotlab/bin/iotlab-a8-m3/shell_commands/sc_sys.o
 .debug_aranges
                0x0000000000000720       0x20 /home/cerino/Uni/IOT/IotAssignment1/RIOTiotlab/bin/iotlab-a8-m3/shell_commands/sc_ps.o
 .debug_aranges
                0x0000000000000740       0x68 /home/cerino/Uni/IOT/IotAssignment1/RIOTiotlab/bin/iotlab-a8-m3/stm32_common_periph/i2c_2.o
 .debug_aranges
                0x00000000000007a8       0x48 /home/cerino/Uni/IOT/IotAssignment1/RIOTiotlab/bin/iotlab-a8-m3/periph_common/i2c.o
 .debug_aranges
                0x00000000000007f0       0x20 /home/cerino/Uni/IOT/IotAssignment1/RIOTiotlab/bin/iotlab-a8-m3/ps/ps.o

.debug_ranges   0x0000000000000000      0xe28
 .debug_ranges  0x0000000000000000       0x10 /home/cerino/Uni/IOT/IotAssignment1/RIOTiotlab/bin/iotlab-a8-m3/cpu/vectors.o
 .debug_ranges  0x0000000000000010       0xd8 /home/cerino/Uni/IOT/IotAssignment1/RIOTiotlab/bin/iotlab-a8-m3/newlib_syscalls_default/syscalls.o
 .debug_ranges  0x00000000000000e8       0x88 /home/cerino/Uni/IOT/IotAssignment1/RIOTiotlab/bin/iotlab-a8-m3/core/sched.o
 .debug_ranges  0x0000000000000170       0xa0 /home/cerino/Uni/IOT/IotAssignment1/RIOTiotlab/bin/iotlab-a8-m3/cortexm_common/thread_arch.o
 .debug_ranges  0x0000000000000210       0x50 /home/cerino/Uni/IOT/IotAssignment1/RIOTiotlab/bin/iotlab-a8-m3/cortexm_common/vectors_cortexm.o
 .debug_ranges  0x0000000000000260       0x28 /home/cerino/Uni/IOT/IotAssignment1/RIOTiotlab/bin/iotlab-a8-m3/cortexm_common/irq_arch.o
 .debug_ranges  0x0000000000000288       0x20 /home/cerino/Uni/IOT/IotAssignment1/RIOTiotlab/bin/iotlab-a8-m3/stdio_uart/stdio_uart.o
 .debug_ranges  0x00000000000002a8      0x178 /home/cerino/Uni/IOT/IotAssignment1/RIOTiotlab/bin/iotlab-a8-m3/stm32_common_periph/uart.o
 .debug_ranges  0x0000000000000420       0x40 /home/cerino/Uni/IOT/IotAssignment1/RIOTiotlab/bin/iotlab-a8-m3/stm32_common_periph/pm.o
 .debug_ranges  0x0000000000000460       0x10 /home/cerino/Uni/IOT/IotAssignment1/RIOTiotlab/bin/iotlab-a8-m3/boards_common_iotlab/board_init.o
 .debug_ranges  0x0000000000000470       0x20 /home/cerino/Uni/IOT/IotAssignment1/RIOTiotlab/bin/iotlab-a8-m3/core/init.o
 .debug_ranges  0x0000000000000490       0x18 /home/cerino/Uni/IOT/IotAssignment1/RIOTiotlab/bin/iotlab-a8-m3/core/panic.o
 .debug_ranges  0x00000000000004a8       0xb8 /home/cerino/Uni/IOT/IotAssignment1/RIOTiotlab/bin/iotlab-a8-m3/core/thread.o
 .debug_ranges  0x0000000000000560       0x10 /home/cerino/Uni/IOT/IotAssignment1/RIOTiotlab/bin/iotlab-a8-m3/cortexm_common_periph/pm.o
 .debug_ranges  0x0000000000000570       0x50 /home/cerino/Uni/IOT/IotAssignment1/RIOTiotlab/bin/iotlab-a8-m3/isrpipe/isrpipe.o
 .debug_ranges  0x00000000000005c0      0x158 /home/cerino/Uni/IOT/IotAssignment1/RIOTiotlab/bin/iotlab-a8-m3/periph/gpio.o
 .debug_ranges  0x0000000000000718       0x20 /home/cerino/Uni/IOT/IotAssignment1/RIOTiotlab/bin/iotlab-a8-m3/pm_layered/pm.o
 .debug_ranges  0x0000000000000738       0x10 /home/cerino/Uni/IOT/IotAssignment1/RIOTiotlab/bin/iotlab-a8-m3/stm32_common/stmclk.o
 .debug_ranges  0x0000000000000748       0x38 /home/cerino/Uni/IOT/IotAssignment1/RIOTiotlab/bin/iotlab-a8-m3/stm32_common/stmclk_common.o
 .debug_ranges  0x0000000000000780       0x68 /home/cerino/Uni/IOT/IotAssignment1/RIOTiotlab/bin/iotlab-a8-m3/stm32_common/cpu_init.o
 .debug_ranges  0x00000000000007e8       0x28 /home/cerino/Uni/IOT/IotAssignment1/RIOTiotlab/bin/iotlab-a8-m3/stm32_common/cpu_common.o
 .debug_ranges  0x0000000000000810       0x98 /home/cerino/Uni/IOT/IotAssignment1/RIOTiotlab/bin/iotlab-a8-m3/tsrb/tsrb.o
 .debug_ranges  0x00000000000008a8       0x10 /home/cerino/Uni/IOT/IotAssignment1/RIOTiotlab/bin/iotlab-a8-m3/periph_common/init.o
 .debug_ranges  0x00000000000008b8       0x20 /home/cerino/Uni/IOT/IotAssignment1/RIOTiotlab/bin/iotlab-a8-m3/application_shell/main.o
 .debug_ranges  0x00000000000008d8       0x10 /home/cerino/Uni/IOT/IotAssignment1/RIOTiotlab/bin/iotlab-a8-m3/auto_init/auto_init.o
 .debug_ranges  0x00000000000008e8       0x80 /home/cerino/Uni/IOT/IotAssignment1/RIOTiotlab/bin/iotlab-a8-m3/core/mutex.o
 .debug_ranges  0x0000000000000968       0x90 /home/cerino/Uni/IOT/IotAssignment1/RIOTiotlab/bin/iotlab-a8-m3/cortexm_common/cortexm_init.o
 .debug_ranges  0x00000000000009f8       0x68 /home/cerino/Uni/IOT/IotAssignment1/RIOTiotlab/bin/iotlab-a8-m3/hts221/hts221.o
 .debug_ranges  0x0000000000000a60      0x1c0 /home/cerino/Uni/IOT/IotAssignment1/RIOTiotlab/bin/iotlab-a8-m3/shell/shell.o
 .debug_ranges  0x0000000000000c20       0x18 /home/cerino/Uni/IOT/IotAssignment1/RIOTiotlab/bin/iotlab-a8-m3/shell_commands/sc_sys.o
 .debug_ranges  0x0000000000000c38       0x10 /home/cerino/Uni/IOT/IotAssignment1/RIOTiotlab/bin/iotlab-a8-m3/shell_commands/sc_ps.o
 .debug_ranges  0x0000000000000c48      0x140 /home/cerino/Uni/IOT/IotAssignment1/RIOTiotlab/bin/iotlab-a8-m3/stm32_common_periph/i2c_2.o
 .debug_ranges  0x0000000000000d88       0x78 /home/cerino/Uni/IOT/IotAssignment1/RIOTiotlab/bin/iotlab-a8-m3/periph_common/i2c.o
 .debug_ranges  0x0000000000000e00       0x28 /home/cerino/Uni/IOT/IotAssignment1/RIOTiotlab/bin/iotlab-a8-m3/ps/ps.o

.debug_macro    0x0000000000000000    0x29c2f
 .debug_macro   0x0000000000000000       0xe1 /home/cerino/Uni/IOT/IotAssignment1/RIOTiotlab/bin/iotlab-a8-m3/cpu/vectors.o
 .debug_macro   0x00000000000000e1      0xad8 /home/cerino/Uni/IOT/IotAssignment1/RIOTiotlab/bin/iotlab-a8-m3/cpu/vectors.o
 .debug_macro   0x0000000000000bb9      0x148 /home/cerino/Uni/IOT/IotAssignment1/RIOTiotlab/bin/iotlab-a8-m3/cpu/vectors.o
 .debug_macro   0x0000000000000d01       0x2e /home/cerino/Uni/IOT/IotAssignment1/RIOTiotlab/bin/iotlab-a8-m3/cpu/vectors.o
 .debug_macro   0x0000000000000d2f       0x2e /home/cerino/Uni/IOT/IotAssignment1/RIOTiotlab/bin/iotlab-a8-m3/cpu/vectors.o
 .debug_macro   0x0000000000000d5d       0x22 /home/cerino/Uni/IOT/IotAssignment1/RIOTiotlab/bin/iotlab-a8-m3/cpu/vectors.o
 .debug_macro   0x0000000000000d7f       0x22 /home/cerino/Uni/IOT/IotAssignment1/RIOTiotlab/bin/iotlab-a8-m3/cpu/vectors.o
 .debug_macro   0x0000000000000da1       0x56 /home/cerino/Uni/IOT/IotAssignment1/RIOTiotlab/bin/iotlab-a8-m3/cpu/vectors.o
 .debug_macro   0x0000000000000df7       0x51 /home/cerino/Uni/IOT/IotAssignment1/RIOTiotlab/bin/iotlab-a8-m3/cpu/vectors.o
 .debug_macro   0x0000000000000e48      0x103 /home/cerino/Uni/IOT/IotAssignment1/RIOTiotlab/bin/iotlab-a8-m3/cpu/vectors.o
 .debug_macro   0x0000000000000f4b       0x6a /home/cerino/Uni/IOT/IotAssignment1/RIOTiotlab/bin/iotlab-a8-m3/cpu/vectors.o
 .debug_macro   0x0000000000000fb5      0x1df /home/cerino/Uni/IOT/IotAssignment1/RIOTiotlab/bin/iotlab-a8-m3/cpu/vectors.o
 .debug_macro   0x0000000000001194       0x1c /home/cerino/Uni/IOT/IotAssignment1/RIOTiotlab/bin/iotlab-a8-m3/cpu/vectors.o
 .debug_macro   0x00000000000011b0       0x22 /home/cerino/Uni/IOT/IotAssignment1/RIOTiotlab/bin/iotlab-a8-m3/cpu/vectors.o
 .debug_macro   0x00000000000011d2       0xc3 /home/cerino/Uni/IOT/IotAssignment1/RIOTiotlab/bin/iotlab-a8-m3/cpu/vectors.o
 .debug_macro   0x0000000000001295      0xd23 /home/cerino/Uni/IOT/IotAssignment1/RIOTiotlab/bin/iotlab-a8-m3/cpu/vectors.o
 .debug_macro   0x0000000000001fb8     0x7575 /home/cerino/Uni/IOT/IotAssignment1/RIOTiotlab/bin/iotlab-a8-m3/cpu/vectors.o
 .debug_macro   0x000000000000952d       0x3c /home/cerino/Uni/IOT/IotAssignment1/RIOTiotlab/bin/iotlab-a8-m3/cpu/vectors.o
 .debug_macro   0x0000000000009569       0x2e /home/cerino/Uni/IOT/IotAssignment1/RIOTiotlab/bin/iotlab-a8-m3/cpu/vectors.o
 .debug_macro   0x0000000000009597       0x16 /home/cerino/Uni/IOT/IotAssignment1/RIOTiotlab/bin/iotlab-a8-m3/cpu/vectors.o
 .debug_macro   0x00000000000095ad      0x45c /home/cerino/Uni/IOT/IotAssignment1/RIOTiotlab/bin/iotlab-a8-m3/newlib_syscalls_default/syscalls.o
 .debug_macro   0x0000000000009a09      0xad8 /home/cerino/Uni/IOT/IotAssignment1/RIOTiotlab/bin/iotlab-a8-m3/newlib_syscalls_default/syscalls.o
 .debug_macro   0x000000000000a4e1       0x46 /home/cerino/Uni/IOT/IotAssignment1/RIOTiotlab/bin/iotlab-a8-m3/newlib_syscalls_default/syscalls.o
 .debug_macro   0x000000000000a527       0x18 /home/cerino/Uni/IOT/IotAssignment1/RIOTiotlab/bin/iotlab-a8-m3/newlib_syscalls_default/syscalls.o
 .debug_macro   0x000000000000a53f       0x5c /home/cerino/Uni/IOT/IotAssignment1/RIOTiotlab/bin/iotlab-a8-m3/newlib_syscalls_default/syscalls.o
 .debug_macro   0x000000000000a59b       0x3c /home/cerino/Uni/IOT/IotAssignment1/RIOTiotlab/bin/iotlab-a8-m3/newlib_syscalls_default/syscalls.o
 .debug_macro   0x000000000000a5d7       0x34 /home/cerino/Uni/IOT/IotAssignment1/RIOTiotlab/bin/iotlab-a8-m3/newlib_syscalls_default/syscalls.o
 .debug_macro   0x000000000000a60b       0x10 /home/cerino/Uni/IOT/IotAssignment1/RIOTiotlab/bin/iotlab-a8-m3/newlib_syscalls_default/syscalls.o
 .debug_macro   0x000000000000a61b       0x57 /home/cerino/Uni/IOT/IotAssignment1/RIOTiotlab/bin/iotlab-a8-m3/newlib_syscalls_default/syscalls.o
 .debug_macro   0x000000000000a672       0xcf /home/cerino/Uni/IOT/IotAssignment1/RIOTiotlab/bin/iotlab-a8-m3/newlib_syscalls_default/syscalls.o
 .debug_macro   0x000000000000a741      0x35c /home/cerino/Uni/IOT/IotAssignment1/RIOTiotlab/bin/iotlab-a8-m3/newlib_syscalls_default/syscalls.o
 .debug_macro   0x000000000000aa9d       0x10 /home/cerino/Uni/IOT/IotAssignment1/RIOTiotlab/bin/iotlab-a8-m3/newlib_syscalls_default/syscalls.o
 .debug_macro   0x000000000000aaad       0x16 /home/cerino/Uni/IOT/IotAssignment1/RIOTiotlab/bin/iotlab-a8-m3/newlib_syscalls_default/syscalls.o
 .debug_macro   0x000000000000aac3       0x20 /home/cerino/Uni/IOT/IotAssignment1/RIOTiotlab/bin/iotlab-a8-m3/newlib_syscalls_default/syscalls.o
 .debug_macro   0x000000000000aae3       0x34 /home/cerino/Uni/IOT/IotAssignment1/RIOTiotlab/bin/iotlab-a8-m3/newlib_syscalls_default/syscalls.o
 .debug_macro   0x000000000000ab17       0xb2 /home/cerino/Uni/IOT/IotAssignment1/RIOTiotlab/bin/iotlab-a8-m3/newlib_syscalls_default/syscalls.o
 .debug_macro   0x000000000000abc9       0xb7 /home/cerino/Uni/IOT/IotAssignment1/RIOTiotlab/bin/iotlab-a8-m3/newlib_syscalls_default/syscalls.o
 .debug_macro   0x000000000000ac80      0x4fe /home/cerino/Uni/IOT/IotAssignment1/RIOTiotlab/bin/iotlab-a8-m3/newlib_syscalls_default/syscalls.o
 .debug_macro   0x000000000000b17e       0x10 /home/cerino/Uni/IOT/IotAssignment1/RIOTiotlab/bin/iotlab-a8-m3/newlib_syscalls_default/syscalls.o
 .debug_macro   0x000000000000b18e       0x58 /home/cerino/Uni/IOT/IotAssignment1/RIOTiotlab/bin/iotlab-a8-m3/newlib_syscalls_default/syscalls.o
 .debug_macro   0x000000000000b1e6      0x197 /home/cerino/Uni/IOT/IotAssignment1/RIOTiotlab/bin/iotlab-a8-m3/newlib_syscalls_default/syscalls.o
 .debug_macro   0x000000000000b37d       0x10 /home/cerino/Uni/IOT/IotAssignment1/RIOTiotlab/bin/iotlab-a8-m3/newlib_syscalls_default/syscalls.o
 .debug_macro   0x000000000000b38d       0x35 /home/cerino/Uni/IOT/IotAssignment1/RIOTiotlab/bin/iotlab-a8-m3/newlib_syscalls_default/syscalls.o
 .debug_macro   0x000000000000b3c2       0x10 /home/cerino/Uni/IOT/IotAssignment1/RIOTiotlab/bin/iotlab-a8-m3/newlib_syscalls_default/syscalls.o
 .debug_macro   0x000000000000b3d2      0x241 /home/cerino/Uni/IOT/IotAssignment1/RIOTiotlab/bin/iotlab-a8-m3/newlib_syscalls_default/syscalls.o
 .debug_macro   0x000000000000b613       0x10 /home/cerino/Uni/IOT/IotAssignment1/RIOTiotlab/bin/iotlab-a8-m3/newlib_syscalls_default/syscalls.o
 .debug_macro   0x000000000000b623       0x3c /home/cerino/Uni/IOT/IotAssignment1/RIOTiotlab/bin/iotlab-a8-m3/newlib_syscalls_default/syscalls.o
 .debug_macro   0x000000000000b65f       0x16 /home/cerino/Uni/IOT/IotAssignment1/RIOTiotlab/bin/iotlab-a8-m3/newlib_syscalls_default/syscalls.o
 .debug_macro   0x000000000000b675       0x10 /home/cerino/Uni/IOT/IotAssignment1/RIOTiotlab/bin/iotlab-a8-m3/newlib_syscalls_default/syscalls.o
 .debug_macro   0x000000000000b685       0x16 /home/cerino/Uni/IOT/IotAssignment1/RIOTiotlab/bin/iotlab-a8-m3/newlib_syscalls_default/syscalls.o
 .debug_macro   0x000000000000b69b       0xff /home/cerino/Uni/IOT/IotAssignment1/RIOTiotlab/bin/iotlab-a8-m3/newlib_syscalls_default/syscalls.o
 .debug_macro   0x000000000000b79a       0x16 /home/cerino/Uni/IOT/IotAssignment1/RIOTiotlab/bin/iotlab-a8-m3/newlib_syscalls_default/syscalls.o
 .debug_macro   0x000000000000b7b0       0x22 /home/cerino/Uni/IOT/IotAssignment1/RIOTiotlab/bin/iotlab-a8-m3/newlib_syscalls_default/syscalls.o
 .debug_macro   0x000000000000b7d2       0x16 /home/cerino/Uni/IOT/IotAssignment1/RIOTiotlab/bin/iotlab-a8-m3/newlib_syscalls_default/syscalls.o
 .debug_macro   0x000000000000b7e8       0x16 /home/cerino/Uni/IOT/IotAssignment1/RIOTiotlab/bin/iotlab-a8-m3/newlib_syscalls_default/syscalls.o
 .debug_macro   0x000000000000b7fe       0x10 /home/cerino/Uni/IOT/IotAssignment1/RIOTiotlab/bin/iotlab-a8-m3/newlib_syscalls_default/syscalls.o
 .debug_macro   0x000000000000b80e       0x10 /home/cerino/Uni/IOT/IotAssignment1/RIOTiotlab/bin/iotlab-a8-m3/newlib_syscalls_default/syscalls.o
 .debug_macro   0x000000000000b81e       0x2e /home/cerino/Uni/IOT/IotAssignment1/RIOTiotlab/bin/iotlab-a8-m3/newlib_syscalls_default/syscalls.o
 .debug_macro   0x000000000000b84c       0xf5 /home/cerino/Uni/IOT/IotAssignment1/RIOTiotlab/bin/iotlab-a8-m3/newlib_syscalls_default/syscalls.o
 .debug_macro   0x000000000000b941       0x22 /home/cerino/Uni/IOT/IotAssignment1/RIOTiotlab/bin/iotlab-a8-m3/newlib_syscalls_default/syscalls.o
 .debug_macro   0x000000000000b963       0x5f /home/cerino/Uni/IOT/IotAssignment1/RIOTiotlab/bin/iotlab-a8-m3/newlib_syscalls_default/syscalls.o
 .debug_macro   0x000000000000b9c2       0x10 /home/cerino/Uni/IOT/IotAssignment1/RIOTiotlab/bin/iotlab-a8-m3/newlib_syscalls_default/syscalls.o
 .debug_macro   0x000000000000b9d2      0x460 /home/cerino/Uni/IOT/IotAssignment1/RIOTiotlab/bin/iotlab-a8-m3/newlib_syscalls_default/syscalls.o
 .debug_macro   0x000000000000be32       0x7c /home/cerino/Uni/IOT/IotAssignment1/RIOTiotlab/bin/iotlab-a8-m3/newlib_syscalls_default/syscalls.o
 .debug_macro   0x000000000000beae       0x17 /home/cerino/Uni/IOT/IotAssignment1/RIOTiotlab/bin/iotlab-a8-m3/newlib_syscalls_default/syscalls.o
 .debug_macro   0x000000000000bec5       0xee /home/cerino/Uni/IOT/IotAssignment1/RIOTiotlab/bin/iotlab-a8-m3/newlib_syscalls_default/syscalls.o
 .debug_macro   0x000000000000bfb3       0x28 /home/cerino/Uni/IOT/IotAssignment1/RIOTiotlab/bin/iotlab-a8-m3/newlib_syscalls_default/syscalls.o
 .debug_macro   0x000000000000bfdb       0x17 /home/cerino/Uni/IOT/IotAssignment1/RIOTiotlab/bin/iotlab-a8-m3/newlib_syscalls_default/syscalls.o
 .debug_macro   0x000000000000bff2       0x10 /home/cerino/Uni/IOT/IotAssignment1/RIOTiotlab/bin/iotlab-a8-m3/newlib_syscalls_default/syscalls.o
 .debug_macro   0x000000000000c002       0x12 /home/cerino/Uni/IOT/IotAssignment1/RIOTiotlab/bin/iotlab-a8-m3/newlib_syscalls_default/syscalls.o
 .debug_macro   0x000000000000c014       0xbd /home/cerino/Uni/IOT/IotAssignment1/RIOTiotlab/bin/iotlab-a8-m3/newlib_syscalls_default/syscalls.o
 .debug_macro   0x000000000000c0d1       0x5f /home/cerino/Uni/IOT/IotAssignment1/RIOTiotlab/bin/iotlab-a8-m3/newlib_syscalls_default/syscalls.o
 .debug_macro   0x000000000000c130       0x16 /home/cerino/Uni/IOT/IotAssignment1/RIOTiotlab/bin/iotlab-a8-m3/newlib_syscalls_default/syscalls.o
 .debug_macro   0x000000000000c146      0x27e /home/cerino/Uni/IOT/IotAssignment1/RIOTiotlab/bin/iotlab-a8-m3/newlib_syscalls_default/syscalls.o
 .debug_macro   0x000000000000c3c4       0x40 /home/cerino/Uni/IOT/IotAssignment1/RIOTiotlab/bin/iotlab-a8-m3/newlib_syscalls_default/syscalls.o
 .debug_macro   0x000000000000c404       0xbe /home/cerino/Uni/IOT/IotAssignment1/RIOTiotlab/bin/iotlab-a8-m3/newlib_syscalls_default/syscalls.o
 .debug_macro   0x000000000000c4c2       0x82 /home/cerino/Uni/IOT/IotAssignment1/RIOTiotlab/bin/iotlab-a8-m3/newlib_syscalls_default/syscalls.o
 .debug_macro   0x000000000000c544       0x1c /home/cerino/Uni/IOT/IotAssignment1/RIOTiotlab/bin/iotlab-a8-m3/newlib_syscalls_default/syscalls.o
 .debug_macro   0x000000000000c560       0x34 /home/cerino/Uni/IOT/IotAssignment1/RIOTiotlab/bin/iotlab-a8-m3/newlib_syscalls_default/syscalls.o
 .debug_macro   0x000000000000c594       0x10 /home/cerino/Uni/IOT/IotAssignment1/RIOTiotlab/bin/iotlab-a8-m3/newlib_syscalls_default/syscalls.o
 .debug_macro   0x000000000000c5a4      0x302 /home/cerino/Uni/IOT/IotAssignment1/RIOTiotlab/bin/iotlab-a8-m3/core/sched.o
 .debug_macro   0x000000000000c8a6      0xad8 /home/cerino/Uni/IOT/IotAssignment1/RIOTiotlab/bin/iotlab-a8-m3/core/sched.o
 .debug_macro   0x000000000000d37e      0x16d /home/cerino/Uni/IOT/IotAssignment1/RIOTiotlab/bin/iotlab-a8-m3/core/sched.o
 .debug_macro   0x000000000000d4eb       0x4c /home/cerino/Uni/IOT/IotAssignment1/RIOTiotlab/bin/iotlab-a8-m3/core/sched.o
 .debug_macro   0x000000000000d537       0x3a /home/cerino/Uni/IOT/IotAssignment1/RIOTiotlab/bin/iotlab-a8-m3/core/sched.o
 .debug_macro   0x000000000000d571       0x43 /home/cerino/Uni/IOT/IotAssignment1/RIOTiotlab/bin/iotlab-a8-m3/core/sched.o
 .debug_macro   0x000000000000d5b4       0xd6 /home/cerino/Uni/IOT/IotAssignment1/RIOTiotlab/bin/iotlab-a8-m3/core/sched.o
 .debug_macro   0x000000000000d68a       0x2e /home/cerino/Uni/IOT/IotAssignment1/RIOTiotlab/bin/iotlab-a8-m3/core/sched.o
 .debug_macro   0x000000000000d6b8       0x1c /home/cerino/Uni/IOT/IotAssignment1/RIOTiotlab/bin/iotlab-a8-m3/core/sched.o
 .debug_macro   0x000000000000d6d4      0x114 /home/cerino/Uni/IOT/IotAssignment1/RIOTiotlab/bin/iotlab-a8-m3/core/sched.o
 .debug_macro   0x000000000000d7e8       0x22 /home/cerino/Uni/IOT/IotAssignment1/RIOTiotlab/bin/iotlab-a8-m3/core/sched.o
 .debug_macro   0x000000000000d80a      0x2e5 /home/cerino/Uni/IOT/IotAssignment1/RIOTiotlab/bin/iotlab-a8-m3/cortexm_common/thread_arch.o
 .debug_macro   0x000000000000daef      0xad8 /home/cerino/Uni/IOT/IotAssignment1/RIOTiotlab/bin/iotlab-a8-m3/cortexm_common/thread_arch.o
 .debug_macro   0x000000000000e5c7       0x97 /home/cerino/Uni/IOT/IotAssignment1/RIOTiotlab/bin/iotlab-a8-m3/cortexm_common/thread_arch.o
 .debug_macro   0x000000000000e65e       0xf6 /home/cerino/Uni/IOT/IotAssignment1/RIOTiotlab/bin/iotlab-a8-m3/cortexm_common/thread_arch.o
 .debug_macro   0x000000000000e754       0x1c /home/cerino/Uni/IOT/IotAssignment1/RIOTiotlab/bin/iotlab-a8-m3/cortexm_common/thread_arch.o
 .debug_macro   0x000000000000e770      0x34d /home/cerino/Uni/IOT/IotAssignment1/RIOTiotlab/bin/iotlab-a8-m3/cortexm_common/vectors_cortexm.o
 .debug_macro   0x000000000000eabd      0xad8 /home/cerino/Uni/IOT/IotAssignment1/RIOTiotlab/bin/iotlab-a8-m3/cortexm_common/vectors_cortexm.o
 .debug_macro   0x000000000000f595       0xbe /home/cerino/Uni/IOT/IotAssignment1/RIOTiotlab/bin/iotlab-a8-m3/cortexm_common/vectors_cortexm.o
 .debug_macro   0x000000000000f653       0x16 /home/cerino/Uni/IOT/IotAssignment1/RIOTiotlab/bin/iotlab-a8-m3/cortexm_common/vectors_cortexm.o
 .debug_macro   0x000000000000f669       0x1c /home/cerino/Uni/IOT/IotAssignment1/RIOTiotlab/bin/iotlab-a8-m3/cortexm_common/vectors_cortexm.o