Archive member included to satisfy reference by file (symbol)

/home/cerino/Uni/IOT/IotAssignment1/RIOTiotlab/bin/iotlab-m3/core/sched.o
                              /home/cerino/Uni/IOT/IotAssignment1/RIOTiotlab/bin/iotlab-m3/newlib_syscalls_default/syscalls.o (sched_active_pid)
/home/cerino/Uni/IOT/IotAssignment1/RIOTiotlab/bin/iotlab-m3/cortexm_common/thread_arch.o
                              /home/cerino/Uni/IOT/IotAssignment1/RIOTiotlab/bin/iotlab-m3/core/sched.o (cpu_switch_context_exit)
/home/cerino/Uni/IOT/IotAssignment1/RIOTiotlab/bin/iotlab-m3/cortexm_common/vectors_cortexm.o
                              /home/cerino/Uni/IOT/IotAssignment1/RIOTiotlab/bin/iotlab-m3/cpu/vectors.o (dummy_handler_default)
/home/cerino/Uni/IOT/IotAssignment1/RIOTiotlab/bin/iotlab-m3/cortexm_common/irq_arch.o
                              /home/cerino/Uni/IOT/IotAssignment1/RIOTiotlab/bin/iotlab-m3/newlib_syscalls_default/syscalls.o (irq_disable)
/home/cerino/Uni/IOT/IotAssignment1/RIOTiotlab/bin/iotlab-m3/div/div.o
                              /home/cerino/Uni/IOT/IotAssignment1/RIOTiotlab/bin/iotlab-m3/newlib_syscalls_default/syscalls.o (_div_mulhi64)
/home/cerino/Uni/IOT/IotAssignment1/RIOTiotlab/bin/iotlab-m3/stdio_uart/stdio_uart.o
                              /home/cerino/Uni/IOT/IotAssignment1/RIOTiotlab/bin/iotlab-m3/newlib_syscalls_default/syscalls.o (stdio_read)
/home/cerino/Uni/IOT/IotAssignment1/RIOTiotlab/bin/iotlab-m3/stm32_common_periph/uart.o
                              /home/cerino/Uni/IOT/IotAssignment1/RIOTiotlab/bin/iotlab-m3/stdio_uart/stdio_uart.o (uart_init)
/home/cerino/Uni/IOT/IotAssignment1/RIOTiotlab/bin/iotlab-m3/stm32_common_periph/pm.o
                              /home/cerino/Uni/IOT/IotAssignment1/RIOTiotlab/bin/iotlab-m3/newlib_syscalls_default/syscalls.o (pm_off)
/home/cerino/Uni/IOT/IotAssignment1/RIOTiotlab/bin/iotlab-m3/stm32_common_periph/timer.o
                              /home/cerino/Uni/IOT/IotAssignment1/RIOTiotlab/bin/iotlab-m3/newlib_syscalls_default/syscalls.o (timer_read)
/home/cerino/Uni/IOT/IotAssignment1/RIOTiotlab/bin/iotlab-m3/xtimer/xtimer_core.o
                              /home/cerino/Uni/IOT/IotAssignment1/RIOTiotlab/bin/iotlab-m3/newlib_syscalls_default/syscalls.o (_xtimer_current_time)
/home/cerino/Uni/IOT/IotAssignment1/RIOTiotlab/bin/iotlab-m3/boards_common_iotlab/board_init.o
                              /home/cerino/Uni/IOT/IotAssignment1/RIOTiotlab/bin/iotlab-m3/cortexm_common/vectors_cortexm.o (board_init)
/home/cerino/Uni/IOT/IotAssignment1/RIOTiotlab/bin/iotlab-m3/core/init.o
                              /home/cerino/Uni/IOT/IotAssignment1/RIOTiotlab/bin/iotlab-m3/cortexm_common/vectors_cortexm.o (kernel_init)
/home/cerino/Uni/IOT/IotAssignment1/RIOTiotlab/bin/iotlab-m3/core/panic.o
                              /home/cerino/Uni/IOT/IotAssignment1/RIOTiotlab/bin/iotlab-m3/cortexm_common/vectors_cortexm.o (core_panic)
/home/cerino/Uni/IOT/IotAssignment1/RIOTiotlab/bin/iotlab-m3/core/thread.o
                              /home/cerino/Uni/IOT/IotAssignment1/RIOTiotlab/bin/iotlab-m3/core/init.o (thread_create)
/home/cerino/Uni/IOT/IotAssignment1/RIOTiotlab/bin/iotlab-m3/cortexm_common_periph/pm.o
                              /home/cerino/Uni/IOT/IotAssignment1/RIOTiotlab/bin/iotlab-m3/core/panic.o (pm_reboot)
/home/cerino/Uni/IOT/IotAssignment1/RIOTiotlab/bin/iotlab-m3/periph/gpio.o
                              /home/cerino/Uni/IOT/IotAssignment1/RIOTiotlab/bin/iotlab-m3/stm32_common_periph/uart.o (gpio_init)
/home/cerino/Uni/IOT/IotAssignment1/RIOTiotlab/bin/iotlab-m3/pm_layered/pm.o
                              /home/cerino/Uni/IOT/IotAssignment1/RIOTiotlab/bin/iotlab-m3/core/init.o (pm_set_lowest)
/home/cerino/Uni/IOT/IotAssignment1/RIOTiotlab/bin/iotlab-m3/stm32_common/stmclk.o
                              /home/cerino/Uni/IOT/IotAssignment1/RIOTiotlab/bin/iotlab-m3/stm32_common_periph/pm.o (stmclk_init_sysclk)
/home/cerino/Uni/IOT/IotAssignment1/RIOTiotlab/bin/iotlab-m3/stm32_common/stmclk_common.o
                              /home/cerino/Uni/IOT/IotAssignment1/RIOTiotlab/bin/iotlab-m3/stm32_common/stmclk.o (stmclk_enable_hsi)
/home/cerino/Uni/IOT/IotAssignment1/RIOTiotlab/bin/iotlab-m3/stm32_common/cpu_init.o
                              /home/cerino/Uni/IOT/IotAssignment1/RIOTiotlab/bin/iotlab-m3/boards_common_iotlab/board_init.o (cpu_init)
/home/cerino/Uni/IOT/IotAssignment1/RIOTiotlab/bin/iotlab-m3/stm32_common/cpu_common.o
                              /home/cerino/Uni/IOT/IotAssignment1/RIOTiotlab/bin/iotlab-m3/stm32_common_periph/uart.o (periph_apb_clk)
/home/cerino/Uni/IOT/IotAssignment1/RIOTiotlab/bin/iotlab-m3/periph_common/init.o
                              /home/cerino/Uni/IOT/IotAssignment1/RIOTiotlab/bin/iotlab-m3/stm32_common/cpu_init.o (periph_init)
/home/cerino/Uni/IOT/IotAssignment1/RIOTiotlab/bin/iotlab-m3/application_shell/main.o
[...]
Memory Configuration

Name             Origin             Length             Attributes
ccmram           0x0000000010000000 0x0000000000000000
rom              0x0000000008000000 0x0000000000080000 xr
ram              0x0000000020000000 0x0000000000010000 w !xr
bkup-ram         0x0000000000000000 0x0000000000000000 w !xr
*default*        0x0000000000000000 0xffffffffffffffff

Linker script and memory map

LOAD /home/cerino/Uni/IOT/IotAssignment1/RIOTiotlab/bin/iotlab-m3/cpu/vectors.o
LOAD /home/cerino/Uni/IOT/IotAssignment1/RIOTiotlab/bin/iotlab-m3/newlib_syscalls_default/syscalls.o
START GROUP
LOAD /home/cerino/Uni/IOT/IotAssignment1/RIOTiotlab/bin/iotlab-m3/application_shell.a
LOAD /home/cerino/Uni/IOT/IotAssignment1/RIOTiotlab/bin/iotlab-m3/auto_init.a
LOAD /home/cerino/Uni/IOT/IotAssignment1/RIOTiotlab/bin/iotlab-m3/board.a
LOAD /home/cerino/Uni/IOT/IotAssignment1/RIOTiotlab/bin/iotlab-m3/boards_common_iotlab.a
LOAD /home/cerino/Uni/IOT/IotAssignment1/RIOTiotlab/bin/iotlab-m3/core.a
LOAD /home/cerino/Uni/IOT/IotAssignment1/RIOTiotlab/bin/iotlab-m3/cortexm_common.a
LOAD /home/cerino/Uni/IOT/IotAssignment1/RIOTiotlab/bin/iotlab-m3/cortexm_common_periph.a
LOAD /home/cerino/Uni/IOT/IotAssignment1/RIOTiotlab/bin/iotlab-m3/cpu.a
LOAD /home/cerino/Uni/IOT/IotAssignment1/RIOTiotlab/bin/iotlab-m3/div.a
LOAD /home/cerino/Uni/IOT/IotAssignment1/RIOTiotlab/bin/iotlab-m3/lpsxxx.a
LOAD /home/cerino/Uni/IOT/IotAssignment1/RIOTiotlab/bin/iotlab-m3/newlib_syscalls_default.a
LOAD /home/cerino/Uni/IOT/IotAssignment1/RIOTiotlab/bin/iotlab-m3/periph.a
LOAD /home/cerino/Uni/IOT/IotAssignment1/RIOTiotlab/bin/iotlab-m3/pm_layered.a
LOAD /home/cerino/Uni/IOT/IotAssignment1/RIOTiotlab/bin/iotlab-m3/stdio_uart.a
LOAD /home/cerino/Uni/IOT/IotAssignment1/RIOTiotlab/bin/iotlab-m3/stm32_common.a
LOAD /home/cerino/Uni/IOT/IotAssignment1/RIOTiotlab/bin/iotlab-m3/stm32_common_periph.a
LOAD /home/cerino/Uni/IOT/IotAssignment1/RIOTiotlab/bin/iotlab-m3/sys.a
LOAD /home/cerino/Uni/IOT/IotAssignment1/RIOTiotlab/bin/iotlab-m3/xtimer.a
LOAD /home/cerino/Uni/IOT/IotAssignment1/RIOTiotlab/bin/iotlab-m3/periph_common.a
LOAD /opt/gcc-arm-none-eabi-8-2019-q3-update/bin/../lib/gcc/arm-none-eabi/8.3.1/../../../../arm-none-eabi/lib/thumb/v7-m/nofp/libm.a
END GROUP
LOAD /opt/gcc-arm-none-eabi-8-2019-q3-update/bin/../lib/gcc/arm-none-eabi/8.3.1/thumb/v7-m/nofp/libgcc.a
                0x0000000008000000                _rom_start_addr = 0x8000000
                0x0000000020000000                _ram_start_addr = 0x20000000
                0x0000000000080000                _rom_length = 0x80000
                0x0000000000010000                _ram_length = 0x10000
LOAD /opt/gcc-arm-none-eabi-8-2019-q3-update/bin/../lib/gcc/arm-none-eabi/8.3.1/../../../../arm-none-eabi/lib/thumb/v7-m/nofp/libc_nano.a
START GROUP
LOAD /opt/gcc-arm-none-eabi-8-2019-q3-update/bin/../lib/gcc/arm-none-eabi/8.3.1/thumb/v7-m/nofp/libgcc.a
LOAD /opt/gcc-arm-none-eabi-8-2019-q3-update/bin/../lib/gcc/arm-none-eabi/8.3.1/../../../../arm-none-eabi/lib/thumb/v7-m/nofp/libg_nano.a
LOAD /opt/gcc-arm-none-eabi-8-2019-q3-update/bin/../lib/gcc/arm-none-eabi/8.3.1/../../../../arm-none-eabi/lib/thumb/v7-m/nofp/libc_nano.a
END GROUP
START GROUP
LOAD /opt/gcc-arm-none-eabi-8-2019-q3-update/bin/../lib/gcc/arm-none-eabi/8.3.1/thumb/v7-m/nofp/libgcc.a
LOAD /opt/gcc-arm-none-eabi-8-2019-q3-update/bin/../lib/gcc/arm-none-eabi/8.3.1/../../../../arm-none-eabi/lib/thumb/v7-m/nofp/libc_nano.a
END GROUP
                0x0000000000000000                ccmram_length = DEFINED (ccmram_len)?ccmram_len:0x0
                0x0000000000000000                _rom_offset = DEFINED (_rom_offset)?_rom_offset:0x0
                0x0000000000080000                _fw_rom_length = DEFINED (_fw_rom_length)?_fw_rom_length:(_rom_length - _rom_offset)
                0x0000000000000001                ASSERT ((_fw_rom_length <= (_rom_length - _rom_offset)), Specified firmware size does not fit in ROM)
                0x0000000000000000                _backup_ram_start_addr = DEFINED (_backup_ram_start_addr)?_backup_ram_start_addr:0x0
                0x0000000000000000                _backup_ram_len = DEFINED (_backup_ram_len)?_backup_ram_len:0x0

.text           0x0000000008000000     0x2f84
                0x0000000008000000                . = ALIGN (0x4)
                0x0000000008000000                _sfixed = .
                0x0000000008000000                _isr_vectors = DEFINED (_isr_vectors)?_isr_vectors:.
 *(SORT_BY_NAME(.vectors*))
 .vectors.0     0x0000000008000000       0x40 /home/cerino/Uni/IOT/IotAssignment1/RIOTiotlab/bin/iotlab-m3/cortexm_common/vectors_cortexm.o
                0x0000000008000000                cortex_vector_base
 .vectors.1     0x0000000008000040       0xf0 /home/cerino/Uni/IOT/IotAssignment1/RIOTiotlab/bin/iotlab-m3/cpu/vectors.o
                0x0000000008000040                vector_cpu
 *(.text .text.* .gnu.linkonce.t.*)
 .text.dummy_handler
                0x0000000008000130        0x4 /home/cerino/Uni/IOT/IotAssignment1/RIOTiotlab/bin/iotlab-m3/cpu/vectors.o
                0x0000000008000130                isr_pvd
                0x0000000008000130                isr_usb_lp_can1_rx0
                0x0000000008000130                isr_dma1_channel4
                0x0000000008000130                isr_exti
                0x0000000008000130                isr_tim7
                0x0000000008000130                isr_tim5
                0x0000000008000130                isr_i2c1_ev
                0x0000000008000130                isr_tim1_brk
                0x0000000008000130                isr_dma1_channel5
                0x0000000008000130                isr_tim4
                0x0000000008000130                isr_dma1_channel2
                0x0000000008000130                isr_adc3
                0x0000000008000130                isr_can1_sce
                0x0000000008000130                isr_dma1_channel7
                0x0000000008000130                isr_usb_hp_can1_tx
                0x0000000008000130                isr_tim1_up
                0x0000000008000130                isr_sdio
                0x0000000008000130                isr_spi2
                0x0000000008000130                isr_tim1_trg_com
                0x0000000008000130                isr_dma1_channel1
                0x0000000008000130                dummy_handler
                0x0000000008000130                isr_adc1_2
                0x0000000008000130                isr_can1_rx1
                0x0000000008000130                isr_fsmc
                0x0000000008000130                isr_spi1
                0x0000000008000130                isr_tim6
                0x0000000008000130                isr_rcc
                0x0000000008000130                isr_flash
                0x0000000008000130                isr_uart5
                0x0000000008000130                isr_rtc
                0x0000000008000130                isr_tim1_cc
                0x0000000008000130                isr_usbwakeup
                0x0000000008000130                isr_dma2_channel1
                0x0000000008000130                isr_uart4
                0x0000000008000130                isr_tim8_brk
                0x0000000008000130                isr_i2c2_er
                0x0000000008000130                isr_dma2_channel4_5
                0x0000000008000130                isr_dma1_channel6
                0x0000000008000130                isr_spi3
                0x0000000008000130                isr_tim8_up
                0x0000000008000130                isr_usart3
                0x0000000008000130                isr_tim8_cc
                0x0000000008000130                isr_i2c2_ev
                0x0000000008000130                isr_dma2_channel2
                0x0000000008000130                isr_dma2_channel3
                0x0000000008000130                isr_rtc_alarm
                0x0000000008000130                isr_tamper
                0x0000000008000130                isr_dma1_channel3
                0x0000000008000130                isr_tim8_trg_com
                0x0000000008000130                isr_i2c1_er
                0x0000000008000130                isr_wwdg
 .text._init    0x0000000008000134        0x2 /home/cerino/Uni/IOT/IotAssignment1/RIOTiotlab/bin/iotlab-m3/newlib_syscalls_default/syscalls.o
                0x0000000008000134                _init
 .text._fini    0x0000000008000136        0x2 /home/cerino/Uni/IOT/IotAssignment1/RIOTiotlab/bin/iotlab-m3/newlib_syscalls_default/syscalls.o
                0x0000000008000136                _fini
 .text._sbrk_r  0x0000000008000138       0x40 /home/cerino/Uni/IOT/IotAssignment1/RIOTiotlab/bin/iotlab-m3/newlib_syscalls_default/syscalls.o
                0x0000000008000138                _sbrk_r
 .text._read_r  0x0000000008000178        0x8 /home/cerino/Uni/IOT/IotAssignment1/RIOTiotlab/bin/iotlab-m3/newlib_syscalls_default/syscalls.o
                0x0000000008000178                _read_r
 .text._write_r
                0x0000000008000180        0x8 /home/cerino/Uni/IOT/IotAssignment1/RIOTiotlab/bin/iotlab-m3/newlib_syscalls_default/syscalls.o
                0x0000000008000180                _write_r
 .text._close_r
                0x0000000008000188        0xa /home/cerino/Uni/IOT/IotAssignment1/RIOTiotlab/bin/iotlab-m3/newlib_syscalls_default/syscalls.o
                0x0000000008000188                _close_r
 .text._lseek_r
                0x0000000008000192        0xa /home/cerino/Uni/IOT/IotAssignment1/RIOTiotlab/bin/iotlab-m3/newlib_syscalls_default/syscalls.o
                0x0000000008000192                _lseek_r
 .text._fstat_r
                0x000000000800019c        0xa /home/cerino/Uni/IOT/IotAssignment1/RIOTiotlab/bin/iotlab-m3/newlib_syscalls_default/syscalls.o
                0x000000000800019c                _fstat_r
 .text._isatty_r
                0x00000000080001a6        0xe /home/cerino/Uni/IOT/IotAssignment1/RIOTiotlab/bin/iotlab-m3/newlib_syscalls_default/syscalls.o
                0x00000000080001a6                _isatty_r
 .text.sched_run
                0x00000000080001b4       0x64 /home/cerino/Uni/IOT/IotAssignment1/RIOTiotlab/bin/iotlab-m3/core/sched.o
                0x00000000080001b4                sched_run
 .text.sched_set_status
                0x0000000008000218       0x80 /home/cerino/Uni/IOT/IotAssignment1/RIOTiotlab/bin/iotlab-m3/core/sched.o
                0x0000000008000218                sched_set_status
 .text.sched_switch
                0x0000000008000298       0x30 /home/cerino/Uni/IOT/IotAssignment1/RIOTiotlab/bin/iotlab-m3/core/sched.o
                0x0000000008000298                sched_switch
 .text.sched_task_exit
                0x00000000080002c8       0x3c /home/cerino/Uni/IOT/IotAssignment1/RIOTiotlab/bin/iotlab-m3/core/sched.o
                0x00000000080002c8                sched_task_exit
 .text.thread_stack_init
                0x0000000008000304       0x64 /home/cerino/Uni/IOT/IotAssignment1/RIOTiotlab/bin/iotlab-m3/cortexm_common/thread_arch.o
                0x0000000008000304                thread_stack_init
 .text.cpu_switch_context_exit
                0x0000000008000368        0x8 /home/cerino/Uni/IOT/IotAssignment1/RIOTiotlab/bin/iotlab-m3/cortexm_common/thread_arch.o
                0x0000000008000368                cpu_switch_context_exit
 .text.thread_yield_higher
                0x0000000008000370       0x10 /home/cerino/Uni/IOT/IotAssignment1/RIOTiotlab/bin/iotlab-m3/cortexm_common/thread_arch.o
                0x0000000008000370                thread_yield_higher
 .text.isr_pendsv
                0x0000000008000380       0x1c /home/cerino/Uni/IOT/IotAssignment1/RIOTiotlab/bin/iotlab-m3/cortexm_common/thread_arch.o
                0x0000000008000380                isr_pendsv
 .text.isr_svc  0x000000000800039c       0x1c /home/cerino/Uni/IOT/IotAssignment1/RIOTiotlab/bin/iotlab-m3/cortexm_common/thread_arch.o
                0x000000000800039c                isr_svc
 .text.nmi_default
                0x00000000080003b8       0x10 /home/cerino/Uni/IOT/IotAssignment1/RIOTiotlab/bin/iotlab-m3/cortexm_common/vectors_cortexm.o
                0x00000000080003b8                nmi_default
 .text.hard_fault_default
                0x00000000080003c8       0x10 /home/cerino/Uni/IOT/IotAssignment1/RIOTiotlab/bin/iotlab-m3/cortexm_common/vectors_cortexm.o
                0x00000000080003c8                hard_fault_default
 .text.mem_manage_default
                0x00000000080003d8       0x10 /home/cerino/Uni/IOT/IotAssignment1/RIOTiotlab/bin/iotlab-m3/cortexm_common/vectors_cortexm.o
                0x00000000080003d8                mem_manage_default
 .text.bus_fault_default
                0x00000000080003e8       0x10 /home/cerino/Uni/IOT/IotAssignment1/RIOTiotlab/bin/iotlab-m3/cortexm_common/vectors_cortexm.o
                0x00000000080003e8                bus_fault_default
 .text.usage_fault_default
                0x00000000080003f8       0x10 /home/cerino/Uni/IOT/IotAssignment1/RIOTiotlab/bin/iotlab-m3/cortexm_common/vectors_cortexm.o
                0x00000000080003f8                usage_fault_default
 .text.debug_mon_default
                0x0000000008000408       0x10 /home/cerino/Uni/IOT/IotAssignment1/RIOTiotlab/bin/iotlab-m3/cortexm_common/vectors_cortexm.o
                0x0000000008000408                debug_mon_default
 .text.dummy_handler_default
                0x0000000008000418       0x10 /home/cerino/Uni/IOT/IotAssignment1/RIOTiotlab/bin/iotlab-m3/cortexm_common/vectors_cortexm.o
                0x0000000008000418                dummy_handler_default
                0x0000000008000418                isr_systick
 .text.pre_startup
                0x0000000008000428        0x2 /home/cerino/Uni/IOT/IotAssignment1/RIOTiotlab/bin/iotlab-m3/cortexm_common/vectors_cortexm.o
                0x0000000008000428                pre_startup
 .text.post_startup
                0x000000000800042a        0x2 /home/cerino/Uni/IOT/IotAssignment1/RIOTiotlab/bin/iotlab-m3/cortexm_common/vectors_cortexm.o
                0x000000000800042a                post_startup
 .text.reset_handler_default
                0x000000000800042c       0x54 /home/cerino/Uni/IOT/IotAssignment1/RIOTiotlab/bin/iotlab-m3/cortexm_common/vectors_cortexm.o
                0x000000000800042c                reset_handler_default
 .text.irq_disable
                0x0000000008000480        0x8 /home/cerino/Uni/IOT/IotAssignment1/RIOTiotlab/bin/iotlab-m3/cortexm_common/irq_arch.o
                0x0000000008000480                irq_disable
 .text.irq_enable
                0x0000000008000488        0x8 /home/cerino/Uni/IOT/IotAssignment1/RIOTiotlab/bin/iotlab-m3/cortexm_common/irq_arch.o
                0x0000000008000488                irq_enable
 .text.irq_restore
                0x0000000008000490        0x6 /home/cerino/Uni/IOT/IotAssignment1/RIOTiotlab/bin/iotlab-m3/cortexm_common/irq_arch.o
                0x0000000008000490                irq_restore
 .text.irq_is_in
                0x0000000008000496        0x8 /home/cerino/Uni/IOT/IotAssignment1/RIOTiotlab/bin/iotlab-m3/cortexm_common/irq_arch.o
                0x0000000008000496                irq_is_in
 *fill*         0x000000000800049e        0x2 
 .text.stdio_init
                0x00000000080004a0       0x10 /home/cerino/Uni/IOT/IotAssignment1/RIOTiotlab/bin/iotlab-m3/stdio_uart/stdio_uart.o
                0x00000000080004a0                stdio_init
 .text.stdio_read
                0x00000000080004b0        0x6 /home/cerino/Uni/IOT/IotAssignment1/RIOTiotlab/bin/iotlab-m3/stdio_uart/stdio_uart.o
                0x00000000080004b0                stdio_read
 .text.stdio_write
                0x00000000080004b6       0x12 /home/cerino/Uni/IOT/IotAssignment1/RIOTiotlab/bin/iotlab-m3/stdio_uart/stdio_uart.o
                0x00000000080004b6                stdio_write
 .text.uart_enable_clock
                0x00000000080004c8       0x30 /home/cerino/Uni/IOT/IotAssignment1/RIOTiotlab/bin/iotlab-m3/stm32_common_periph/uart.o
 .text.irq_handler
                0x00000000080004f8       0x48 /home/cerino/Uni/IOT/IotAssignment1/RIOTiotlab/bin/iotlab-m3/stm32_common_periph/uart.o
 .text.uart_init
                0x0000000008000540       0xa8 /home/cerino/Uni/IOT/IotAssignment1/RIOTiotlab/bin/iotlab-m3/stm32_common_periph/uart.o
                0x0000000008000540                uart_init
 .text.uart_write
                0x00000000080005e8       0x2c /home/cerino/Uni/IOT/IotAssignment1/RIOTiotlab/bin/iotlab-m3/stm32_common_periph/uart.o
                0x00000000080005e8                uart_write
 .text.isr_usart1
                0x0000000008000614        0x6 /home/cerino/Uni/IOT/IotAssignment1/RIOTiotlab/bin/iotlab-m3/stm32_common_periph/uart.o
                0x0000000008000614                isr_usart1
 .text.isr_usart2
                0x000000000800061a        0x6 /home/cerino/Uni/IOT/IotAssignment1/RIOTiotlab/bin/iotlab-m3/stm32_common_periph/uart.o
                0x000000000800061a                isr_usart2
 .text.pm_set   0x0000000008000620       0x70 /home/cerino/Uni/IOT/IotAssignment1/RIOTiotlab/bin/iotlab-m3/stm32_common_periph/pm.o
                0x0000000008000620                pm_set
 .text.irq_handler
                0x0000000008000690       0x5c /home/cerino/Uni/IOT/IotAssignment1/RIOTiotlab/bin/iotlab-m3/stm32_common_periph/timer.o
 .text.timer_set_absolute
                0x00000000080006ec       0x40 /home/cerino/Uni/IOT/IotAssignment1/RIOTiotlab/bin/iotlab-m3/stm32_common_periph/timer.o
                0x00000000080006ec                timer_set_absolute
 .text.timer_read
                0x000000000800072c       0x10 /home/cerino/Uni/IOT/IotAssignment1/RIOTiotlab/bin/iotlab-m3/stm32_common_periph/timer.o
                0x000000000800072c                timer_read
 .text.timer_start
                0x000000000800073c       0x14 /home/cerino/Uni/IOT/IotAssignment1/RIOTiotlab/bin/iotlab-m3/stm32_common_periph/timer.o
                0x000000000800073c                timer_start
 .text.timer_init
                0x0000000008000750       0x84 /home/cerino/Uni/IOT/IotAssignment1/RIOTiotlab/bin/iotlab-m3/stm32_common_periph/timer.o
                0x0000000008000750                timer_init
 .text.isr_tim2
                0x00000000080007d4        0x6 /home/cerino/Uni/IOT/IotAssignment1/RIOTiotlab/bin/iotlab-m3/stm32_common_periph/timer.o
                0x00000000080007d4                isr_tim2
 .text.isr_tim3
                0x00000000080007da        0x6 /home/cerino/Uni/IOT/IotAssignment1/RIOTiotlab/bin/iotlab-m3/stm32_common_periph/timer.o
                0x00000000080007da                isr_tim3
 .text._add_timer_to_list
                0x00000000080007e0       0x34 /home/cerino/Uni/IOT/IotAssignment1/RIOTiotlab/bin/iotlab-m3/xtimer/xtimer_core.o
 .text._remove_timer_from_list
                0x0000000008000814       0x18 /home/cerino/Uni/IOT/IotAssignment1/RIOTiotlab/bin/iotlab-m3/xtimer/xtimer_core.o
 .text._xtimer_now64
                0x000000000800082c       0x3c /home/cerino/Uni/IOT/IotAssignment1/RIOTiotlab/bin/iotlab-m3/xtimer/xtimer_core.o
 .text._schedule_earliest_lltimer
                0x0000000008000868       0x48 /home/cerino/Uni/IOT/IotAssignment1/RIOTiotlab/bin/iotlab-m3/xtimer/xtimer_core.o
 .text._xtimer_now
                0x00000000080008b0        0x8 /home/cerino/Uni/IOT/IotAssignment1/RIOTiotlab/bin/iotlab-m3/xtimer/xtimer_core.o
                0x00000000080008b0                _xtimer_now
 .text.xtimer_init
                0x00000000080008b8       0x24 /home/cerino/Uni/IOT/IotAssignment1/RIOTiotlab/bin/iotlab-m3/xtimer/xtimer_core.o
                0x00000000080008b8                xtimer_init
 .text._periph_timer_callback
                0x00000000080008dc      0x104 /home/cerino/Uni/IOT/IotAssignment1/RIOTiotlab/bin/iotlab-m3/xtimer/xtimer_core.o
 .text.xtimer_remove
                0x00000000080009e0       0x34 /home/cerino/Uni/IOT/IotAssignment1/RIOTiotlab/bin/iotlab-m3/xtimer/xtimer_core.o
                0x00000000080009e0                xtimer_remove
 .text._xtimer_set64
                0x0000000008000a14       0x88 /home/cerino/Uni/IOT/IotAssignment1/RIOTiotlab/bin/iotlab-m3/xtimer/xtimer_core.o
                0x0000000008000a14                _xtimer_set64
 .text.board_init
                0x0000000008000a9c       0x48 /home/cerino/Uni/IOT/IotAssignment1/RIOTiotlab/bin/iotlab-m3/boards_common_iotlab/board_init.o
                0x0000000008000a9c                board_init
 .text.main_trampoline
                0x0000000008000ae4       0x18 /home/cerino/Uni/IOT/IotAssignment1/RIOTiotlab/bin/iotlab-m3/core/init.o
 .text.idle_thread
                0x0000000008000afc        0x8 /home/cerino/Uni/IOT/IotAssignment1/RIOTiotlab/bin/iotlab-m3/core/init.o
 .text.kernel_init
                0x0000000008000b04       0x54 /home/cerino/Uni/IOT/IotAssignment1/RIOTiotlab/bin/iotlab-m3/core/init.o
                0x0000000008000b04                kernel_init
 .text.panic_arch
                0x0000000008000b58        0x2 /home/cerino/Uni/IOT/IotAssignment1/RIOTiotlab/bin/iotlab-m3/core/panic.o
                0x0000000008000b58                panic_arch
 *fill*         0x0000000008000b5a        0x2 
 .text.core_panic
                0x0000000008000b5c       0x30 /home/cerino/Uni/IOT/IotAssignment1/RIOTiotlab/bin/iotlab-m3/core/panic.o
                0x0000000008000b5c                core_panic
 .text.thread_add_to_list
                0x0000000008000b8c       0x1e /home/cerino/Uni/IOT/IotAssignment1/RIOTiotlab/bin/iotlab-m3/core/thread.o
                0x0000000008000b8c                thread_add_to_list
 *fill*         0x0000000008000baa        0x2 
 .text.thread_create
                0x0000000008000bac       0xd4 /home/cerino/Uni/IOT/IotAssignment1/RIOTiotlab/bin/iotlab-m3/core/thread.o
                0x0000000008000bac                thread_create
 .text.pm_reboot
                0x0000000008000c80       0x24 /home/cerino/Uni/IOT/IotAssignment1/RIOTiotlab/bin/iotlab-m3/cortexm_common_periph/pm.o
                0x0000000008000c80                pm_reboot
 .text.gpio_init
                0x0000000008000ca4       0x68 /home/cerino/Uni/IOT/IotAssignment1/RIOTiotlab/bin/iotlab-m3/periph/gpio.o
                0x0000000008000ca4                gpio_init
 .text.gpio_init_af
                0x0000000008000d0c       0x44 /home/cerino/Uni/IOT/IotAssignment1/RIOTiotlab/bin/iotlab-m3/periph/gpio.o
                0x0000000008000d0c                gpio_init_af
 .text.gpio_set
                0x0000000008000d50       0x12 /home/cerino/Uni/IOT/IotAssignment1/RIOTiotlab/bin/iotlab-m3/periph/gpio.o
                0x0000000008000d50                gpio_set
 *fill*         0x0000000008000d62        0x2 
 .text.pm_set_lowest
                0x0000000008000d64       0x38 /home/cerino/Uni/IOT/IotAssignment1/RIOTiotlab/bin/iotlab-m3/pm_layered/pm.o
                0x0000000008000d64                pm_set_lowest
 .text.pm_block
                0x0000000008000d9c       0x20 /home/cerino/Uni/IOT/IotAssignment1/RIOTiotlab/bin/iotlab-m3/pm_layered/pm.o
                0x0000000008000d9c                pm_block
 .text.pm_unblock
                0x0000000008000dbc       0x20 /home/cerino/Uni/IOT/IotAssignment1/RIOTiotlab/bin/iotlab-m3/pm_layered/pm.o
                0x0000000008000dbc                pm_unblock
 .text.stmclk_init_sysclk
                0x0000000008000ddc       0x88 /home/cerino/Uni/IOT/IotAssignment1/RIOTiotlab/bin/iotlab-m3/stm32_common/stmclk.o
                0x0000000008000ddc                stmclk_init_sysclk
 .text.stmclk_enable_hsi
                0x0000000008000e64       0x18 /home/cerino/Uni/IOT/IotAssignment1/RIOTiotlab/bin/iotlab-m3/stm32_common/stmclk_common.o
                0x0000000008000e64                stmclk_enable_hsi
 .text.stmclk_disable_hsi
                0x0000000008000e7c       0x18 /home/cerino/Uni/IOT/IotAssignment1/RIOTiotlab/bin/iotlab-m3/stm32_common/stmclk_common.o
                0x0000000008000e7c                stmclk_disable_hsi
 .text.cpu_init
                0x0000000008000e94       0xa0 /home/cerino/Uni/IOT/IotAssignment1/RIOTiotlab/bin/iotlab-m3/stm32_common/cpu_init.o
                0x0000000008000e94                cpu_init
 .text.periph_apb_clk
                0x0000000008000f34       0x18 /home/cerino/Uni/IOT/IotAssignment1/RIOTiotlab/bin/iotlab-m3/stm32_common/cpu_common.o
                0x0000000008000f34                periph_apb_clk
 .text.periph_timer_clk
                0x0000000008000f4c       0x20 /home/cerino/Uni/IOT/IotAssignment1/RIOTiotlab/bin/iotlab-m3/stm32_common/cpu_common.o
                0x0000000008000f4c                periph_timer_clk
 .text.periph_clk_en
                0x0000000008000f6c       0x34 /home/cerino/Uni/IOT/IotAssignment1/RIOTiotlab/bin/iotlab-m3/stm32_common/cpu_common.o
                0x0000000008000f6c                periph_clk_en
 .text.periph_clk_dis
                0x0000000008000fa0       0x34 /home/cerino/Uni/IOT/IotAssignment1/RIOTiotlab/bin/iotlab-m3/stm32_common/cpu_common.o
                0x0000000008000fa0                periph_clk_dis
 .text.periph_init
                0x0000000008000fd4        0x6 /home/cerino/Uni/IOT/IotAssignment1/RIOTiotlab/bin/iotlab-m3/periph_common/init.o
                0x0000000008000fd4                periph_init
 *fill*         0x0000000008000fda        0x2 
 .text.startup.main
                0x0000000008000fdc       0x9c /home/cerino/Uni/IOT/IotAssignment1/RIOTiotlab/bin/iotlab-m3/application_shell/main.o
                0x0000000008000fdc                main
 .text.auto_init
                0x0000000008001078        0x4 /home/cerino/Uni/IOT/IotAssignment1/RIOTiotlab/bin/iotlab-m3/auto_init/auto_init.o
                0x0000000008001078                auto_init
 .text.cortexm_init
                0x000000000800107c       0x40 /home/cerino/Uni/IOT/IotAssignment1/RIOTiotlab/bin/iotlab-m3/cortexm_common/cortexm_init.o
                0x000000000800107c                cortexm_init
 .text.lpsxxx_init
                0x00000000080010bc       0x6a /home/cerino/Uni/IOT/IotAssignment1/RIOTiotlab/bin/iotlab-m3/lpsxxx/lpsxxx.o
                0x00000000080010bc                lpsxxx_init
 *fill*         0x0000000008001126        0x2 
 .text.lpsxxx_read_temp
                0x0000000008001128       0x88 /home/cerino/Uni/IOT/IotAssignment1/RIOTiotlab/bin/iotlab-m3/lpsxxx/lpsxxx.o
                0x0000000008001128                lpsxxx_read_temp
 .text.lpsxxx_read_pres
                0x00000000080011b0       0x8a /home/cerino/Uni/IOT/IotAssignment1/RIOTiotlab/bin/iotlab-m3/lpsxxx/lpsxxx.o
                0x00000000080011b0                lpsxxx_read_pres
 .text.lpsxxx_enable
                0x000000000800123a       0x56 /home/cerino/Uni/IOT/IotAssignment1/RIOTiotlab/bin/iotlab-m3/lpsxxx/lpsxxx.o
                0x000000000800123a                lpsxxx_enable
 .text.lpsxxx_disable
                0x0000000008001290       0x56 /home/cerino/Uni/IOT/IotAssignment1/RIOTiotlab/bin/iotlab-m3/lpsxxx/lpsxxx.o
                0x0000000008001290                lpsxxx_disable
 .text._wait_for_bus
                0x00000000080012e6       0x24 /home/cerino/Uni/IOT/IotAssignment1/RIOTiotlab/bin/iotlab-m3/stm32_common_periph/i2c_2.o
 .text._stop    0x000000000800130a       0x3c /home/cerino/Uni/IOT/IotAssignment1/RIOTiotlab/bin/iotlab-m3/stm32_common_periph/i2c_2.o
 *fill*         0x0000000008001346        0x2 
 .text._init    0x0000000008001348       0xe0 /home/cerino/Uni/IOT/IotAssignment1/RIOTiotlab/bin/iotlab-m3/stm32_common_periph/i2c_2.o
 .text._is_sr1_mask_set
                0x0000000008001428       0x66 /home/cerino/Uni/IOT/IotAssignment1/RIOTiotlab/bin/iotlab-m3/stm32_common_periph/i2c_2.o
 .text._start   0x000000000800148e       0x86 /home/cerino/Uni/IOT/IotAssignment1/RIOTiotlab/bin/iotlab-m3/stm32_common_periph/i2c_2.o
 .text.i2c_init
                0x0000000008001514       0x64 /home/cerino/Uni/IOT/IotAssignment1/RIOTiotlab/bin/iotlab-m3/stm32_common_periph/i2c_2.o
                0x0000000008001514                i2c_init
 .text.i2c_acquire
                0x0000000008001578       0x30 /home/cerino/Uni/IOT/IotAssignment1/RIOTiotlab/bin/iotlab-m3/stm32_common_periph/i2c_2.o
                0x0000000008001578                i2c_acquire
 .text.i2c_release
                0x00000000080015a8       0x30 /home/cerino/Uni/IOT/IotAssignment1/RIOTiotlab/bin/iotlab-m3/stm32_common_periph/i2c_2.o
                0x00000000080015a8                i2c_release
 .text.i2c_read_bytes
                0x00000000080015d8       0xc0 /home/cerino/Uni/IOT/IotAssignment1/RIOTiotlab/bin/iotlab-m3/stm32_common_periph/i2c_2.o
                0x00000000080015d8                i2c_read_bytes
 .text.i2c_write_bytes
                0x0000000008001698       0x80 /home/cerino/Uni/IOT/IotAssignment1/RIOTiotlab/bin/iotlab-m3/stm32_common_periph/i2c_2.o
                0x0000000008001698                i2c_write_bytes
 .text._callback_unlock_mutex
                0x0000000008001718        0x4 /home/cerino/Uni/IOT/IotAssignment1/RIOTiotlab/bin/iotlab-m3/xtimer/xtimer.o
 .text._xtimer_tsleep
                0x000000000800171c       0x54 /home/cerino/Uni/IOT/IotAssignment1/RIOTiotlab/bin/iotlab-m3/xtimer/xtimer.o
                0x000000000800171c                _xtimer_tsleep
 .text.i2c_read_regs
                0x0000000008001770       0x56 /home/cerino/Uni/IOT/IotAssignment1/RIOTiotlab/bin/iotlab-m3/periph_common/i2c.o
                0x0000000008001770                i2c_read_regs
 .text.i2c_read_reg
                0x00000000080017c6       0x14 /home/cerino/Uni/IOT/IotAssignment1/RIOTiotlab/bin/iotlab-m3/periph_common/i2c.o
                0x00000000080017c6                i2c_read_reg
 .text.i2c_write_regs
                0x00000000080017da       0x5a /home/cerino/Uni/IOT/IotAssignment1/RIOTiotlab/bin/iotlab-m3/periph_common/i2c.o
                0x00000000080017da                i2c_write_regs
 .text.i2c_write_reg
                0x0000000008001834       0x1e /home/cerino/Uni/IOT/IotAssignment1/RIOTiotlab/bin/iotlab-m3/periph_common/i2c.o
                0x0000000008001834                i2c_write_reg
 *fill*         0x0000000008001852        0x2 
 .text._mutex_lock
                0x0000000008001854       0x60 /home/cerino/Uni/IOT/IotAssignment1/RIOTiotlab/bin/iotlab-m3/core/mutex.o
                0x0000000008001854                _mutex_lock
 .text.mutex_unlock
                0x00000000080018b4       0x4c /home/cerino/Uni/IOT/IotAssignment1/RIOTiotlab/bin/iotlab-m3/core/mutex.o
                0x00000000080018b4                mutex_unlock
 .text          0x0000000008001900      0x21c /opt/gcc-arm-none-eabi-8-2019-q3-update/bin/../lib/gcc/arm-none-eabi/8.3.1/thumb/v7-m/nofp/libgcc.a(_arm_addsubsf3.o)
                0x0000000008001900                __aeabi_frsub
                0x0000000008001908                __subsf3
                0x0000000008001908                __aeabi_fsub
                0x000000000800190c                __aeabi_fadd
                0x000000000800190c                __addsf3
                0x0000000008001a6c                __aeabi_ui2f
                0x0000000008001a6c                __floatunsisf
                0x0000000008001a74                __aeabi_i2f
                0x0000000008001a74                __floatsisf
                0x0000000008001a90                __floatundisf
                0x0000000008001a90                __aeabi_ul2f
                0x0000000008001aa0                __floatdisf
                0x0000000008001aa0                __aeabi_l2f
 .text          0x0000000008001b1c      0x2a0 /opt/gcc-arm-none-eabi-8-2019-q3-update/bin/../lib/gcc/arm-none-eabi/8.3.1/thumb/v7-m/nofp/libgcc.a(_arm_muldivsf3.o)
                0x0000000008001b1c                __mulsf3
                0x0000000008001b1c                __aeabi_fmul
                0x0000000008001c84                __divsf3
                0x0000000008001c84                __aeabi_fdiv
 .text          0x0000000008001dbc       0x4c /opt/gcc-arm-none-eabi-8-2019-q3-update/bin/../lib/gcc/arm-none-eabi/8.3.1/thumb/v7-m/nofp/libgcc.a(_arm_fixsfsi.o)
                0x0000000008001dbc                __fixsfsi
                0x0000000008001dbc                __aeabi_f2iz
 .text.__libc_init_array
                0x0000000008001e08       0x48 /opt/gcc-arm-none-eabi-8-2019-q3-update/bin/../lib/gcc/arm-none-eabi/8.3.1/../../../../arm-none-eabi/lib/thumb/v7-m/nofp/libc_nano.a(lib_a-init.o)
                0x0000000008001e08                __libc_init_array
 .text._malloc_r
                0x0000000008001e50       0xb4 /opt/gcc-arm-none-eabi-8-2019-q3-update/bin/../lib/gcc/arm-none-eabi/8.3.1/../../../../arm-none-eabi/lib/thumb/v7-m/nofp/libc_nano.a(lib_a-nano-mallocr.o)
                0x0000000008001e50                _malloc_r
 .text.printf   0x0000000008001f04       0x30 /opt/gcc-arm-none-eabi-8-2019-q3-update/bin/../lib/gcc/arm-none-eabi/8.3.1/../../../../arm-none-eabi/lib/thumb/v7-m/nofp/libc_nano.a(lib_a-printf.o)
                0x0000000008001f04                printf
                0x0000000008001f04                iprintf
 .text._puts_r  0x0000000008001f34       0xdc /opt/gcc-arm-none-eabi-8-2019-q3-update/bin/../lib/gcc/arm-none-eabi/8.3.1/../../../../arm-none-eabi/lib/thumb/v7-m/nofp/libc_nano.a(lib_a-puts.o)
                0x0000000008001f34                _puts_r
 .text.puts     0x0000000008002010       0x10 /opt/gcc-arm-none-eabi-8-2019-q3-update/bin/../lib/gcc/arm-none-eabi/8.3.1/../../../../arm-none-eabi/lib/thumb/v7-m/nofp/libc_nano.a(lib_a-puts.o)
                0x0000000008002010                puts
 .text.__swbuf_r
                0x0000000008002020       0xa4 /opt/gcc-arm-none-eabi-8-2019-q3-update/bin/../lib/gcc/arm-none-eabi/8.3.1/../../../../arm-none-eabi/lib/thumb/v7-m/nofp/libc_nano.a(lib_a-wbuf.o)
                0x0000000008002020                __swbuf_r
 .text.__swsetup_r
                0x00000000080020c4       0xdc /opt/gcc-arm-none-eabi-8-2019-q3-update/bin/../lib/gcc/arm-none-eabi/8.3.1/../../../../arm-none-eabi/lib/thumb/v7-m/nofp/libc_nano.a(lib_a-wsetup.o)
                0x00000000080020c4                __swsetup_r
 .text.__sflush_r
                0x00000000080021a0      0x10c /opt/gcc-arm-none-eabi-8-2019-q3-update/bin/../lib/gcc/arm-none-eabi/8.3.1/../../../../arm-none-eabi/lib/thumb/v7-m/nofp/libc_nano.a(lib_a-fflush.o)
                0x00000000080021a0                __sflush_r
 .text._fflush_r
                0x00000000080022ac       0x78 /opt/gcc-arm-none-eabi-8-2019-q3-update/bin/../lib/gcc/arm-none-eabi/8.3.1/../../../../arm-none-eabi/lib/thumb/v7-m/nofp/libc_nano.a(lib_a-fflush.o)
                0x00000000080022ac                _fflush_r
 .text.std      0x0000000008002324       0x48 /opt/gcc-arm-none-eabi-8-2019-q3-update/bin/../lib/gcc/arm-none-eabi/8.3.1/../../../../arm-none-eabi/lib/thumb/v7-m/nofp/libc_nano.a(lib_a-findfp.o)
 .text._cleanup_r
                0x000000000800236c        0xc /opt/gcc-arm-none-eabi-8-2019-q3-update/bin/../lib/gcc/arm-none-eabi/8.3.1/../../../../arm-none-eabi/lib/thumb/v7-m/nofp/libc_nano.a(lib_a-findfp.o)
                0x000000000800236c                _cleanup_r
 .text.__sfmoreglue
                0x0000000008002378       0x2c /opt/gcc-arm-none-eabi-8-2019-q3-update/bin/../lib/gcc/arm-none-eabi/8.3.1/../../../../arm-none-eabi/lib/thumb/v7-m/nofp/libc_nano.a(lib_a-findfp.o)
                0x0000000008002378                __sfmoreglue
 .text.__sfp_lock_acquire
                0x00000000080023a4        0xc /opt/gcc-arm-none-eabi-8-2019-q3-update/bin/../lib/gcc/arm-none-eabi/8.3.1/../../../../arm-none-eabi/lib/thumb/v7-m/nofp/libc_nano.a(lib_a-findfp.o)
                0x00000000080023a4                __sfp_lock_acquire
 .text.__sfp_lock_release
                0x00000000080023b0        0xc /opt/gcc-arm-none-eabi-8-2019-q3-update/bin/../lib/gcc/arm-none-eabi/8.3.1/../../../../arm-none-eabi/lib/thumb/v7-m/nofp/libc_nano.a(lib_a-findfp.o)
                0x00000000080023b0                __sfp_lock_release
 .text.__sinit_lock_acquire
                0x00000000080023bc        0xc /opt/gcc-arm-none-eabi-8-2019-q3-update/bin/../lib/gcc/arm-none-eabi/8.3.1/../../../../arm-none-eabi/lib/thumb/v7-m/nofp/libc_nano.a(lib_a-findfp.o)
                0x00000000080023bc                __sinit_lock_acquire
 .text.__sinit_lock_release
                0x00000000080023c8        0xc /opt/gcc-arm-none-eabi-8-2019-q3-update/bin/../lib/gcc/arm-none-eabi/8.3.1/../../../../arm-none-eabi/lib/thumb/v7-m/nofp/libc_nano.a(lib_a-findfp.o)
                0x00000000080023c8                __sinit_lock_release
 .text.__sinit  0x00000000080023d4       0x70 /opt/gcc-arm-none-eabi-8-2019-q3-update/bin/../lib/gcc/arm-none-eabi/8.3.1/../../../../arm-none-eabi/lib/thumb/v7-m/nofp/libc_nano.a(lib_a-findfp.o)
                0x00000000080023d4                __sinit
 .text.__sfp    0x0000000008002444       0x8c /opt/gcc-arm-none-eabi-8-2019-q3-update/bin/../lib/gcc/arm-none-eabi/8.3.1/../../../../arm-none-eabi/lib/thumb/v7-m/nofp/libc_nano.a(lib_a-findfp.o)
                0x0000000008002444                __sfp
 .text._fwalk_reent
                0x00000000080024d0       0x3c /opt/gcc-arm-none-eabi-8-2019-q3-update/bin/../lib/gcc/arm-none-eabi/8.3.1/../../../../arm-none-eabi/lib/thumb/v7-m/nofp/libc_nano.a(lib_a-fwalk.o)
                0x00000000080024d0                _fwalk_reent
 .text.__retarget_lock_init_recursive
                0x000000000800250c        0x2 /opt/gcc-arm-none-eabi-8-2019-q3-update/bin/../lib/gcc/arm-none-eabi/8.3.1/../../../../arm-none-eabi/lib/thumb/v7-m/nofp/libc_nano.a(lib_a-lock.o)
                0x000000000800250c                __retarget_lock_init_recursive
 .text.__retarget_lock_acquire_recursive
                0x000000000800250e        0x2 /opt/gcc-arm-none-eabi-8-2019-q3-update/bin/../lib/gcc/arm-none-eabi/8.3.1/../../../../arm-none-eabi/lib/thumb/v7-m/nofp/libc_nano.a(lib_a-lock.o)
                0x000000000800250e                __retarget_lock_acquire_recursive
 .text.__retarget_lock_release_recursive
                0x0000000008002510        0x2 /opt/gcc-arm-none-eabi-8-2019-q3-update/bin/../lib/gcc/arm-none-eabi/8.3.1/../../../../arm-none-eabi/lib/thumb/v7-m/nofp/libc_nano.a(lib_a-lock.o)
                0x0000000008002510                __retarget_lock_release_recursive
 .text.__swhatbuf_r
                0x0000000008002512       0x48 /opt/gcc-arm-none-eabi-8-2019-q3-update/bin/../lib/gcc/arm-none-eabi/8.3.1/../../../../arm-none-eabi/lib/thumb/v7-m/nofp/libc_nano.a(lib_a-makebuf.o)
                0x0000000008002512                __swhatbuf_r
 *fill*         0x000000000800255a        0x2 
 .text.__smakebuf_r
                0x000000000800255c       0x80 /opt/gcc-arm-none-eabi-8-2019-q3-update/bin/../lib/gcc/arm-none-eabi/8.3.1/../../../../arm-none-eabi/lib/thumb/v7-m/nofp/libc_nano.a(lib_a-makebuf.o)
                0x000000000800255c                __smakebuf_r
 .text.memset   0x00000000080025dc       0x10 /opt/gcc-arm-none-eabi-8-2019-q3-update/bin/../lib/gcc/arm-none-eabi/8.3.1/../../../../arm-none-eabi/lib/thumb/v7-m/nofp/libc_nano.a(lib_a-memset.o)
                0x00000000080025dc                memset
 .text.__malloc_lock
                0x00000000080025ec        0xc /opt/gcc-arm-none-eabi-8-2019-q3-update/bin/../lib/gcc/arm-none-eabi/8.3.1/../../../../arm-none-eabi/lib/thumb/v7-m/nofp/libc_nano.a(lib_a-mlock.o)
                0x00000000080025ec                __malloc_lock
 .text.__malloc_unlock
                0x00000000080025f8        0xc /opt/gcc-arm-none-eabi-8-2019-q3-update/bin/../lib/gcc/arm-none-eabi/8.3.1/../../../../arm-none-eabi/lib/thumb/v7-m/nofp/libc_nano.a(lib_a-mlock.o)
                0x00000000080025f8                __malloc_unlock
 .text._free_r  0x0000000008002604       0x98 /opt/gcc-arm-none-eabi-8-2019-q3-update/bin/../lib/gcc/arm-none-eabi/8.3.1/../../../../arm-none-eabi/lib/thumb/v7-m/nofp/libc_nano.a(lib_a-nano-freer.o)
                0x0000000008002604                _free_r
 .text.__sfputc_r
                0x000000000800269c       0x2a /opt/gcc-arm-none-eabi-8-2019-q3-update/bin/../lib/gcc/arm-none-eabi/8.3.1/../../../../arm-none-eabi/lib/thumb/v7-m/nofp/libc_nano.a(lib_a-nano-vfprintf.o)
 .text.__sfputs_r
                0x00000000080026c6       0x24 /opt/gcc-arm-none-eabi-8-2019-q3-update/bin/../lib/gcc/arm-none-eabi/8.3.1/../../../../arm-none-eabi/lib/thumb/v7-m/nofp/libc_nano.a(lib_a-nano-vfprintf.o)
                0x00000000080026c6                __sfputs_r
 *fill*         0x00000000080026ea        0x2 
 .text._vfprintf_r
                0x00000000080026ec      0x250 /opt/gcc-arm-none-eabi-8-2019-q3-update/bin/../lib/gcc/arm-none-eabi/8.3.1/../../../../arm-none-eabi/lib/thumb/v7-m/nofp/libc_nano.a(lib_a-nano-vfprintf.o)
                0x00000000080026ec                _vfiprintf_r
                0x00000000080026ec                _vfprintf_r
 .text._printf_common
                0x000000000800293c       0xec /opt/gcc-arm-none-eabi-8-2019-q3-update/bin/../lib/gcc/arm-none-eabi/8.3.1/../../../../arm-none-eabi/lib/thumb/v7-m/nofp/libc_nano.a(lib_a-nano-vfprintf_i.o)
                0x000000000800293c                _printf_common
 .text._printf_i
                0x0000000008002a28      0x22c /opt/gcc-arm-none-eabi-8-2019-q3-update/bin/../lib/gcc/arm-none-eabi/8.3.1/../../../../arm-none-eabi/lib/thumb/v7-m/nofp/libc_nano.a(lib_a-nano-vfprintf_i.o)
                0x0000000008002a28                _printf_i
 .text.__sread  0x0000000008002c54       0x22 /opt/gcc-arm-none-eabi-8-2019-q3-update/bin/../lib/gcc/arm-none-eabi/8.3.1/../../../../arm-none-eabi/lib/thumb/v7-m/nofp/libc_nano.a(lib_a-stdio.o)
                0x0000000008002c54                __sread
 .text.__swrite
                0x0000000008002c76       0x38 /opt/gcc-arm-none-eabi-8-2019-q3-update/bin/../lib/gcc/arm-none-eabi/8.3.1/../../../../arm-none-eabi/lib/thumb/v7-m/nofp/libc_nano.a(lib_a-stdio.o)
                0x0000000008002c76                __swrite
 .text.__sseek  0x0000000008002cae       0x24 /opt/gcc-arm-none-eabi-8-2019-q3-update/bin/../lib/gcc/arm-none-eabi/8.3.1/../../../../arm-none-eabi/lib/thumb/v7-m/nofp/libc_nano.a(lib_a-stdio.o)
                0x0000000008002cae                __sseek
 .text.__sclose
                0x0000000008002cd2        0x8 /opt/gcc-arm-none-eabi-8-2019-q3-update/bin/../lib/gcc/arm-none-eabi/8.3.1/../../../../arm-none-eabi/lib/thumb/v7-m/nofp/libc_nano.a(lib_a-stdio.o)
                0x0000000008002cd2                __sclose
 .text.memchr   0x0000000008002cda       0x1c /opt/gcc-arm-none-eabi-8-2019-q3-update/bin/../lib/gcc/arm-none-eabi/8.3.1/../../../../arm-none-eabi/lib/thumb/v7-m/nofp/libc_nano.a(lib_a-memchr-stub.o)
                0x0000000008002cda                memchr
 *(.glue_7t)
 .glue_7t       0x0000000008002cf6        0x0 linker stubs
 *(.glue_7)
 .glue_7        0x0000000008002cf6        0x0 linker stubs
 *(.rodata .rodata* .gnu.linkonce.r.*)
 .rodata.bus_fault_default.str1.1
                0x0000000008002cf6       0x12 /home/cerino/Uni/IOT/IotAssignment1/RIOTiotlab/bin/iotlab-m3/cortexm_common/vectors_cortexm.o
 .rodata.debug_mon_default.str1.1
                0x0000000008002d08       0x12 /home/cerino/Uni/IOT/IotAssignment1/RIOTiotlab/bin/iotlab-m3/cortexm_common/vectors_cortexm.o
 .rodata.dummy_handler_default.str1.1
                0x0000000008002d1a        0xe /home/cerino/Uni/IOT/IotAssignment1/RIOTiotlab/bin/iotlab-m3/cortexm_common/vectors_cortexm.o
 .rodata.hard_fault_default.str1.1
                0x0000000008002d28       0x13 /home/cerino/Uni/IOT/IotAssignment1/RIOTiotlab/bin/iotlab-m3/cortexm_common/vectors_cortexm.o
 .rodata.mem_manage_default.str1.1
                0x0000000008002d3b       0x13 /home/cerino/Uni/IOT/IotAssignment1/RIOTiotlab/bin/iotlab-m3/cortexm_common/vectors_cortexm.o
 .rodata.nmi_default.str1.1
                0x0000000008002d4e        0xc /home/cerino/Uni/IOT/IotAssignment1/RIOTiotlab/bin/iotlab-m3/cortexm_common/vectors_cortexm.o
 .rodata.usage_fault_default.str1.1
                0x0000000008002d5a       0x14 /home/cerino/Uni/IOT/IotAssignment1/RIOTiotlab/bin/iotlab-m3/cortexm_common/vectors_cortexm.o
 *fill*         0x0000000008002d6e        0x2 
 .rodata.uart_config
                0x0000000008002d70       0x28 /home/cerino/Uni/IOT/IotAssignment1/RIOTiotlab/bin/iotlab-m3/stm32_common_periph/uart.o
 .rodata.timer_config
                0x0000000008002d98       0x20 /home/cerino/Uni/IOT/IotAssignment1/RIOTiotlab/bin/iotlab-m3/stm32_common_periph/timer.o
 .rodata.kernel_init.str1.1
                0x0000000008002db8        0xa /home/cerino/Uni/IOT/IotAssignment1/RIOTiotlab/bin/iotlab-m3/core/init.o
 .rodata.main_trampoline.str1.1
                0x0000000008002dc2       0x3c /home/cerino/Uni/IOT/IotAssignment1/RIOTiotlab/bin/iotlab-m3/core/init.o
 .rodata.core_panic.str1.1
                0x0000000008002dfe       0x2f /home/cerino/Uni/IOT/IotAssignment1/RIOTiotlab/bin/iotlab-m3/core/panic.o
 .rodata.apbmul
                0x0000000008002e2d        0x2 /home/cerino/Uni/IOT/IotAssignment1/RIOTiotlab/bin/iotlab-m3/stm32_common/cpu_common.o
 *fill*         0x0000000008002e2f        0x1 
 .rodata.lpsxxx_params
                0x0000000008002e30        0x8 /home/cerino/Uni/IOT/IotAssignment1/RIOTiotlab/bin/iotlab-m3/application_shell/main.o
 .rodata.main.str1.1
                0x0000000008002e38       0x93 /home/cerino/Uni/IOT/IotAssignment1/RIOTiotlab/bin/iotlab-m3/application_shell/main.o
 *fill*         0x0000000008002ecb        0x1 
 .rodata.i2c_config
                0x0000000008002ecc       0x20 /home/cerino/Uni/IOT/IotAssignment1/RIOTiotlab/bin/iotlab-m3/stm32_common_periph/i2c_2.o
 .rodata._global_impure_ptr
                0x0000000008002eec        0x4 /opt/gcc-arm-none-eabi-8-2019-q3-update/bin/../lib/gcc/arm-none-eabi/8.3.1/../../../../arm-none-eabi/lib/thumb/v7-m/nofp/libc_nano.a(lib_a-impure.o)
                0x0000000008002eec                _global_impure_ptr
 .rodata.__sf_fake_stderr
                0x0000000008002ef0       0x20 /opt/gcc-arm-none-eabi-8-2019-q3-update/bin/../lib/gcc/arm-none-eabi/8.3.1/../../../../arm-none-eabi/lib/thumb/v7-m/nofp/libc_nano.a(lib_a-findfp.o)
                0x0000000008002ef0                __sf_fake_stderr
 .rodata.__sf_fake_stdin
                0x0000000008002f10       0x20 /opt/gcc-arm-none-eabi-8-2019-q3-update/bin/../lib/gcc/arm-none-eabi/8.3.1/../../../../arm-none-eabi/lib/thumb/v7-m/nofp/libc_nano.a(lib_a-findfp.o)
                0x0000000008002f10                __sf_fake_stdin
 .rodata.__sf_fake_stdout
                0x0000000008002f30       0x20 /opt/gcc-arm-none-eabi-8-2019-q3-update/bin/../lib/gcc/arm-none-eabi/8.3.1/../../../../arm-none-eabi/lib/thumb/v7-m/nofp/libc_nano.a(lib_a-findfp.o)
                0x0000000008002f30                __sf_fake_stdout
 .rodata._vfprintf_r.str1.1
                0x0000000008002f50       0x11 /opt/gcc-arm-none-eabi-8-2019-q3-update/bin/../lib/gcc/arm-none-eabi/8.3.1/../../../../arm-none-eabi/lib/thumb/v7-m/nofp/libc_nano.a(lib_a-nano-vfprintf.o)
 .rodata._printf_i.str1.1
                0x0000000008002f61       0x22 /opt/gcc-arm-none-eabi-8-2019-q3-update/bin/../lib/gcc/arm-none-eabi/8.3.1/../../../../arm-none-eabi/lib/thumb/v7-m/nofp/libc_nano.a(lib_a-nano-vfprintf_i.o)
 *(.ARM.extab* .gnu.linkonce.armextab.*)
                0x0000000008002f84                . = ALIGN (0x4)
 *fill*         0x0000000008002f83        0x1 
 *(.init)
                0x0000000008002f84                . = ALIGN (0x4)
                0x0000000008002f84                __preinit_array_start = .
 *(.preinit_array)
                0x0000000008002f84                __preinit_array_end = .
                0x0000000008002f84                . = ALIGN (0x4)
                0x0000000008002f84                __init_array_start = .
 *(SORT_BY_NAME(.init_array.*))
 *(.init_array)
                0x0000000008002f84                __init_array_end = .
                0x0000000008002f84                . = ALIGN (0x4)
 *crtbegin.o(.ctors)
 *(EXCLUDE_FILE(*crtend.o) .ctors)
 *(SORT_BY_NAME(.ctors.*))
 *crtend.o(.ctors)
                0x0000000008002f84                . = ALIGN (0x4)
 *(.fini)
                0x0000000008002f84                . = ALIGN (0x4)
                0x0000000008002f84                __fini_array_start = .
 *(.fini_array)
 *(SORT_BY_NAME(.fini_array.*))
                0x0000000008002f84                __fini_array_end = .
 *crtbegin.o(.dtors)
 *(EXCLUDE_FILE(*crtend.o) .dtors)
 *(SORT_BY_NAME(.dtors.*))
 *crtend.o(.dtors)
                0x0000000008002f84                . = ALIGN (0x4)
                0x0000000008002f84                _efixed = .
                [!provide]                        PROVIDE (__exidx_start = .)

.vfp11_veneer   0x0000000008002f84        0x0
 .vfp11_veneer  0x0000000008002f84        0x0 linker stubs

.v4_bx          0x0000000008002f84        0x0
 .v4_bx         0x0000000008002f84        0x0 linker stubs

.iplt           0x0000000008002f84        0x0
 .iplt          0x0000000008002f84        0x0 /home/cerino/Uni/IOT/IotAssignment1/RIOTiotlab/bin/iotlab-m3/cpu/vectors.o

.igot.plt       0x0000000008002f84        0x0
 .igot.plt      0x0000000008002f84        0x0 /home/cerino/Uni/IOT/IotAssignment1/RIOTiotlab/bin/iotlab-m3/cpu/vectors.o

.rel.dyn        0x0000000008002f84        0x0
 .rel.iplt      0x0000000008002f84        0x0 /home/cerino/Uni/IOT/IotAssignment1/RIOTiotlab/bin/iotlab-m3/cpu/vectors.o

.ARM.exidx
 *(.ARM.exidx* .gnu.linkonce.armexidx.*)
                [!provide]                        PROVIDE (__exidx_end = .)
                0x0000000008002f84                . = ALIGN (0x4)

.eh_frame
 *(.eh_frame)
                0x0000000008002f84                . = ALIGN (0x4)
                0x0000000008002f84                _etext = .

.stack          0x0000000020000000      0x200
 *(.puf)
                0x0000000020000000                . = ALIGN (0x8)
                0x0000000020000000                _sstack = .
 *(.isr_stack)
 .isr_stack     0x0000000020000000      0x200 /home/cerino/Uni/IOT/IotAssignment1/RIOTiotlab/bin/iotlab-m3/cortexm_common/vectors_cortexm.o
                0x0000000020000000                isr_stack
                0x0000000020000200                . = ALIGN (0x8)
                0x0000000020000200                _estack = .

.relocate       0x0000000020000200       0x70 load address 0x0000000008002f84
                0x0000000020000200                . = ALIGN (0x4)
                0x0000000020000200                _srelocate = .
 *(.ramfunc .ramfunc.*)
 *(.data .data.*)
 .data.heap_top
                0x0000000020000200        0x4 /home/cerino/Uni/IOT/IotAssignment1/RIOTiotlab/bin/iotlab-m3/newlib_syscalls_default/syscalls.o
 .data.pm_blocker
                0x0000000020000204        0x4 /home/cerino/Uni/IOT/IotAssignment1/RIOTiotlab/bin/iotlab-m3/pm_layered/pm.o
                0x0000000020000204                pm_blocker
 .data._impure_ptr
                0x0000000020000208        0x4 /opt/gcc-arm-none-eabi-8-2019-q3-update/bin/../lib/gcc/arm-none-eabi/8.3.1/../../../../arm-none-eabi/lib/thumb/v7-m/nofp/libc_nano.a(lib_a-impure.o)
                0x0000000020000208                _impure_ptr
 .data.impure_data
                0x000000002000020c       0x60 /opt/gcc-arm-none-eabi-8-2019-q3-update/bin/../lib/gcc/arm-none-eabi/8.3.1/../../../../arm-none-eabi/lib/thumb/v7-m/nofp/libc_nano.a(lib_a-impure.o)
 *(.openocd .openocd.*)
 .openocd       0x000000002000026c        0x1 /home/cerino/Uni/IOT/IotAssignment1/RIOTiotlab/bin/iotlab-m3/core/sched.o
                0x000000002000026c                max_threads
                0x0000000020000270                . = ALIGN (0x4)
 *fill*         0x000000002000026d        0x3 
                0x0000000020000270                _erelocate = .

.bss            0x0000000020000270      0x834 load address 0x0000000008002ff4
                0x0000000020000270                . = ALIGN (0x4)
                0x0000000020000270                _sbss = .
                0x0000000020000270                _szero = .
 *(.bss .bss.*)
 .bss.runqueue_bitcache
                0x0000000020000270        0x4 /home/cerino/Uni/IOT/IotAssignment1/RIOTiotlab/bin/iotlab-m3/core/sched.o
 .bss.sched_active_pid
                0x0000000020000274        0x2 /home/cerino/Uni/IOT/IotAssignment1/RIOTiotlab/bin/iotlab-m3/core/sched.o
                0x0000000020000274                sched_active_pid
 *fill*         0x0000000020000276        0x2 
 .bss.sched_active_thread
                0x0000000020000278        0x4 /home/cerino/Uni/IOT/IotAssignment1/RIOTiotlab/bin/iotlab-m3/core/sched.o
                0x0000000020000278                sched_active_thread
 .bss.sched_context_switch_request
                0x000000002000027c        0x4 /home/cerino/Uni/IOT/IotAssignment1/RIOTiotlab/bin/iotlab-m3/core/sched.o
                0x000000002000027c                sched_context_switch_request
 .bss.sched_num_threads
                0x0000000020000280        0x4 /home/cerino/Uni/IOT/IotAssignment1/RIOTiotlab/bin/iotlab-m3/core/sched.o
                0x0000000020000280                sched_num_threads
 .bss.sched_runqueues
                0x0000000020000284       0x40 /home/cerino/Uni/IOT/IotAssignment1/RIOTiotlab/bin/iotlab-m3/core/sched.o
                0x0000000020000284                sched_runqueues
 .bss.sched_threads
                0x00000000200002c4       0x84 /home/cerino/Uni/IOT/IotAssignment1/RIOTiotlab/bin/iotlab-m3/core/sched.o
                0x00000000200002c4                sched_threads
 .bss.isr_ctx   0x0000000020000348       0x18 /home/cerino/Uni/IOT/IotAssignment1/RIOTiotlab/bin/iotlab-m3/stm32_common_periph/uart.o
 .bss.isr_ctx   0x0000000020000360       0x10 /home/cerino/Uni/IOT/IotAssignment1/RIOTiotlab/bin/iotlab-m3/stm32_common_periph/timer.o
 .bss._in_handler
                0x0000000020000370        0x4 /home/cerino/Uni/IOT/IotAssignment1/RIOTiotlab/bin/iotlab-m3/xtimer/xtimer_core.o
 .bss._lltimer_ongoing
                0x0000000020000374        0x1 /home/cerino/Uni/IOT/IotAssignment1/RIOTiotlab/bin/iotlab-m3/xtimer/xtimer_core.o
 *fill*         0x0000000020000375        0x3 
 .bss._xtimer_current_time
                0x0000000020000378        0x8 /home/cerino/Uni/IOT/IotAssignment1/RIOTiotlab/bin/iotlab-m3/xtimer/xtimer_core.o
                0x0000000020000378                _xtimer_current_time
 .bss.long_list_head
                0x0000000020000380        0x4 /home/cerino/Uni/IOT/IotAssignment1/RIOTiotlab/bin/iotlab-m3/xtimer/xtimer_core.o
 .bss.timer_list_head
                0x0000000020000384        0x4 /home/cerino/Uni/IOT/IotAssignment1/RIOTiotlab/bin/iotlab-m3/xtimer/xtimer_core.o
 .bss.idle_stack
                0x0000000020000388      0x100 /home/cerino/Uni/IOT/IotAssignment1/RIOTiotlab/bin/iotlab-m3/core/init.o
 .bss.main_stack
                0x0000000020000488      0x600 /home/cerino/Uni/IOT/IotAssignment1/RIOTiotlab/bin/iotlab-m3/core/init.o
 .bss.crashed   0x0000000020000a88        0x4 /home/cerino/Uni/IOT/IotAssignment1/RIOTiotlab/bin/iotlab-m3/core/panic.o
 .bss.locks     0x0000000020000a8c        0x4 /home/cerino/Uni/IOT/IotAssignment1/RIOTiotlab/bin/iotlab-m3/stm32_common_periph/i2c_2.o
 .bss.__malloc_free_list
                0x0000000020000a90        0x4 /opt/gcc-arm-none-eabi-8-2019-q3-update/bin/../lib/gcc/arm-none-eabi/8.3.1/../../../../arm-none-eabi/lib/thumb/v7-m/nofp/libc_nano.a(lib_a-nano-mallocr.o)
                0x0000000020000a90                __malloc_free_list
 .bss.__malloc_sbrk_start
                0x0000000020000a94        0x4 /opt/gcc-arm-none-eabi-8-2019-q3-update/bin/../lib/gcc/arm-none-eabi/8.3.1/../../../../arm-none-eabi/lib/thumb/v7-m/nofp/libc_nano.a(lib_a-nano-mallocr.o)
                0x0000000020000a94                __malloc_sbrk_start
 *(COMMON)
 COMMON         0x0000000020000a98        0x9 /opt/gcc-arm-none-eabi-8-2019-q3-update/bin/../lib/gcc/arm-none-eabi/8.3.1/../../../../arm-none-eabi/lib/thumb/v7-m/nofp/libc_nano.a(lib_a-lock.o)
                0x0000000020000a98                __lock___atexit_recursive_mutex
                0x0000000020000a99                __lock___arc4random_mutex
                0x0000000020000a9a                __lock___env_recursive_mutex
                0x0000000020000a9b                __lock___sinit_recursive_mutex
                0x0000000020000a9c                __lock___malloc_recursive_mutex
                0x0000000020000a9d                __lock___at_quick_exit_mutex
                0x0000000020000a9e                __lock___dd_hash_mutex
                0x0000000020000a9f                __lock___tz_mutex
                0x0000000020000aa0                __lock___sfp_recursive_mutex
                0x0000000020000aa4                . = ALIGN (0x4)
 *fill*         0x0000000020000aa1        0x3 
                0x0000000020000aa4                _ebss = .
                0x0000000020000aa4                _ezero = .

.noinit         0x0000000020000aa4        0x0 load address 0x0000000008002ff4
                0x0000000020000aa4                __noinit_start = .
 *(.noinit)
                0x0000000020000aa4                . = ALIGN (0x4)
                0x0000000020000aa4                __noinit_end = .
                0x0000000020000aa4                . = ALIGN (0x4)
                0x0000000020000aa4                _sheap = .
                0x0000000020010000                _eheap = (ORIGIN (ram) + LENGTH (ram))
                0x0000000020000000                _sram = ORIGIN (ram)
                0x0000000020010000                _eram = (ORIGIN (ram) + LENGTH (ram))
                0x0000000008002ff4                _sbackup_data_load = LOADADDR (.backup.data)

.backup.data    0x0000000000000000        0x0 load address 0x0000000008002ff4
                0x0000000000000000                _sbackup_data = .
 *(.backup.data)
                0x0000000000000000                _ebackup_data = .
                0x0000000000000000                . = ALIGN (0x4)

.backup.bss     0x0000000000000000        0x0 load address 0x0000000008002ff4
                0x0000000000000000                _sbackup_bss = .
 *(.backup.bss)
                0x0000000000000000                _ebackup_bss = .
                0x0000000000000000                . = ALIGN (0x4)

.heap3          0x0000000000000000        0x0 load address 0x0000000008002ff4
                0x0000000000000000                _sheap1 = .
                0x0000000000000000                _eheap1 = (ORIGIN (bkup-ram) + LENGTH (bkup-ram))
OUTPUT(/home/cerino/Uni/IOT/IotAssignment1/RIOTiotlab/bin/iotlab-m3/shell.elf elf32-littlearm)

.debug_info     0x0000000000000000    0x276d4
 .debug_info    0x0000000000000000      0x105 /home/cerino/Uni/IOT/IotAssignment1/RIOTiotlab/bin/iotlab-m3/cpu/vectors.o
 .debug_info    0x0000000000000105     0x20e6 /home/cerino/Uni/IOT/IotAssignment1/RIOTiotlab/bin/iotlab-m3/newlib_syscalls_default/syscalls.o
 .debug_info    0x00000000000021eb      0xf3a /home/cerino/Uni/IOT/IotAssignment1/RIOTiotlab/bin/iotlab-m3/core/sched.o
 .debug_info    0x0000000000003125     0x10f0 /home/cerino/Uni/IOT/IotAssignment1/RIOTiotlab/bin/iotlab-m3/cortexm_common/thread_arch.o
 .debug_info    0x0000000000004215     0x15f3 /home/cerino/Uni/IOT/IotAssignment1/RIOTiotlab/bin/iotlab-m3/cortexm_common/vectors_cortexm.o
 .debug_info    0x0000000000005808      0xdec /home/cerino/Uni/IOT/IotAssignment1/RIOTiotlab/bin/iotlab-m3/cortexm_common/irq_arch.o
 .debug_info    0x00000000000065f4     0x142f /home/cerino/Uni/IOT/IotAssignment1/RIOTiotlab/bin/iotlab-m3/stdio_uart/stdio_uart.o
 .debug_info    0x0000000000007a23     0x1cd9 /home/cerino/Uni/IOT/IotAssignment1/RIOTiotlab/bin/iotlab-m3/stm32_common_periph/uart.o
 .debug_info    0x00000000000096fc      0xf39 /home/cerino/Uni/IOT/IotAssignment1/RIOTiotlab/bin/iotlab-m3/stm32_common_periph/pm.o
 .debug_info    0x000000000000a635     0x19e4 /home/cerino/Uni/IOT/IotAssignment1/RIOTiotlab/bin/iotlab-m3/stm32_common_periph/timer.o
 .debug_info    0x000000000000c019     0x1bf4 /home/cerino/Uni/IOT/IotAssignment1/RIOTiotlab/bin/iotlab-m3/xtimer/xtimer_core.o
 .debug_info    0x000000000000dc0d     0x1397 /home/cerino/Uni/IOT/IotAssignment1/RIOTiotlab/bin/iotlab-m3/boards_common_iotlab/board_init.o
 .debug_info    0x000000000000efa4      0xe57 /home/cerino/Uni/IOT/IotAssignment1/RIOTiotlab/bin/iotlab-m3/core/init.o
 .debug_info    0x000000000000fdfb      0xda5 /home/cerino/Uni/IOT/IotAssignment1/RIOTiotlab/bin/iotlab-m3/core/panic.o
 .debug_info    0x0000000000010ba0     0x136d /home/cerino/Uni/IOT/IotAssignment1/RIOTiotlab/bin/iotlab-m3/core/thread.o
 .debug_info    0x0000000000011f0d      0xe4b /home/cerino/Uni/IOT/IotAssignment1/RIOTiotlab/bin/iotlab-m3/cortexm_common_periph/pm.o
 .debug_info    0x0000000000012d58     0x1895 /home/cerino/Uni/IOT/IotAssignment1/RIOTiotlab/bin/iotlab-m3/periph/gpio.o
 .debug_info    0x00000000000145ed      0xdb2 /home/cerino/Uni/IOT/IotAssignment1/RIOTiotlab/bin/iotlab-m3/pm_layered/pm.o
 .debug_info    0x000000000001539f     0x1415 /home/cerino/Uni/IOT/IotAssignment1/RIOTiotlab/bin/iotlab-m3/stm32_common/stmclk.o
 .debug_info    0x00000000000167b4     0x13d1 /home/cerino/Uni/IOT/IotAssignment1/RIOTiotlab/bin/iotlab-m3/stm32_common/stmclk_common.o
 .debug_info    0x0000000000017b85     0x1549 /home/cerino/Uni/IOT/IotAssignment1/RIOTiotlab/bin/iotlab-m3/stm32_common/cpu_init.o
 .debug_info    0x00000000000190ce     0x146a /home/cerino/Uni/IOT/IotAssignment1/RIOTiotlab/bin/iotlab-m3/stm32_common/cpu_common.o
 .debug_info    0x000000000001a538     0x12a8 /home/cerino/Uni/IOT/IotAssignment1/RIOTiotlab/bin/iotlab-m3/periph_common/init.o
 .debug_info    0x000000000001b7e0     0x18ac /home/cerino/Uni/IOT/IotAssignment1/RIOTiotlab/bin/iotlab-m3/application_shell/main.o
 .debug_info    0x000000000001d08c      0xb97 /home/cerino/Uni/IOT/IotAssignment1/RIOTiotlab/bin/iotlab-m3/auto_init/auto_init.o
 .debug_info    0x000000000001dc23     0x1345 /home/cerino/Uni/IOT/IotAssignment1/RIOTiotlab/bin/iotlab-m3/cortexm_common/cortexm_init.o
 .debug_info    0x000000000001ef68     0x172b /home/cerino/Uni/IOT/IotAssignment1/RIOTiotlab/bin/iotlab-m3/lpsxxx/lpsxxx.o
 .debug_info    0x0000000000020693     0x2347 /home/cerino/Uni/IOT/IotAssignment1/RIOTiotlab/bin/iotlab-m3/stm32_common_periph/i2c_2.o
 .debug_info    0x00000000000229da     0x2396 /home/cerino/Uni/IOT/IotAssignment1/RIOTiotlab/bin/iotlab-m3/xtimer/xtimer.o
 .debug_info    0x0000000000024d70     0x1980 /home/cerino/Uni/IOT/IotAssignment1/RIOTiotlab/bin/iotlab-m3/periph_common/i2c.o
 .debug_info    0x00000000000266f0      0xfe4 /home/cerino/Uni/IOT/IotAssignment1/RIOTiotlab/bin/iotlab-m3/core/mutex.o

.debug_abbrev   0x0000000000000000     0x6063
 .debug_abbrev  0x0000000000000000       0xcf /home/cerino/Uni/IOT/IotAssignment1/RIOTiotlab/bin/iotlab-m3/cpu/vectors.o
 .debug_abbrev  0x00000000000000cf      0x4f1 /home/cerino/Uni/IOT/IotAssignment1/RIOTiotlab/bin/iotlab-m3/newlib_syscalls_default/syscalls.o
 .debug_abbrev  0x00000000000005c0      0x394 /home/cerino/Uni/IOT/IotAssignment1/RIOTiotlab/bin/iotlab-m3/core/sched.o
 .debug_abbrev  0x0000000000000954      0x375 /home/cerino/Uni/IOT/IotAssignment1/RIOTiotlab/bin/iotlab-m3/cortexm_common/thread_arch.o
 .debug_abbrev  0x0000000000000cc9      0x2e9 /home/cerino/Uni/IOT/IotAssignment1/RIOTiotlab/bin/iotlab-m3/cortexm_common/vectors_cortexm.o
 .debug_abbrev  0x0000000000000fb2      0x2f0 /home/cerino/Uni/IOT/IotAssignment1/RIOTiotlab/bin/iotlab-m3/cortexm_common/irq_arch.o
 .debug_abbrev  0x00000000000012a2      0x2a5 /home/cerino/Uni/IOT/IotAssignment1/RIOTiotlab/bin/iotlab-m3/stdio_uart/stdio_uart.o
 .debug_abbrev  0x0000000000001547      0x4c3 /home/cerino/Uni/IOT/IotAssignment1/RIOTiotlab/bin/iotlab-m3/stm32_common_periph/uart.o
 .debug_abbrev  0x0000000000001a0a      0x2d7 /home/cerino/Uni/IOT/IotAssignment1/RIOTiotlab/bin/iotlab-m3/stm32_common_periph/pm.o
 .debug_abbrev  0x0000000000001ce1      0x3fe /home/cerino/Uni/IOT/IotAssignment1/RIOTiotlab/bin/iotlab-m3/stm32_common_periph/timer.o
 .debug_abbrev  0x00000000000020df      0x507 /home/cerino/Uni/IOT/IotAssignment1/RIOTiotlab/bin/iotlab-m3/xtimer/xtimer_core.o
 .debug_abbrev  0x00000000000025e6      0x245 /home/cerino/Uni/IOT/IotAssignment1/RIOTiotlab/bin/iotlab-m3/boards_common_iotlab/board_init.o
 .debug_abbrev  0x000000000000282b      0x261 /home/cerino/Uni/IOT/IotAssignment1/RIOTiotlab/bin/iotlab-m3/core/init.o
 .debug_abbrev  0x0000000000002a8c      0x255 /home/cerino/Uni/IOT/IotAssignment1/RIOTiotlab/bin/iotlab-m3/core/panic.o
 .debug_abbrev  0x0000000000002ce1      0x38f /home/cerino/Uni/IOT/IotAssignment1/RIOTiotlab/bin/iotlab-m3/core/thread.o
 .debug_abbrev  0x0000000000003070      0x22d /home/cerino/Uni/IOT/IotAssignment1/RIOTiotlab/bin/iotlab-m3/cortexm_common_periph/pm.o
 .debug_abbrev  0x000000000000329d      0x351 /home/cerino/Uni/IOT/IotAssignment1/RIOTiotlab/bin/iotlab-m3/periph/gpio.o
 .debug_abbrev  0x00000000000035ee      0x24d /home/cerino/Uni/IOT/IotAssignment1/RIOTiotlab/bin/iotlab-m3/pm_layered/pm.o
 .debug_abbrev  0x000000000000383b      0x240 /home/cerino/Uni/IOT/IotAssignment1/RIOTiotlab/bin/iotlab-m3/stm32_common/stmclk.o
 .debug_abbrev  0x0000000000003a7b      0x233 /home/cerino/Uni/IOT/IotAssignment1/RIOTiotlab/bin/iotlab-m3/stm32_common/stmclk_common.o
 .debug_abbrev  0x0000000000003cae      0x2df /home/cerino/Uni/IOT/IotAssignment1/RIOTiotlab/bin/iotlab-m3/stm32_common/cpu_init.o
 .debug_abbrev  0x0000000000003f8d      0x2ed /home/cerino/Uni/IOT/IotAssignment1/RIOTiotlab/bin/iotlab-m3/stm32_common/cpu_common.o
 .debug_abbrev  0x000000000000427a      0x247 /home/cerino/Uni/IOT/IotAssignment1/RIOTiotlab/bin/iotlab-m3/periph_common/init.o
 .debug_abbrev  0x00000000000044c1      0x2f9 /home/cerino/Uni/IOT/IotAssignment1/RIOTiotlab/bin/iotlab-m3/application_shell/main.o
 .debug_abbrev  0x00000000000047ba      0x1ea /home/cerino/Uni/IOT/IotAssignment1/RIOTiotlab/bin/iotlab-m3/auto_init/auto_init.o
 .debug_abbrev  0x00000000000049a4      0x3a4 /home/cerino/Uni/IOT/IotAssignment1/RIOTiotlab/bin/iotlab-m3/cortexm_common/cortexm_init.o
 .debug_abbrev  0x0000000000004d48      0x2b7 /home/cerino/Uni/IOT/IotAssignment1/RIOTiotlab/bin/iotlab-m3/lpsxxx/lpsxxx.o
 .debug_abbrev  0x0000000000004fff      0x530 /home/cerino/Uni/IOT/IotAssignment1/RIOTiotlab/bin/iotlab-m3/stm32_common_periph/i2c_2.o
 .debug_abbrev  0x000000000000552f      0x479 /home/cerino/Uni/IOT/IotAssignment1/RIOTiotlab/bin/iotlab-m3/xtimer/xtimer.o
 .debug_abbrev  0x00000000000059a8      0x3b5 /home/cerino/Uni/IOT/IotAssignment1/RIOTiotlab/bin/iotlab-m3/periph_common/i2c.o
 .debug_abbrev  0x0000000000005d5d      0x306 /home/cerino/Uni/IOT/IotAssignment1/RIOTiotlab/bin/iotlab-m3/core/mutex.o

.debug_aranges  0x0000000000000000      0x7f8
 .debug_aranges
                0x0000000000000000       0x20 /home/cerino/Uni/IOT/IotAssignment1/RIOTiotlab/bin/iotlab-m3/cpu/vectors.o
 .debug_aranges
                0x0000000000000020       0xc0 /home/cerino/Uni/IOT/IotAssignment1/RIOTiotlab/bin/iotlab-m3/newlib_syscalls_default/syscalls.o
 .debug_aranges
                0x00000000000000e0       0x38 /home/cerino/Uni/IOT/IotAssignment1/RIOTiotlab/bin/iotlab-m3/core/sched.o
 .debug_aranges
                0x0000000000000118       0x60 /home/cerino/Uni/IOT/IotAssignment1/RIOTiotlab/bin/iotlab-m3/cortexm_common/thread_arch.o
 .debug_aranges
                0x0000000000000178       0x60 /home/cerino/Uni/IOT/IotAssignment1/RIOTiotlab/bin/iotlab-m3/cortexm_common/vectors_cortexm.o
 .debug_aranges
                0x00000000000001d8       0x38 /home/cerino/Uni/IOT/IotAssignment1/RIOTiotlab/bin/iotlab-m3/cortexm_common/irq_arch.o
 .debug_aranges
                0x0000000000000210       0x30 /home/cerino/Uni/IOT/IotAssignment1/RIOTiotlab/bin/iotlab-m3/stdio_uart/stdio_uart.o
 .debug_aranges
                0x0000000000000240       0x58 /home/cerino/Uni/IOT/IotAssignment1/RIOTiotlab/bin/iotlab-m3/stm32_common_periph/uart.o
 .debug_aranges
                0x0000000000000298       0x28 /home/cerino/Uni/IOT/IotAssignment1/RIOTiotlab/bin/iotlab-m3/stm32_common_periph/pm.o
 .debug_aranges
                0x00000000000002c0       0x60 /home/cerino/Uni/IOT/IotAssignment1/RIOTiotlab/bin/iotlab-m3/stm32_common_periph/timer.o
 .debug_aranges
                0x0000000000000320       0x60 /home/cerino/Uni/IOT/IotAssignment1/RIOTiotlab/bin/iotlab-m3/xtimer/xtimer_core.o
 .debug_aranges
                0x0000000000000380       0x20 /home/cerino/Uni/IOT/IotAssignment1/RIOTiotlab/bin/iotlab-m3/boards_common_iotlab/board_init.o
 .debug_aranges
                0x00000000000003a0       0x30 /home/cerino/Uni/IOT/IotAssignment1/RIOTiotlab/bin/iotlab-m3/core/init.o
 .debug_aranges
                0x00000000000003d0       0x28 /home/cerino/Uni/IOT/IotAssignment1/RIOTiotlab/bin/iotlab-m3/core/panic.o
 .debug_aranges
                0x00000000000003f8       0x68 /home/cerino/Uni/IOT/IotAssignment1/RIOTiotlab/bin/iotlab-m3/core/thread.o
 .debug_aranges
                0x0000000000000460       0x20 /home/cerino/Uni/IOT/IotAssignment1/RIOTiotlab/bin/iotlab-m3/cortexm_common_periph/pm.o
 .debug_aranges
                0x0000000000000480       0x58 /home/cerino/Uni/IOT/IotAssignment1/RIOTiotlab/bin/iotlab-m3/periph/gpio.o
 .debug_aranges
                0x00000000000004d8       0x30 /home/cerino/Uni/IOT/IotAssignment1/RIOTiotlab/bin/iotlab-m3/pm_layered/pm.o
 .debug_aranges
                0x0000000000000508       0x20 /home/cerino/Uni/IOT/IotAssignment1/RIOTiotlab/bin/iotlab-m3/stm32_common/stmclk.o
 .debug_aranges
                0x0000000000000528       0x48 /home/cerino/Uni/IOT/IotAssignment1/RIOTiotlab/bin/iotlab-m3/stm32_common/stmclk_common.o
 .debug_aranges
                0x0000000000000570       0x20 /home/cerino/Uni/IOT/IotAssignment1/RIOTiotlab/bin/iotlab-m3/stm32_common/cpu_init.o
 .debug_aranges
                0x0000000000000590       0x38 /home/cerino/Uni/IOT/IotAssignment1/RIOTiotlab/bin/iotlab-m3/stm32_common/cpu_common.o
 .debug_aranges
                0x00000000000005c8       0x20 /home/cerino/Uni/IOT/IotAssignment1/RIOTiotlab/bin/iotlab-m3/periph_common/init.o
 .debug_aranges
                0x00000000000005e8       0x20 /home/cerino/Uni/IOT/IotAssignment1/RIOTiotlab/bin/iotlab-m3/application_shell/main.o
 .debug_aranges
                0x0000000000000608       0x20 /home/cerino/Uni/IOT/IotAssignment1/RIOTiotlab/bin/iotlab-m3/auto_init/auto_init.o
 .debug_aranges
                0x0000000000000628       0x28 /home/cerino/Uni/IOT/IotAssignment1/RIOTiotlab/bin/iotlab-m3/cortexm_common/cortexm_init.o
 .debug_aranges
                0x0000000000000650       0x40 /home/cerino/Uni/IOT/IotAssignment1/RIOTiotlab/bin/iotlab-m3/lpsxxx/lpsxxx.o
 .debug_aranges
                0x0000000000000690       0x68 /home/cerino/Uni/IOT/IotAssignment1/RIOTiotlab/bin/iotlab-m3/stm32_common_periph/i2c_2.o
 .debug_aranges
                0x00000000000006f8       0x88 /home/cerino/Uni/IOT/IotAssignment1/RIOTiotlab/bin/iotlab-m3/xtimer/xtimer.o
 .debug_aranges
                0x0000000000000780       0x48 /home/cerino/Uni/IOT/IotAssignment1/RIOTiotlab/bin/iotlab-m3/periph_common/i2c.o
 .debug_aranges
                0x00000000000007c8       0x30 /home/cerino/Uni/IOT/IotAssignment1/RIOTiotlab/bin/iotlab-m3/core/mutex.o

.debug_ranges   0x0000000000000000     0x1068
 .debug_ranges  0x0000000000000000       0x10 /home/cerino/Uni/IOT/IotAssignment1/RIOTiotlab/bin/iotlab-m3/cpu/vectors.o
 .debug_ranges  0x0000000000000010      0x150 /home/cerino/Uni/IOT/IotAssignment1/RIOTiotlab/bin/iotlab-m3/newlib_syscalls_default/syscalls.o
 .debug_ranges  0x0000000000000160       0x88 /home/cerino/Uni/IOT/IotAssignment1/RIOTiotlab/bin/iotlab-m3/core/sched.o
 .debug_ranges  0x00000000000001e8       0xa0 /home/cerino/Uni/IOT/IotAssignment1/RIOTiotlab/bin/iotlab-m3/cortexm_common/thread_arch.o
 .debug_ranges  0x0000000000000288       0x50 /home/cerino/Uni/IOT/IotAssignment1/RIOTiotlab/bin/iotlab-m3/cortexm_common/vectors_cortexm.o
 .debug_ranges  0x00000000000002d8       0x28 /home/cerino/Uni/IOT/IotAssignment1/RIOTiotlab/bin/iotlab-m3/cortexm_common/irq_arch.o
 .debug_ranges  0x0000000000000300       0x20 /home/cerino/Uni/IOT/IotAssignment1/RIOTiotlab/bin/iotlab-m3/stdio_uart/stdio_uart.o
 .debug_ranges  0x0000000000000320      0x178 /home/cerino/Uni/IOT/IotAssignment1/RIOTiotlab/bin/iotlab-m3/stm32_common_periph/uart.o
 .debug_ranges  0x0000000000000498       0x40 /home/cerino/Uni/IOT/IotAssignment1/RIOTiotlab/bin/iotlab-m3/stm32_common_periph/pm.o
 .debug_ranges  0x00000000000004d8       0xf8 /home/cerino/Uni/IOT/IotAssignment1/RIOTiotlab/bin/iotlab-m3/stm32_common_periph/timer.o
 .debug_ranges  0x00000000000005d0      0x180 /home/cerino/Uni/IOT/IotAssignment1/RIOTiotlab/bin/iotlab-m3/xtimer/xtimer_core.o
 .debug_ranges  0x0000000000000750       0x10 /home/cerino/Uni/IOT/IotAssignment1/RIOTiotlab/bin/iotlab-m3/boards_common_iotlab/board_init.o
 .debug_ranges  0x0000000000000760       0x20 /home/cerino/Uni/IOT/IotAssignment1/RIOTiotlab/bin/iotlab-m3/core/init.o
 .debug_ranges  0x0000000000000780       0x18 /home/cerino/Uni/IOT/IotAssignment1/RIOTiotlab/bin/iotlab-m3/core/panic.o
 .debug_ranges  0x0000000000000798       0xb8 /home/cerino/Uni/IOT/IotAssignment1/RIOTiotlab/bin/iotlab-m3/core/thread.o
 .debug_ranges  0x0000000000000850       0x10 /home/cerino/Uni/IOT/IotAssignment1/RIOTiotlab/bin/iotlab-m3/cortexm_common_periph/pm.o
 .debug_ranges  0x0000000000000860      0x158 /home/cerino/Uni/IOT/IotAssignment1/RIOTiotlab/bin/iotlab-m3/periph/gpio.o
 .debug_ranges  0x00000000000009b8       0x20 /home/cerino/Uni/IOT/IotAssignment1/RIOTiotlab/bin/iotlab-m3/pm_layered/pm.o
 .debug_ranges  0x00000000000009d8       0x10 /home/cerino/Uni/IOT/IotAssignment1/RIOTiotlab/bin/iotlab-m3/stm32_common/stmclk.o
 .debug_ranges  0x00000000000009e8       0x38 /home/cerino/Uni/IOT/IotAssignment1/RIOTiotlab/bin/iotlab-m3/stm32_common/stmclk_common.o
 .debug_ranges  0x0000000000000a20       0x68 /home/cerino/Uni/IOT/IotAssignment1/RIOTiotlab/bin/iotlab-m3/stm32_common/cpu_init.o
 .debug_ranges  0x0000000000000a88       0x28 /home/cerino/Uni/IOT/IotAssignment1/RIOTiotlab/bin/iotlab-m3/stm32_common/cpu_common.o
 .debug_ranges  0x0000000000000ab0       0x10 /home/cerino/Uni/IOT/IotAssignment1/RIOTiotlab/bin/iotlab-m3/periph_common/init.o
 .debug_ranges  0x0000000000000ac0       0x68 /home/cerino/Uni/IOT/IotAssignment1/RIOTiotlab/bin/iotlab-m3/application_shell/main.o
 .debug_ranges  0x0000000000000b28       0x10 /home/cerino/Uni/IOT/IotAssignment1/RIOTiotlab/bin/iotlab-m3/auto_init/auto_init.o
 .debug_ranges  0x0000000000000b38       0x90 /home/cerino/Uni/IOT/IotAssignment1/RIOTiotlab/bin/iotlab-m3/cortexm_common/cortexm_init.o
 .debug_ranges  0x0000000000000bc8       0x30 /home/cerino/Uni/IOT/IotAssignment1/RIOTiotlab/bin/iotlab-m3/lpsxxx/lpsxxx.o
 .debug_ranges  0x0000000000000bf8      0x140 /home/cerino/Uni/IOT/IotAssignment1/RIOTiotlab/bin/iotlab-m3/stm32_common_periph/i2c_2.o
 .debug_ranges  0x0000000000000d38      0x238 /home/cerino/Uni/IOT/IotAssignment1/RIOTiotlab/bin/iotlab-m3/xtimer/xtimer.o
 .debug_ranges  0x0000000000000f70       0x78 /home/cerino/Uni/IOT/IotAssignment1/RIOTiotlab/bin/iotlab-m3/periph_common/i2c.o
 .debug_ranges  0x0000000000000fe8       0x80 /home/cerino/Uni/IOT/IotAssignment1/RIOTiotlab/bin/iotlab-m3/core/mutex.o

.debug_macro    0x0000000000000000    0x2702f
 .debug_macro   0x0000000000000000       0xe1 /home/cerino/Uni/IOT/IotAssignment1/RIOTiotlab/bin/iotlab-m3/cpu/vectors.o
 .debug_macro   0x00000000000000e1      0xad8 /home/cerino/Uni/IOT/IotAssignment1/RIOTiotlab/bin/iotlab-m3/cpu/vectors.o
 .debug_macro   0x0000000000000bb9      0x142 /home/cerino/Uni/IOT/IotAssignment1/RIOTiotlab/bin/iotlab-m3/cpu/vectors.o
 .debug_macro   0x0000000000000cfb       0x2e /home/cerino/Uni/IOT/IotAssignment1/RIOTiotlab/bin/iotlab-m3/cpu/vectors.o
 .debug_macro   0x0000000000000d29       0x2e /home/cerino/Uni/IOT/IotAssignment1/RIOTiotlab/bin/iotlab-m3/cpu/vectors.o
 .debug_macro   0x0000000000000d57       0x22 /home/cerino/Uni/IOT/IotAssignment1/RIOTiotlab/bin/iotlab-m3/cpu/vectors.o
 .debug_macro   0x0000000000000d79       0x22 /home/cerino/Uni/IOT/IotAssignment1/RIOTiotlab/bin/iotlab-m3/cpu/vectors.o
 .debug_macro   0x0000000000000d9b       0x56 /home/cerino/Uni/IOT/IotAssignment1/RIOTiotlab/bin/iotlab-m3/cpu/vectors.o
 .debug_macro   0x0000000000000df1       0x51 /home/cerino/Uni/IOT/IotAssignment1/RIOTiotlab/bin/iotlab-m3/cpu/vectors.o
 .debug_macro   0x0000000000000e42      0x103 /home/cerino/Uni/IOT/IotAssignment1/RIOTiotlab/bin/iotlab-m3/cpu/vectors.o
 .debug_macro   0x0000000000000f45       0x6a /home/cerino/Uni/IOT/IotAssignment1/RIOTiotlab/bin/iotlab-m3/cpu/vectors.o
 .debug_macro   0x0000000000000faf      0x1df /home/cerino/Uni/IOT/IotAssignment1/RIOTiotlab/bin/iotlab-m3/cpu/vectors.o
 .debug_macro   0x000000000000118e       0x1c /home/cerino/Uni/IOT/IotAssignment1/RIOTiotlab/bin/iotlab-m3/cpu/vectors.o
 .debug_macro   0x00000000000011aa       0x22 /home/cerino/Uni/IOT/IotAssignment1/RIOTiotlab/bin/iotlab-m3/cpu/vectors.o
 .debug_macro   0x00000000000011cc       0xc3 /home/cerino/Uni/IOT/IotAssignment1/RIOTiotlab/bin/iotlab-m3/cpu/vectors.o
 .debug_macro   0x000000000000128f      0xd23 /home/cerino/Uni/IOT/IotAssignment1/RIOTiotlab/bin/iotlab-m3/cpu/vectors.o
 .debug_macro   0x0000000000001fb2     0x7575 /home/cerino/Uni/IOT/IotAssignment1/RIOTiotlab/bin/iotlab-m3/cpu/vectors.o
 .debug_macro   0x0000000000009527       0x3c /home/cerino/Uni/IOT/IotAssignment1/RIOTiotlab/bin/iotlab-m3/cpu/vectors.o
 .debug_macro   0x0000000000009563       0x2e /home/cerino/Uni/IOT/IotAssignment1/RIOTiotlab/bin/iotlab-m3/cpu/vectors.o
 .debug_macro   0x0000000000009591       0x16 /home/cerino/Uni/IOT/IotAssignment1/RIOTiotlab/bin/iotlab-m3/cpu/vectors.o
 .debug_macro   0x00000000000095a7      0x4ed /home/cerino/Uni/IOT/IotAssignment1/RIOTiotlab/bin/iotlab-m3/newlib_syscalls_default/syscalls.o
 .debug_macro   0x0000000000009a94      0xad8 /home/cerino/Uni/IOT/IotAssignment1/RIOTiotlab/bin/iotlab-m3/newlib_syscalls_default/syscalls.o
 .debug_macro   0x000000000000a56c       0x46 /home/cerino/Uni/IOT/IotAssignment1/RIOTiotlab/bin/iotlab-m3/newlib_syscalls_default/syscalls.o
 .debug_macro   0x000000000000a5b2       0x18 /home/cerino/Uni/IOT/IotAssignment1/RIOTiotlab/bin/iotlab-m3/newlib_syscalls_default/syscalls.o
 .debug_macro   0x000000000000a5ca       0x5c /home/cerino/Uni/IOT/IotAssignment1/RIOTiotlab/bin/iotlab-m3/newlib_syscalls_default/syscalls.o
 .debug_macro   0x000000000000a626       0x3c /home/cerino/Uni/IOT/IotAssignment1/RIOTiotlab/bin/iotlab-m3/newlib_syscalls_default/syscalls.o
 .debug_macro   0x000000000000a662       0x34 /home/cerino/Uni/IOT/IotAssignment1/RIOTiotlab/bin/iotlab-m3/newlib_syscalls_default/syscalls.o
 .debug_macro   0x000000000000a696       0x10 /home/cerino/Uni/IOT/IotAssignment1/RIOTiotlab/bin/iotlab-m3/newlib_syscalls_default/syscalls.o
 .debug_macro   0x000000000000a6a6       0x57 /home/cerino/Uni/IOT/IotAssignment1/RIOTiotlab/bin/iotlab-m3/newlib_syscalls_default/syscalls.o
 .debug_macro   0x000000000000a6fd       0xcf /home/cerino/Uni/IOT/IotAssignment1/RIOTiotlab/bin/iotlab-m3/newlib_syscalls_default/syscalls.o
 .debug_macro   0x000000000000a7cc      0x35c /home/cerino/Uni/IOT/IotAssignment1/RIOTiotlab/bin/iotlab-m3/newlib_syscalls_default/syscalls.o
 .debug_macro   0x000000000000ab28       0x10 /home/cerino/Uni/IOT/IotAssignment1/RIOTiotlab/bin/iotlab-m3/newlib_syscalls_default/syscalls.o
 .debug_macro   0x000000000000ab38       0x16 /home/cerino/Uni/IOT/IotAssignment1/RIOTiotlab/bin/iotlab-m3/newlib_syscalls_default/syscalls.o
 .debug_macro   0x000000000000ab4e       0x20 /home/cerino/Uni/IOT/IotAssignment1/RIOTiotlab/bin/iotlab-m3/newlib_syscalls_default/syscalls.o
 .debug_macro   0x000000000000ab6e       0x34 /home/cerino/Uni/IOT/IotAssignment1/RIOTiotlab/bin/iotlab-m3/newlib_syscalls_default/syscalls.o
 .debug_macro   0x000000000000aba2       0xb2 /home/cerino/Uni/IOT/IotAssignment1/RIOTiotlab/bin/iotlab-m3/newlib_syscalls_default/syscalls.o
 .debug_macro   0x000000000000ac54       0xb7 /home/cerino/Uni/IOT/IotAssignment1/RIOTiotlab/bin/iotlab-m3/newlib_syscalls_default/syscalls.o
 .debug_macro   0x000000000000ad0b      0x4fe /home/cerino/Uni/IOT/IotAssignment1/RIOTiotlab/bin/iotlab-m3/newlib_syscalls_default/syscalls.o
 .debug_macro   0x000000000000b209       0x10 /home/cerino/Uni/IOT/IotAssignment1/RIOTiotlab/bin/iotlab-m3/newlib_syscalls_default/syscalls.o
 .debug_macro   0x000000000000b219       0x58 /home/cerino/Uni/IOT/IotAssignment1/RIOTiotlab/bin/iotlab-m3/newlib_syscalls_default/syscalls.o
 .debug_macro   0x000000000000b271      0x197 /home/cerino/Uni/IOT/IotAssignment1/RIOTiotlab/bin/iotlab-m3/newlib_syscalls_default/syscalls.o
 .debug_macro   0x000000000000b408       0x10 /home/cerino/Uni/IOT/IotAssignment1/RIOTiotlab/bin/iotlab-m3/newlib_syscalls_default/syscalls.o
 .debug_macro   0x000000000000b418       0x35 /home/cerino/Uni/IOT/IotAssignment1/RIOTiotlab/bin/iotlab-m3/newlib_syscalls_default/syscalls.o
 .debug_macro   0x000000000000b44d       0x10 /home/cerino/Uni/IOT/IotAssignment1/RIOTiotlab/bin/iotlab-m3/newlib_syscalls_default/syscalls.o
 .debug_macro   0x000000000000b45d      0x241 /home/cerino/Uni/IOT/IotAssignment1/RIOTiotlab/bin/iotlab-m3/newlib_syscalls_default/syscalls.o
 .debug_macro   0x000000000000b69e       0x10 /home/cerino/Uni/IOT/IotAssignment1/RIOTiotlab/bin/iotlab-m3/newlib_syscalls_default/syscalls.o
 .debug_macro   0x000000000000b6ae       0x3c /home/cerino/Uni/IOT/IotAssignment1/RIOTiotlab/bin/iotlab-m3/newlib_syscalls_default/syscalls.o
 .debug_macro   0x000000000000b6ea       0x16 /home/cerino/Uni/IOT/IotAssignment1/RIOTiotlab/bin/iotlab-m3/newlib_syscalls_default/syscalls.o
 .debug_macro   0x000000000000b700       0x10 /home/cerino/Uni/IOT/IotAssignment1/RIOTiotlab/bin/iotlab-m3/newlib_syscalls_default/syscalls.o
 .debug_macro   0x000000000000b710       0x16 /home/cerino/Uni/IOT/IotAssignment1/RIOTiotlab/bin/iotlab-m3/newlib_syscalls_default/syscalls.o
 .debug_macro   0x000000000000b726       0xff /home/cerino/Uni/IOT/IotAssignment1/RIOTiotlab/bin/iotlab-m3/newlib_syscalls_default/syscalls.o
 .debug_macro   0x000000000000b825       0x16 /home/cerino/Uni/IOT/IotAssignment1/RIOTiotlab/bin/iotlab-m3/newlib_syscalls_default/syscalls.o
 .debug_macro   0x000000000000b83b       0x22 /home/cerino/Uni/IOT/IotAssignment1/RIOTiotlab/bin/iotlab-m3/newlib_syscalls_default/syscalls.o
 .debug_macro   0x000000000000b85d       0x16 /home/cerino/Uni/IOT/IotAssignment1/RIOTiotlab/bin/iotlab-m3/newlib_syscalls_default/syscalls.o
 .debug_macro   0x000000000000b873       0x16 /home/cerino/Uni/IOT/IotAssignment1/RIOTiotlab/bin/iotlab-m3/newlib_syscalls_default/syscalls.o
 .debug_macro   0x000000000000b889       0x10 /home/cerino/Uni/IOT/IotAssignment1/RIOTiotlab/bin/iotlab-m3/newlib_syscalls_default/syscalls.o
 .debug_macro   0x000000000000b899       0x10 /home/cerino/Uni/IOT/IotAssignment1/RIOTiotlab/bin/iotlab-m3/newlib_syscalls_default/syscalls.o
 .debug_macro   0x000000000000b8a9       0x2e /home/cerino/Uni/IOT/IotAssignment1/RIOTiotlab/bin/iotlab-m3/newlib_syscalls_default/syscalls.o
 .debug_macro   0x000000000000b8d7       0xf5 /home/cerino/Uni/IOT/IotAssignment1/RIOTiotlab/bin/iotlab-m3/newlib_syscalls_default/syscalls.o
 .debug_macro   0x000000000000b9cc       0x22 /home/cerino/Uni/IOT/IotAssignment1/RIOTiotlab/bin/iotlab-m3/newlib_syscalls_default/syscalls.o
 .debug_macro   0x000000000000b9ee       0x5f /home/cerino/Uni/IOT/IotAssignment1/RIOTiotlab/bin/iotlab-m3/newlib_syscalls_default/syscalls.o
 .debug_macro   0x000000000000ba4d       0x10 /home/cerino/Uni/IOT/IotAssignment1/RIOTiotlab/bin/iotlab-m3/newlib_syscalls_default/syscalls.o
 .debug_macro   0x000000000000ba5d      0x460 /home/cerino/Uni/IOT/IotAssignment1/RIOTiotlab/bin/iotlab-m3/newlib_syscalls_default/syscalls.o
 .debug_macro   0x000000000000bebd       0x7c /home/cerino/Uni/IOT/IotAssignment1/RIOTiotlab/bin/iotlab-m3/newlib_syscalls_default/syscalls.o
 .debug_macro   0x000000000000bf39       0x17 /home/cerino/Uni/IOT/IotAssignment1/RIOTiotlab/bin/iotlab-m3/newlib_syscalls_default/syscalls.o
 .debug_macro   0x000000000000bf50       0xee /home/cerino/Uni/IOT/IotAssignment1/RIOTiotlab/bin/iotlab-m3/newlib_syscalls_default/syscalls.o
 .debug_macro   0x000000000000c03e       0x28 /home/cerino/Uni/IOT/IotAssignment1/RIOTiotlab/bin/iotlab-m3/newlib_syscalls_default/syscalls.o
 .debug_macro   0x000000000000c066       0x17 /home/cerino/Uni/IOT/IotAssignment1/RIOTiotlab/bin/iotlab-m3/newlib_syscalls_default/syscalls.o
 .debug_macro   0x000000000000c07d       0x10 /home/cerino/Uni/IOT/IotAssignment1/RIOTiotlab/bin/iotlab-m3/newlib_syscalls_default/syscalls.o
 .debug_macro   0x000000000000c08d       0x12 /home/cerino/Uni/IOT/IotAssignment1/RIOTiotlab/bin/iotlab-m3/newlib_syscalls_default/syscalls.o
 .debug_macro   0x000000000000c09f       0xbd /home/cerino/Uni/IOT/IotAssignment1/RIOTiotlab/bin/iotlab-m3/newlib_syscalls_default/syscalls.o
 .debug_macro   0x000000000000c15c       0x5f /home/cerino/Uni/IOT/IotAssignment1/RIOTiotlab/bin/iotlab-m3/newlib_syscalls_default/syscalls.o
 .debug_macro   0x000000000000c1bb       0x16 /home/cerino/Uni/IOT/IotAssignment1/RIOTiotlab/bin/iotlab-m3/newlib_syscalls_default/syscalls.o
 .debug_macro   0x000000000000c1d1      0x27e /home/cerino/Uni/IOT/IotAssignment1/RIOTiotlab/bin/iotlab-m3/newlib_syscalls_default/syscalls.o
 .debug_macro   0x000000000000c44f       0x40 /home/cerino/Uni/IOT/IotAssignment1/RIOTiotlab/bin/iotlab-m3/newlib_syscalls_default/syscalls.o
 .debug_macro   0x000000000000c48f       0xbe /home/cerino/Uni/IOT/IotAssignment1/RIOTiotlab/bin/iotlab-m3/newlib_syscalls_default/syscalls.o
 .debug_macro   0x000000000000c54d       0x82 /home/cerino/Uni/IOT/IotAssignment1/RIOTiotlab/bin/iotlab-m3/newlib_syscalls_default/syscalls.o
 .debug_macro   0x000000000000c5cf       0x3a /home/cerino/Uni/IOT/IotAssignment1/RIOTiotlab/bin/iotlab-m3/newlib_syscalls_default/syscalls.o
 .debug_macro   0x000000000000c609       0x34 /home/cerino/Uni/IOT/IotAssignment1/RIOTiotlab/bin/iotlab-m3/newlib_syscalls_default/syscalls.o
 .debug_macro   0x000000000000c63d       0x10 /home/cerino/Uni/IOT/IotAssignment1/RIOTiotlab/bin/iotlab-m3/newlib_syscalls_default/syscalls.o
 .debug_macro   0x000000000000c64d       0x10 /home/cerino/Uni/IOT/IotAssignment1/RIOTiotlab/bin/iotlab-m3/newlib_syscalls_default/syscalls.o
 .debug_macro   0x000000000000c65d       0x43 /home/cerino/Uni/IOT/IotAssignment1/RIOTiotlab/bin/iotlab-m3/newlib_syscalls_default/syscalls.o
 .debug_macro   0x000000000000c6a0       0x1c /home/cerino/Uni/IOT/IotAssignment1/RIOTiotlab/bin/iotlab-m3/newlib_syscalls_default/syscalls.o
 .debug_macro   0x000000000000c6bc       0x3a /home/cerino/Uni/IOT/IotAssignment1/RIOTiotlab/bin/iotlab-m3/newlib_syscalls_default/syscalls.o
 .debug_macro   0x000000000000c6f6       0x16 /home/cerino/Uni/IOT/IotAssignment1/RIOTiotlab/bin/iotlab-m3/newlib_syscalls_default/syscalls.o
 .debug_macro   0x000000000000c70c       0x3c /home/cerino/Uni/IOT/IotAssignment1/RIOTiotlab/bin/iotlab-m3/newlib_syscalls_default/syscalls.o
 .debug_macro   0x000000000000c748       0x10 /home/cerino/Uni/IOT/IotAssignment1/RIOTiotlab/bin/iotlab-m3/newlib_syscalls_default/syscalls.o
 .debug_macro   0x000000000000c758       0x10 /home/cerino/Uni/IOT/IotAssignment1/RIOTiotlab/bin/iotlab-m3/newlib_syscalls_default/syscalls.o
 .debug_macro   0x000000000000c768      0x302 /home/cerino/Uni/IOT/IotAssignment1/RIOTiotlab/bin/iotlab-m3/core/sched.o
 .debug_macro   0x000000000000ca6a      0xad8 /home/cerino/Uni/IOT/IotAssignment1/RIOTiotlab/bin/iotlab-m3/core/sched.o
 .debug_macro   0x000000000000d542      0x16d /home/cerino/Uni/IOT/IotAssignment1/RIOTiotlab/bin/iotlab-m3/core/sched.o
 .debug_macro   0x000000000000d6af       0x4c /home/cerino/Uni/IOT/IotAssignment1/RIOTiotlab/bin/iotlab-m3/core/sched.o
 .debug_macro   0x000000000000d6fb       0x3a /home/cerino/Uni/IOT/IotAssignment1/RIOTiotlab/bin/iotlab-m3/core/sched.o
 .debug_macro   0x000000000000d735       0x43 /home/cerino/Uni/IOT/IotAssignment1/RIOTiotlab/bin/iotlab-m3/core/sched.o
 .debug_macro   0x000000000000d778       0xd6 /home/cerino/Uni/IOT/IotAssignment1/RIOTiotlab/bin/iotlab-m3/core/sched.o
 .debug_macro   0x000000000000d84e       0x2e /home/cerino/Uni/IOT/IotAssignment1/RIOTiotlab/bin/iotlab-m3/core/sched.o
 .debug_macro   0x000000000000d87c       0x1c /home/cerino/Uni/IOT/IotAssignment1/RIOTiotlab/bin/iotlab-m3/core/sched.o
 .debug_macro   0x000000000000d898      0x114 /home/cerino/Uni/IOT/IotAssignment1/RIOTiotlab/bin/iotlab-m3/core/sched.o
 .debug_macro   0x000000000000d9ac       0x22 /home/cerino/Uni/IOT/IotAssignment1/RIOTiotlab/bin/iotlab-m3/core/sched.o
 .debug_macro   0x000000000000d9ce      0x2e5 /home/cerino/Uni/IOT/IotAssignment1/RIOTiotlab/bin/iotlab-m3/cortexm_common/thread_arch.o
 .debug_macro   0x000000000000dcb3      0xad8 /home/cerino/Uni/IOT/IotAssignment1/RIOTiotlab/bin/iotlab-m3/cortexm_common/thread_arch.o
 .debug_macro   0x000000000000e78b       0x97 /home/cerino/Uni/IOT/IotAssignment1/RIOTiotlab/bin/iotlab-m3/cortexm_common/thread_arch.o
 .debug_macro   0x000000000000e822       0xf6 /home/cerino/Uni/IOT/IotAssignment1/RIOTiotlab/bin/iotlab-m3/cortexm_common/thread_arch.o
 .debug_macro   0x000000000000e918       0x1c /home/cerino/Uni/IOT/IotAssignment1/RIOTiotlab/bin/iotlab-m3/cortexm_common/thread_arch.o
 .debug_macro   0x000000000000e934      0x34d /home/cerino/Uni/IOT/IotAssignment1/RIOTiotlab/bin/iotlab-m3/cortexm_common/vectors_cortexm.o
 .debug_macro   0x000000000000ec81      0xad8 /home/cerino/Uni/IOT/IotAssignment1/RIOTiotlab/bin/iotlab-m3/cortexm_common/vectors_cortexm.o
 .debug_macro   0x000000000000f759       0xbe /home/cerino/Uni/IOT/IotAssignment1/RIOTiotlab/bin/iotlab-m3/cortexm_common/vectors_cortexm.o
 .debug_macro   0x000000000000f817       0x16 /home/cerino/Uni/IOT/IotAssignment1/RIOTiotlab/bin/iotlab-m3/cortexm_common/vectors_cortexm.o
 .debug_macro   0x000000000000f82d       0x1c /home/cerino/Uni/IOT/IotAssignment1/RIOTiotlab/bin/iotlab-m3/cortexm_common/vectors_cortexm.o
 .debug_macro   0x000000000000f849      0x2d0 /home/cerino/Uni/IOT/IotAssignment1/RIOTiotlab/bin/iotlab-m3/cortexm_common/irq_arch.o
 .debug_macro   0x000000000000fb19      0xad8 /home/cerino/Uni/IOT/IotAssignment1/RIOTiotlab/bin/iotlab-m3/cortexm_common/irq_arch.o
 .debug_macro   0x00000000000105f1      0x3e8 /home/cerino/Uni/IOT/IotAssignment1/RIOTiotlab/bin/iotlab-m3/stdio_uart/stdio_uart.o
 .debug_macro   0x00000000000109d9      0xad8 /home/cerino/Uni/IOT/IotAssignment1/RIOTiotlab/bin/iotlab-m3/stdio_uart/stdio_uart.o
 .debug_macro   0x00000000000114b1      0x23b /home/cerino/Uni/IOT/IotAssignment1/RIOTiotlab/bin/iotlab-m3/stdio_uart/stdio_uart.o
 .debug_macro   0x00000000000116ec       0x16 /home/cerino/Uni/IOT/IotAssignment1/RIOTiotlab/bin/iotlab-m3/stdio_uart/stdio_uart.o
 .debug_macro   0x0000000000011702       0x10 /home/cerino/Uni/IOT/IotAssignment1/RIOTiotlab/bin/iotlab-m3/stdio_uart/stdio_uart.o
 .debug_macro   0x0000000000011712       0x10 /home/cerino/Uni/IOT/IotAssignment1/RIOTiotlab/bin/iotlab-m3/stdio_uart/stdio_uart.o
 .debug_macro   0x0000000000011722      0x35a /home/cerino/Uni/IOT/IotAssignment1/RIOTiotlab/bin/iotlab-m3/stm32_common_periph/uart.o
 .debug_macro   0x0000000000011a7c      0xad8 /home/cerino/Uni/IOT/IotAssignment1/RIOTiotlab/bin/iotlab-m3/stm32_common_periph/uart.o
 .debug_macro   0x0000000000012554      0x339 /home/cerino/Uni/IOT/IotAssignment1/RIOTiotlab/bin/iotlab-m3/stm32_common_periph/pm.o
 .debug_macro   0x000000000001288d      0xad8 /home/cerino/Uni/IOT/IotAssignment1/RIOTiotlab/bin/iotlab-m3/stm32_common_periph/pm.o
 .debug_macro   0x0000000000013365      0x278 /home/cerino/Uni/IOT/IotAssignment1/RIOTiotlab/bin/iotlab-m3/stm32_common_periph/pm.o
 .debug_macro   0x00000000000135dd      0x31d /home/cerino/Uni/IOT/IotAssignment1/RIOTiotlab/bin/iotlab-m3/stm32_common_periph/timer.o
 .debug_macro   0x00000000000138fa      0xad8 /home/cerino/Uni/IOT/IotAssignment1/RIOTiotlab/bin/iotlab-m3/stm32_common_periph/timer.o
 .debug_macro   0x00000000000143d2      0x3cf /home/cerino/Uni/IOT/IotAssignment1/RIOTiotlab/bin/iotlab-m3/xtimer/xtimer_core.o
 .debug_macro   0x00000000000147a1      0xad8 /home/cerino/Uni/IOT/IotAssignment1/RIOTiotlab/bin/iotlab-m3/xtimer/xtimer_core.o
 .debug_macro   0x0000000000015279       0x10 /home/cerino/Uni/IOT/IotAssignment1/RIOTiotlab/bin/iotlab-m3/xtimer/xtimer_core.o
 .debug_macro   0x0000000000015289       0x16 /home/cerino/Uni/IOT/IotAssignment1/RIOTiotlab/bin/iotlab-m3/xtimer/xtimer_core.o
 .debug_macro   0x000000000001529f      0x335 /home/cerino/Uni/IOT/IotAssignment1/RIOTiotlab/bin/iotlab-m3/boards_common_iotlab/board_init.o
 .debug_macro   0x00000000000155d4      0xad8 /home/cerino/Uni/IOT/IotAssignment1/RIOTiotlab/bin/iotlab-m3/boards_common_iotlab/board_init.o
 .debug_macro   0x00000000000160ac      0x364 /home/cerino/Uni/IOT/IotAssignment1/RIOTiotlab/bin/iotlab-m3/core/init.o
 .debug_macro   0x0000000000016410      0xad8 /home/cerino/Uni/IOT/IotAssignment1/RIOTiotlab/bin/iotlab-m3/core/init.o
 .debug_macro   0x0000000000016ee8      0x326 /home/cerino/Uni/IOT/IotAssignment1/RIOTiotlab/bin/iotlab-m3/core/panic.o
 .debug_macro   0x000000000001720e      0xad8 /home/cerino/Uni/IOT/IotAssignment1/RIOTiotlab/bin/iotlab-m3/core/panic.o
 .debug_macro   0x0000000000017ce6      0x30a /home/cerino/Uni/IOT/IotAssignment1/RIOTiotlab/bin/iotlab-m3/core/thread.o
 .debug_macro   0x0000000000017ff0      0xad8 /home/cerino/Uni/IOT/IotAssignment1/RIOTiotlab/bin/iotlab-m3/core/thread.o
 .debug_macro   0x0000000000018ac8       0xdc /home/cerino/Uni/IOT/IotAssignment1/RIOTiotlab/bin/iotlab-m3/core/thread.o
 .debug_macro   0x0000000000018ba4      0x2fe /home/cerino/Uni/IOT/IotAssignment1/RIOTiotlab/bin/iotlab-m3/cortexm_common_periph/pm.o
 .debug_macro   0x0000000000018ea2      0xad8 /home/cerino/Uni/IOT/IotAssignment1/RIOTiotlab/bin/iotlab-m3/cortexm_common_periph/pm.o
 .debug_macro   0x000000000001997a      0x359 /home/cerino/Uni/IOT/IotAssignment1/RIOTiotlab/bin/iotlab-m3/periph/gpio.o
 .debug_macro   0x0000000000019cd3      0xad8 /home/cerino/Uni/IOT/IotAssignment1/RIOTiotlab/bin/iotlab-m3/periph/gpio.o
 .debug_macro   0x000000000001a7ab      0x323 /home/cerino/Uni/IOT/IotAssignment1/RIOTiotlab/bin/iotlab-m3/pm_layered/pm.o
 .debug_macro   0x000000000001aace      0xad8 /home/cerino/Uni/IOT/IotAssignment1/RIOTiotlab/bin/iotlab-m3/pm_layered/pm.o
 .debug_macro   0x000000000001b5a6      0x33b /home/cerino/Uni/IOT/IotAssignment1/RIOTiotlab/bin/iotlab-m3/stm32_common/stmclk.o